------------------------------------------------------------------------------------------------------------------------

[2026-05-16 12:18:43 #1 store] 
Database 'C:\Users\Usuario\OneDrive\Escritorio\SI\Market26WebZerbitzuak\src\main\resources\products.temp' is opened by 23684@DESKTOP-C3ESJLV

[2026-05-16 12:18:43 #2 type] 
Type domain.Erabiltzailea is not enhanced.

[2026-05-16 12:18:43 #3 type] 
Type domain.User is not enhanced.

[2026-05-16 12:18:43 #4 type] 
Type domain.BalorazioProfila is not enhanced.

[2026-05-16 12:18:43 #5 type] 
Type domain.Saskia is not enhanced.

[2026-05-16 12:18:43 #6 type] 
Type domain.Eskaera is not enhanced.

[2026-05-16 12:18:43 #7 type] 
Type domain.Oferta is not enhanced.

[2026-05-16 12:18:43 #8 type] 
Type domain.Mugimendua is not enhanced.

[2026-05-16 12:18:43 #9 type] 
Type domain.Erreklamazioa is not enhanced.

[2026-05-16 12:18:43 #10 type] 
Type domain.DiruKontua is not enhanced.

[2026-05-16 12:18:43 #11 type] 
Type domain.Sale is not enhanced.

[2026-05-16 12:18:43 #12 type] 
Type domain.Admin is not enhanced.

[2026-05-16 12:18:43 #13 store] 
Database 'C:\Users\Usuario\OneDrive\Escritorio\SI\Market26WebZerbitzuak\src\main\resources\products.temp' is closed by 23684@DESKTOP-C3ESJLV

[2026-05-16 12:18:57 #14 store] 
Database 'C:\Users\Usuario\OneDrive\Escritorio\SI\Market26WebZerbitzuak\src\main\resources\products.temp' is opened by 23684@DESKTOP-C3ESJLV

[2026-05-16 12:18:57 #15 store] 
Database 'C:\Users\Usuario\OneDrive\Escritorio\SI\Market26WebZerbitzuak\src\main\resources\products.temp' is closed by 23684@DESKTOP-C3ESJLV

[2026-05-16 12:18:57 #16 store] 
Database 'C:\Users\Usuario\OneDrive\Escritorio\SI\Market26WebZerbitzuak\src\main\resources\products.temp' is opened by 23684@DESKTOP-C3ESJLV

[2026-05-16 12:18:57 #17 store] 
Database 'C:\Users\Usuario\OneDrive\Escritorio\SI\Market26WebZerbitzuak\src\main\resources\products.temp' is closed by 23684@DESKTOP-C3ESJLV

[2026-05-16 12:18:58 #18 store] 
Database 'C:\Users\Usuario\OneDrive\Escritorio\SI\Market26WebZerbitzuak\src\main\resources\products.temp' is opened by 23684@DESKTOP-C3ESJLV

[2026-05-16 12:18:58 #19 store] 
Database 'C:\Users\Usuario\OneDrive\Escritorio\SI\Market26WebZerbitzuak\src\main\resources\products.temp' is closed by 23684@DESKTOP-C3ESJLV

[2026-05-16 12:19:18 #20 store] 
Database 'C:\Users\Usuario\OneDrive\Escritorio\SI\Market26WebZerbitzuak\src\main\resources\products.temp' is opened by 23684@DESKTOP-C3ESJLV

[2026-05-16 12:19:18 #21 store] 
Database 'C:\Users\Usuario\OneDrive\Escritorio\SI\Market26WebZerbitzuak\src\main\resources\products.temp' is closed by 23684@DESKTOP-C3ESJLV

------------------------------------------------------------------------------------------------------------------------

[2026-05-16 12:26:26 #1 store] 
Database 'C:\Users\Usuario\OneDrive\Escritorio\SI\Market26WebZerbitzuak\src\main\resources\products.temp' is opened by 16376@DESKTOP-C3ESJLV

[2026-05-16 12:26:27 #2 type] 
Type domain.Erabiltzailea is not enhanced.

[2026-05-16 12:26:27 #3 type] 
Type domain.User is not enhanced.

[2026-05-16 12:26:27 #4 type] 
Type domain.BalorazioProfila is not enhanced.

[2026-05-16 12:26:27 #5 type] 
Type domain.Saskia is not enhanced.

[2026-05-16 12:26:27 #6 type] 
Type domain.Eskaera is not enhanced.

[2026-05-16 12:26:27 #7 type] 
Type domain.Oferta is not enhanced.

[2026-05-16 12:26:27 #8 type] 
Type domain.Mugimendua is not enhanced.

[2026-05-16 12:26:27 #9 type] 
Type domain.Erreklamazioa is not enhanced.

[2026-05-16 12:26:27 #10 type] 
Type domain.DiruKontua is not enhanced.

[2026-05-16 12:26:27 #11 type] 
Type domain.Sale is not enhanced.

[2026-05-16 12:26:27 #12 type] 
Type domain.Admin is not enhanced.

[2026-05-16 12:26:27 #13 store] 
Database 'C:\Users\Usuario\OneDrive\Escritorio\SI\Market26WebZerbitzuak\src\main\resources\products.temp' is closed by 16376@DESKTOP-C3ESJLV

[2026-05-16 12:26:42 #14 store] 
Database 'C:\Users\Usuario\OneDrive\Escritorio\SI\Market26WebZerbitzuak\src\main\resources\products.temp' is opened by 16376@DESKTOP-C3ESJLV

[2026-05-16 12:26:42 #15 store] 
Database 'C:\Users\Usuario\OneDrive\Escritorio\SI\Market26WebZerbitzuak\src\main\resources\products.temp' is closed by 16376@DESKTOP-C3ESJLV

[2026-05-16 12:26:42 #16 store] 
Database 'C:\Users\Usuario\OneDrive\Escritorio\SI\Market26WebZerbitzuak\src\main\resources\products.temp' is opened by 16376@DESKTOP-C3ESJLV

[2026-05-16 12:26:42 #17 store] 
Database 'C:\Users\Usuario\OneDrive\Escritorio\SI\Market26WebZerbitzuak\src\main\resources\products.temp' is closed by 16376@DESKTOP-C3ESJLV

[2026-05-16 12:26:47 #18 store] 
Database 'C:\Users\Usuario\OneDrive\Escritorio\SI\Market26WebZerbitzuak\src\main\resources\products.temp' is opened by 16376@DESKTOP-C3ESJLV

[2026-05-16 12:26:47 #19 store] 
Database 'C:\Users\Usuario\OneDrive\Escritorio\SI\Market26WebZerbitzuak\src\main\resources\products.temp' is closed by 16376@DESKTOP-C3ESJLV

[2026-05-16 12:26:49 #20 store] 
Database 'C:\Users\Usuario\OneDrive\Escritorio\SI\Market26WebZerbitzuak\src\main\resources\products.temp' is opened by 16376@DESKTOP-C3ESJLV

[2026-05-16 12:26:49 #21 store] 
Database 'C:\Users\Usuario\OneDrive\Escritorio\SI\Market26WebZerbitzuak\src\main\resources\products.temp' is closed by 16376@DESKTOP-C3ESJLV

[2026-05-16 12:26:49 #22 store] 
Database 'C:\Users\Usuario\OneDrive\Escritorio\SI\Market26WebZerbitzuak\src\main\resources\products.temp' is opened by 16376@DESKTOP-C3ESJLV

[2026-05-16 12:26:49 #23 store] 
Database 'C:\Users\Usuario\OneDrive\Escritorio\SI\Market26WebZerbitzuak\src\main\resources\products.temp' is closed by 16376@DESKTOP-C3ESJLV

[2026-05-16 12:26:53 #24 store] 
Database 'C:\Users\Usuario\OneDrive\Escritorio\SI\Market26WebZerbitzuak\src\main\resources\products.temp' is opened by 16376@DESKTOP-C3ESJLV

[2026-05-16 12:26:53 #25 store] 
Database 'C:\Users\Usuario\OneDrive\Escritorio\SI\Market26WebZerbitzuak\src\main\resources\products.temp' is closed by 16376@DESKTOP-C3ESJLV

[2026-05-16 12:26:53 #26 store] 
Database 'C:\Users\Usuario\OneDrive\Escritorio\SI\Market26WebZerbitzuak\src\main\resources\products.temp' is opened by 16376@DESKTOP-C3ESJLV

[2026-05-16 12:26:53 #27 store] 
Database 'C:\Users\Usuario\OneDrive\Escritorio\SI\Market26WebZerbitzuak\src\main\resources\products.temp' is closed by 16376@DESKTOP-C3ESJLV

[2026-05-16 12:26:55 #28 store] 
Database 'C:\Users\Usuario\OneDrive\Escritorio\SI\Market26WebZerbitzuak\src\main\resources\products.temp' is opened by 16376@DESKTOP-C3ESJLV

[2026-05-16 12:26:55 #29 store] 
Database 'C:\Users\Usuario\OneDrive\Escritorio\SI\Market26WebZerbitzuak\src\main\resources\products.temp' is closed by 16376@DESKTOP-C3ESJLV

[2026-05-16 12:26:55 #30 store] 
Database 'C:\Users\Usuario\OneDrive\Escritorio\SI\Market26WebZerbitzuak\src\main\resources\products.temp' is opened by 16376@DESKTOP-C3ESJLV

[2026-05-16 12:26:55 #31 store] 
Database 'C:\Users\Usuario\OneDrive\Escritorio\SI\Market26WebZerbitzuak\src\main\resources\products.temp' is closed by 16376@DESKTOP-C3ESJLV

[2026-05-16 12:26:55 #32 store] 
Database 'C:\Users\Usuario\OneDrive\Escritorio\SI\Market26WebZerbitzuak\src\main\resources\products.temp' is opened by 16376@DESKTOP-C3ESJLV

[2026-05-16 12:26:55 #33 store] 
Database 'C:\Users\Usuario\OneDrive\Escritorio\SI\Market26WebZerbitzuak\src\main\resources\products.temp' is closed by 16376@DESKTOP-C3ESJLV

[2026-05-16 12:26:55 #34 store] 
Database 'C:\Users\Usuario\OneDrive\Escritorio\SI\Market26WebZerbitzuak\src\main\resources\products.temp' is opened by 16376@DESKTOP-C3ESJLV

[2026-05-16 12:26:55 #35 store] 
Database 'C:\Users\Usuario\OneDrive\Escritorio\SI\Market26WebZerbitzuak\src\main\resources\products.temp' is closed by 16376@DESKTOP-C3ESJLV

[2026-05-16 12:27:09 #36 store] 
Database 'C:\Users\Usuario\OneDrive\Escritorio\SI\Market26WebZerbitzuak\src\main\resources\products.temp' is opened by 16376@DESKTOP-C3ESJLV

[2026-05-16 12:27:09 #37 store] 
Database 'C:\Users\Usuario\OneDrive\Escritorio\SI\Market26WebZerbitzuak\src\main\resources\products.temp' is closed by 16376@DESKTOP-C3ESJLV

------------------------------------------------------------------------------------------------------------------------

[2026-05-16 12:46:31 #1 store] 
Database 'C:\Users\Usuario\OneDrive\Escritorio\SI\Market26WebZerbitzuak\src\main\resources\products.temp' is opened by 28816@DESKTOP-C3ESJLV

[2026-05-16 12:46:31 #2 type] 
Type domain.Erabiltzailea is not enhanced.

[2026-05-16 12:46:31 #3 type] 
Type domain.User is not enhanced.

[2026-05-16 12:46:31 #4 type] 
Type domain.BalorazioProfila is not enhanced.

[2026-05-16 12:46:31 #5 type] 
Type domain.Saskia is not enhanced.

[2026-05-16 12:46:31 #6 type] 
Type domain.Eskaera is not enhanced.

[2026-05-16 12:46:31 #7 type] 
Type domain.Oferta is not enhanced.

[2026-05-16 12:46:31 #8 type] 
Type domain.Mugimendua is not enhanced.

[2026-05-16 12:46:31 #9 type] 
Type domain.Erreklamazioa is not enhanced.

[2026-05-16 12:46:31 #10 type] 
Type domain.DiruKontua is not enhanced.

[2026-05-16 12:46:31 #11 type] 
Type domain.Sale is not enhanced.

[2026-05-16 12:46:31 #12 type] 
Type domain.Admin is not enhanced.

[2026-05-16 12:46:31 #13 store] 
Database 'C:\Users\Usuario\OneDrive\Escritorio\SI\Market26WebZerbitzuak\src\main\resources\products.temp' is closed by 28816@DESKTOP-C3ESJLV

[2026-05-16 12:46:43 #14 store] 
Database 'C:\Users\Usuario\OneDrive\Escritorio\SI\Market26WebZerbitzuak\src\main\resources\products.temp' is opened by 28816@DESKTOP-C3ESJLV

[2026-05-16 12:46:43 #15 store] 
Database 'C:\Users\Usuario\OneDrive\Escritorio\SI\Market26WebZerbitzuak\src\main\resources\products.temp' is closed by 28816@DESKTOP-C3ESJLV

[2026-05-16 12:46:43 #16 store] 
Database 'C:\Users\Usuario\OneDrive\Escritorio\SI\Market26WebZerbitzuak\src\main\resources\products.temp' is opened by 28816@DESKTOP-C3ESJLV

[2026-05-16 12:46:43 #17 store] 
Database 'C:\Users\Usuario\OneDrive\Escritorio\SI\Market26WebZerbitzuak\src\main\resources\products.temp' is closed by 28816@DESKTOP-C3ESJLV

[2026-05-16 12:46:44 #18 store] 
Database 'C:\Users\Usuario\OneDrive\Escritorio\SI\Market26WebZerbitzuak\src\main\resources\products.temp' is opened by 28816@DESKTOP-C3ESJLV

[2026-05-16 12:46:44 #19 store] 
Database 'C:\Users\Usuario\OneDrive\Escritorio\SI\Market26WebZerbitzuak\src\main\resources\products.temp' is closed by 28816@DESKTOP-C3ESJLV

[2026-05-16 12:46:44 #20 store] 
Database 'C:\Users\Usuario\OneDrive\Escritorio\SI\Market26WebZerbitzuak\src\main\resources\products.temp' is opened by 28816@DESKTOP-C3ESJLV

[2026-05-16 12:46:44 #21 store] 
Database 'C:\Users\Usuario\OneDrive\Escritorio\SI\Market26WebZerbitzuak\src\main\resources\products.temp' is closed by 28816@DESKTOP-C3ESJLV

[2026-05-16 12:46:47 #22 store] 
Database 'C:\Users\Usuario\OneDrive\Escritorio\SI\Market26WebZerbitzuak\src\main\resources\products.temp' is opened by 28816@DESKTOP-C3ESJLV

[2026-05-16 12:46:47 #23 store] 
Database 'C:\Users\Usuario\OneDrive\Escritorio\SI\Market26WebZerbitzuak\src\main\resources\products.temp' is closed by 28816@DESKTOP-C3ESJLV

[2026-05-16 12:46:48 #24 store] 
Database 'C:\Users\Usuario\OneDrive\Escritorio\SI\Market26WebZerbitzuak\src\main\resources\products.temp' is opened by 28816@DESKTOP-C3ESJLV

[2026-05-16 12:46:48 #25 store] 
Database 'C:\Users\Usuario\OneDrive\Escritorio\SI\Market26WebZerbitzuak\src\main\resources\products.temp' is closed by 28816@DESKTOP-C3ESJLV

[2026-05-16 12:46:48 #26 store] 
Database 'C:\Users\Usuario\OneDrive\Escritorio\SI\Market26WebZerbitzuak\src\main\resources\products.temp' is opened by 28816@DESKTOP-C3ESJLV

[2026-05-16 12:46:48 #27 store] 
Database 'C:\Users\Usuario\OneDrive\Escritorio\SI\Market26WebZerbitzuak\src\main\resources\products.temp' is closed by 28816@DESKTOP-C3ESJLV

[2026-05-16 12:46:52 #28 store] 
Database 'C:\Users\Usuario\OneDrive\Escritorio\SI\Market26WebZerbitzuak\src\main\resources\products.temp' is opened by 28816@DESKTOP-C3ESJLV

[2026-05-16 12:46:52 #29 store] 
Database 'C:\Users\Usuario\OneDrive\Escritorio\SI\Market26WebZerbitzuak\src\main\resources\products.temp' is closed by 28816@DESKTOP-C3ESJLV

[2026-05-16 12:46:52 #30 store] 
Database 'C:\Users\Usuario\OneDrive\Escritorio\SI\Market26WebZerbitzuak\src\main\resources\products.temp' is opened by 28816@DESKTOP-C3ESJLV

[2026-05-16 12:46:52 #31 store] 
Database 'C:\Users\Usuario\OneDrive\Escritorio\SI\Market26WebZerbitzuak\src\main\resources\products.temp' is closed by 28816@DESKTOP-C3ESJLV

[2026-05-16 12:46:52 #32 store] 
Database 'C:\Users\Usuario\OneDrive\Escritorio\SI\Market26WebZerbitzuak\src\main\resources\products.temp' is opened by 28816@DESKTOP-C3ESJLV

[2026-05-16 12:46:52 #33 store] 
Database 'C:\Users\Usuario\OneDrive\Escritorio\SI\Market26WebZerbitzuak\src\main\resources\products.temp' is closed by 28816@DESKTOP-C3ESJLV

[2026-05-16 12:46:52 #34 store] 
Database 'C:\Users\Usuario\OneDrive\Escritorio\SI\Market26WebZerbitzuak\src\main\resources\products.temp' is opened by 28816@DESKTOP-C3ESJLV

[2026-05-16 12:46:52 #35 store] 
Database 'C:\Users\Usuario\OneDrive\Escritorio\SI\Market26WebZerbitzuak\src\main\resources\products.temp' is closed by 28816@DESKTOP-C3ESJLV

------------------------------------------------------------------------------------------------------------------------

[2026-05-16 12:48:39 #1 store] 
Database 'C:\Users\Usuario\OneDrive\Escritorio\SI\Market26WebZerbitzuak\src\main\resources\products.temp' is opened by 3124@DESKTOP-C3ESJLV

[2026-05-16 12:48:40 #2 type] 
Type domain.Erabiltzailea is not enhanced.

[2026-05-16 12:48:40 #3 type] 
Type domain.User is not enhanced.

[2026-05-16 12:48:40 #4 type] 
Type domain.BalorazioProfila is not enhanced.

[2026-05-16 12:48:40 #5 type] 
Type domain.Saskia is not enhanced.

[2026-05-16 12:48:40 #6 type] 
Type domain.Eskaera is not enhanced.

[2026-05-16 12:48:40 #7 type] 
Type domain.Oferta is not enhanced.

[2026-05-16 12:48:40 #8 type] 
Type domain.Mugimendua is not enhanced.

[2026-05-16 12:48:40 #9 type] 
Type domain.Erreklamazioa is not enhanced.

[2026-05-16 12:48:40 #10 type] 
Type domain.DiruKontua is not enhanced.

[2026-05-16 12:48:40 #11 type] 
Type domain.Sale is not enhanced.

[2026-05-16 12:48:40 #12 type] 
Type domain.Admin is not enhanced.

[2026-05-16 12:48:40 #13 store] 
Database 'C:\Users\Usuario\OneDrive\Escritorio\SI\Market26WebZerbitzuak\src\main\resources\products.temp' is closed by 3124@DESKTOP-C3ESJLV

------------------------------------------------------------------------------------------------------------------------

[2026-05-16 12:57:17 #1 store] 
Database 'C:\Users\Usuario\OneDrive\Escritorio\SI\Market26WebZerbitzuak\src\main\resources\products.temp' is opened by 19832@DESKTOP-C3ESJLV

[2026-05-16 12:57:17 #2 type] 
Type domain.Erabiltzailea is not enhanced.

[2026-05-16 12:57:17 #3 type] 
Type domain.User is not enhanced.

[2026-05-16 12:57:17 #4 type] 
Type domain.BalorazioProfila is not enhanced.

[2026-05-16 12:57:17 #5 type] 
Type domain.Saskia is not enhanced.

[2026-05-16 12:57:17 #6 type] 
Type domain.Eskaera is not enhanced.

[2026-05-16 12:57:17 #7 type] 
Type domain.Oferta is not enhanced.

[2026-05-16 12:57:17 #8 type] 
Type domain.Mugimendua is not enhanced.

[2026-05-16 12:57:17 #9 type] 
Type domain.Erreklamazioa is not enhanced.

[2026-05-16 12:57:17 #10 type] 
Type domain.DiruKontua is not enhanced.

[2026-05-16 12:57:17 #11 type] 
Type domain.Sale is not enhanced.

[2026-05-16 12:57:17 #12 type] 
Type domain.Admin is not enhanced.

[2026-05-16 12:57:17 #13 store] 
Database 'C:\Users\Usuario\OneDrive\Escritorio\SI\Market26WebZerbitzuak\src\main\resources\products.temp' is closed by 19832@DESKTOP-C3ESJLV

[2026-05-16 12:57:30 #14 store] 
Database 'C:\Users\Usuario\OneDrive\Escritorio\SI\Market26WebZerbitzuak\src\main\resources\products.temp' is opened by 19832@DESKTOP-C3ESJLV

[2026-05-16 12:57:30 #15 store] 
Database 'C:\Users\Usuario\OneDrive\Escritorio\SI\Market26WebZerbitzuak\src\main\resources\products.temp' is closed by 19832@DESKTOP-C3ESJLV

[2026-05-16 12:57:30 #16 store] 
Database 'C:\Users\Usuario\OneDrive\Escritorio\SI\Market26WebZerbitzuak\src\main\resources\products.temp' is opened by 19832@DESKTOP-C3ESJLV

[2026-05-16 12:57:30 #17 store] 
Database 'C:\Users\Usuario\OneDrive\Escritorio\SI\Market26WebZerbitzuak\src\main\resources\products.temp' is closed by 19832@DESKTOP-C3ESJLV

[2026-05-16 12:57:32 #18 store] 
Database 'C:\Users\Usuario\OneDrive\Escritorio\SI\Market26WebZerbitzuak\src\main\resources\products.temp' is opened by 19832@DESKTOP-C3ESJLV

[2026-05-16 12:57:32 #19 store] 
Database 'C:\Users\Usuario\OneDrive\Escritorio\SI\Market26WebZerbitzuak\src\main\resources\products.temp' is closed by 19832@DESKTOP-C3ESJLV

[2026-05-16 12:57:34 #20 store] 
Database 'C:\Users\Usuario\OneDrive\Escritorio\SI\Market26WebZerbitzuak\src\main\resources\products.temp' is opened by 19832@DESKTOP-C3ESJLV

[2026-05-16 12:57:34 #21 store] 
Database 'C:\Users\Usuario\OneDrive\Escritorio\SI\Market26WebZerbitzuak\src\main\resources\products.temp' is closed by 19832@DESKTOP-C3ESJLV

[2026-05-16 12:57:34 #22 store] 
Database 'C:\Users\Usuario\OneDrive\Escritorio\SI\Market26WebZerbitzuak\src\main\resources\products.temp' is opened by 19832@DESKTOP-C3ESJLV

[2026-05-16 12:57:34 #23 store] 
Database 'C:\Users\Usuario\OneDrive\Escritorio\SI\Market26WebZerbitzuak\src\main\resources\products.temp' is closed by 19832@DESKTOP-C3ESJLV

[2026-05-16 12:57:39 #24 store] 
Database 'C:\Users\Usuario\OneDrive\Escritorio\SI\Market26WebZerbitzuak\src\main\resources\products.temp' is opened by 19832@DESKTOP-C3ESJLV

[2026-05-16 12:57:39 #25 store] 
Database 'C:\Users\Usuario\OneDrive\Escritorio\SI\Market26WebZerbitzuak\src\main\resources\products.temp' is closed by 19832@DESKTOP-C3ESJLV

[2026-05-16 12:57:39 #26 store] 
Database 'C:\Users\Usuario\OneDrive\Escritorio\SI\Market26WebZerbitzuak\src\main\resources\products.temp' is opened by 19832@DESKTOP-C3ESJLV

[2026-05-16 12:57:39 #27 store] 
Database 'C:\Users\Usuario\OneDrive\Escritorio\SI\Market26WebZerbitzuak\src\main\resources\products.temp' is closed by 19832@DESKTOP-C3ESJLV

[2026-05-16 12:57:40 #28 store] 
Database 'C:\Users\Usuario\OneDrive\Escritorio\SI\Market26WebZerbitzuak\src\main\resources\products.temp' is opened by 19832@DESKTOP-C3ESJLV

[2026-05-16 12:57:40 #29 store] 
Database 'C:\Users\Usuario\OneDrive\Escritorio\SI\Market26WebZerbitzuak\src\main\resources\products.temp' is closed by 19832@DESKTOP-C3ESJLV

[2026-05-16 12:57:40 #30 store] 
Database 'C:\Users\Usuario\OneDrive\Escritorio\SI\Market26WebZerbitzuak\src\main\resources\products.temp' is opened by 19832@DESKTOP-C3ESJLV

[2026-05-16 12:57:40 #31 store] 
Database 'C:\Users\Usuario\OneDrive\Escritorio\SI\Market26WebZerbitzuak\src\main\resources\products.temp' is closed by 19832@DESKTOP-C3ESJLV

[2026-05-16 12:57:40 #32 store] 
Database 'C:\Users\Usuario\OneDrive\Escritorio\SI\Market26WebZerbitzuak\src\main\resources\products.temp' is opened by 19832@DESKTOP-C3ESJLV

[2026-05-16 12:57:40 #33 store] 
Database 'C:\Users\Usuario\OneDrive\Escritorio\SI\Market26WebZerbitzuak\src\main\resources\products.temp' is closed by 19832@DESKTOP-C3ESJLV

[2026-05-16 12:57:40 #34 store] 
Database 'C:\Users\Usuario\OneDrive\Escritorio\SI\Market26WebZerbitzuak\src\main\resources\products.temp' is opened by 19832@DESKTOP-C3ESJLV

[2026-05-16 12:57:40 #35 store] 
Database 'C:\Users\Usuario\OneDrive\Escritorio\SI\Market26WebZerbitzuak\src\main\resources\products.temp' is closed by 19832@DESKTOP-C3ESJLV

[2026-05-16 12:57:44 #36 store] 
Database 'C:\Users\Usuario\OneDrive\Escritorio\SI\Market26WebZerbitzuak\src\main\resources\products.temp' is opened by 19832@DESKTOP-C3ESJLV

[2026-05-16 12:57:44 #37 store] 
Database 'C:\Users\Usuario\OneDrive\Escritorio\SI\Market26WebZerbitzuak\src\main\resources\products.temp' is closed by 19832@DESKTOP-C3ESJLV

[2026-05-16 12:57:46 #38 store] 
Database 'C:\Users\Usuario\OneDrive\Escritorio\SI\Market26WebZerbitzuak\src\main\resources\products.temp' is opened by 19832@DESKTOP-C3ESJLV

[2026-05-16 12:57:46 #39 store] 
Database 'C:\Users\Usuario\OneDrive\Escritorio\SI\Market26WebZerbitzuak\src\main\resources\products.temp' is closed by 19832@DESKTOP-C3ESJLV

