------------------------------------------------------------------------------------------------------------------------

[2026-05-09 15:22:44 #1 store] 
Database 'C:\Users\oiera\git\Market26\src\main\resources\products.temp' is opened by 13100@ASUS-Oier

[2026-05-09 15:22:44 #2 type] 
Type domain.Erabiltzailea is not enhanced.

[2026-05-09 15:22:44 #3 type] 
Type domain.User is not enhanced.

[2026-05-09 15:22:44 #4 type] 
Type domain.BalorazioProfila is not enhanced.

[2026-05-09 15:22:44 #5 type] 
Type domain.Saskia is not enhanced.

[2026-05-09 15:22:44 #6 type] 
Type domain.Eskaera is not enhanced.

[2026-05-09 15:22:44 #7 type] 
Type domain.Oferta is not enhanced.

[2026-05-09 15:22:44 #8 type] 
Type domain.Mugimendua is not enhanced.

[2026-05-09 15:22:44 #9 type] 
Type domain.Erreklamazioa is not enhanced.

[2026-05-09 15:22:44 #10 type] 
Type domain.DiruKontua is not enhanced.

[2026-05-09 15:22:44 #11 type] 
Type domain.Sale is not enhanced.

[2026-05-09 15:22:44 #12 type] 
Type domain.Admin is not enhanced.

[2026-05-09 15:22:44 #13 store] 
Database 'C:\Users\oiera\git\Market26\src\main\resources\products.temp' is closed by 13100@ASUS-Oier

------------------------------------------------------------------------------------------------------------------------

[2026-05-09 15:22:48 #1 store] 
Database 'C:\Users\oiera\git\Market26\src\main\resources\products.temp' is opened by 21564@ASUS-Oier

[2026-05-09 15:22:48 #2 type] 
Type domain.Erabiltzailea is not enhanced.

[2026-05-09 15:22:48 #3 type] 
Type domain.User is not enhanced.

[2026-05-09 15:22:48 #4 type] 
Type domain.BalorazioProfila is not enhanced.

[2026-05-09 15:22:48 #5 type] 
Type domain.Saskia is not enhanced.

[2026-05-09 15:22:48 #6 type] 
Type domain.Eskaera is not enhanced.

[2026-05-09 15:22:48 #7 type] 
Type domain.Oferta is not enhanced.

[2026-05-09 15:22:48 #8 type] 
Type domain.Mugimendua is not enhanced.

[2026-05-09 15:22:48 #9 type] 
Type domain.Erreklamazioa is not enhanced.

[2026-05-09 15:22:48 #10 type] 
Type domain.DiruKontua is not enhanced.

[2026-05-09 15:22:48 #11 type] 
Type domain.Sale is not enhanced.

[2026-05-09 15:22:48 #12 type] 
Type domain.Admin is not enhanced.

[2026-05-09 15:22:48 #13 store] 
Database 'C:\Users\oiera\git\Market26\src\main\resources\products.temp' is closed by 21564@ASUS-Oier

[2026-05-09 15:22:58 #14 store] 
Database 'C:\Users\oiera\git\Market26\src\main\resources\products.temp' is opened by 13100@ASUS-Oier

[2026-05-09 15:22:58 #15 store] 
Database 'C:\Users\oiera\git\Market26\src\main\resources\products.temp' is closed by 13100@ASUS-Oier

[2026-05-09 15:23:12 #14 store] 
Database 'C:\Users\oiera\git\Market26\src\main\resources\products.temp' is opened by 21564@ASUS-Oier

[2026-05-09 15:23:12 #15 store] 
Database 'C:\Users\oiera\git\Market26\src\main\resources\products.temp' is closed by 21564@ASUS-Oier

[2026-05-09 15:23:31 #16 store] 
Database 'C:\Users\oiera\git\Market26\src\main\resources\products.temp' is opened by 13100@ASUS-Oier

[2026-05-09 15:23:32 #17 store] 
Database 'C:\Users\oiera\git\Market26\src\main\resources\products.temp' is closed by 13100@ASUS-Oier

[2026-05-09 15:23:36 #16 store] 
Database 'C:\Users\oiera\git\Market26\src\main\resources\products.temp' is opened by 21564@ASUS-Oier

[2026-05-09 15:23:36 #17 store] 
Database 'C:\Users\oiera\git\Market26\src\main\resources\products.temp' is closed by 21564@ASUS-Oier

[2026-05-09 15:23:56 #18 store] 
Database 'C:\Users\oiera\git\Market26\src\main\resources\products.temp' is opened by 21564@ASUS-Oier

[2026-05-09 15:23:56 #19 store] 
Database 'C:\Users\oiera\git\Market26\src\main\resources\products.temp' is closed by 21564@ASUS-Oier

[2026-05-09 15:23:57 #18 store] 
Database 'C:\Users\oiera\git\Market26\src\main\resources\products.temp' is opened by 13100@ASUS-Oier

[2026-05-09 15:23:57 #19 store] 
Database 'C:\Users\oiera\git\Market26\src\main\resources\products.temp' is closed by 13100@ASUS-Oier

------------------------------------------------------------------------------------------------------------------------

[2026-05-09 15:38:42 #1 store] 
Database 'C:\Users\oiera\git\Market26\src\main\resources\products.temp' is opened by 7720@ASUS-Oier

[2026-05-09 15:38:42 #2 type] 
Type domain.Erabiltzailea is not enhanced.

[2026-05-09 15:38:42 #3 type] 
Type domain.User is not enhanced.

[2026-05-09 15:38:42 #4 type] 
Type domain.BalorazioProfila is not enhanced.

[2026-05-09 15:38:42 #5 type] 
Type domain.Saskia is not enhanced.

[2026-05-09 15:38:42 #6 type] 
Type domain.Eskaera is not enhanced.

[2026-05-09 15:38:42 #7 type] 
Type domain.Oferta is not enhanced.

[2026-05-09 15:38:42 #8 type] 
Type domain.Mugimendua is not enhanced.

[2026-05-09 15:38:42 #9 type] 
Type domain.Erreklamazioa is not enhanced.

[2026-05-09 15:38:42 #10 type] 
Type domain.DiruKontua is not enhanced.

[2026-05-09 15:38:42 #11 type] 
Type domain.Sale is not enhanced.

[2026-05-09 15:38:42 #12 type] 
Type domain.Admin is not enhanced.

[2026-05-09 15:38:42 #13 store] 
Database 'C:\Users\oiera\git\Market26\src\main\resources\products.temp' is closed by 7720@ASUS-Oier

------------------------------------------------------------------------------------------------------------------------

[2026-05-09 15:39:04 #1 store] 
Database 'C:\Users\oiera\git\Market26\src\main\resources\products.temp' is opened by 21996@ASUS-Oier

[2026-05-09 15:39:04 #2 type] 
Type domain.Erabiltzailea is not enhanced.

[2026-05-09 15:39:04 #3 type] 
Type domain.User is not enhanced.

[2026-05-09 15:39:04 #4 type] 
Type domain.BalorazioProfila is not enhanced.

[2026-05-09 15:39:04 #5 type] 
Type domain.Saskia is not enhanced.

[2026-05-09 15:39:04 #6 type] 
Type domain.Eskaera is not enhanced.

[2026-05-09 15:39:04 #7 type] 
Type domain.Oferta is not enhanced.

[2026-05-09 15:39:04 #8 type] 
Type domain.Mugimendua is not enhanced.

[2026-05-09 15:39:04 #9 type] 
Type domain.Erreklamazioa is not enhanced.

[2026-05-09 15:39:04 #10 type] 
Type domain.DiruKontua is not enhanced.

[2026-05-09 15:39:04 #11 type] 
Type domain.Sale is not enhanced.

[2026-05-09 15:39:04 #12 type] 
Type domain.Admin is not enhanced.

[2026-05-09 15:39:04 #13 store] 
Database 'C:\Users\oiera\git\Market26\src\main\resources\products.temp' is closed by 21996@ASUS-Oier

------------------------------------------------------------------------------------------------------------------------

[2026-05-09 15:41:09 #1 store] 
Database 'C:\Users\oiera\git\Market26\src\main\resources\products.temp' is opened by 19972@ASUS-Oier

[2026-05-09 15:41:09 #2 type] 
Type domain.Erabiltzailea is not enhanced.

[2026-05-09 15:41:09 #3 type] 
Type domain.User is not enhanced.

[2026-05-09 15:41:09 #4 type] 
Type domain.BalorazioProfila is not enhanced.

[2026-05-09 15:41:09 #5 type] 
Type domain.Saskia is not enhanced.

[2026-05-09 15:41:09 #6 type] 
Type domain.Eskaera is not enhanced.

------------------------------------------------------------------------------------------------------------------------

[2026-05-09 15:42:20 #1 store] 
Database 'C:\Users\oiera\git\Market26\src\main\resources\products.temp' is opened by 16620@ASUS-Oier

[2026-05-09 15:42:20 #2 type] 
Type domain.Erabiltzailea is not enhanced.

[2026-05-09 15:42:20 #3 type] 
Type domain.User is not enhanced.

[2026-05-09 15:42:20 #4 type] 
Type domain.BalorazioProfila is not enhanced.

[2026-05-09 15:42:20 #5 type] 
Type domain.Saskia is not enhanced.

[2026-05-09 15:42:20 #6 type] 
Type domain.Eskaera is not enhanced.

[2026-05-09 15:42:20 #7 type] 
Type domain.Oferta is not enhanced.

[2026-05-09 15:42:20 #8 type] 
Type domain.Mugimendua is not enhanced.

[2026-05-09 15:42:20 #9 type] 
Type domain.Erreklamazioa is not enhanced.

[2026-05-09 15:42:20 #10 type] 
Type domain.DiruKontua is not enhanced.

[2026-05-09 15:42:20 #11 type] 
Type domain.Sale is not enhanced.

[2026-05-09 15:42:20 #12 type] 
Type domain.Admin is not enhanced.

------------------------------------------------------------------------------------------------------------------------

[2026-05-09 15:44:57 #1 store] 
Database 'C:\Users\oiera\git\Market26\src\main\resources\products.temp' is opened by 1916@ASUS-Oier

[2026-05-09 15:44:57 #2 type] 
Type domain.Erabiltzailea is not enhanced.

[2026-05-09 15:44:57 #3 type] 
Type domain.User is not enhanced.

[2026-05-09 15:44:57 #4 type] 
Type domain.BalorazioProfila is not enhanced.

[2026-05-09 15:44:57 #5 type] 
Type domain.Saskia is not enhanced.

[2026-05-09 15:44:57 #6 type] 
Type domain.Eskaera is not enhanced.

[2026-05-09 15:44:57 #7 type] 
Type domain.Oferta is not enhanced.

[2026-05-09 15:44:57 #8 type] 
Type domain.Mugimendua is not enhanced.

[2026-05-09 15:44:57 #9 type] 
Type domain.Erreklamazioa is not enhanced.

[2026-05-09 15:44:57 #10 type] 
Type domain.DiruKontua is not enhanced.

[2026-05-09 15:44:57 #11 type] 
Type domain.Sale is not enhanced.

[2026-05-09 15:44:57 #12 type] 
Type domain.Admin is not enhanced.

------------------------------------------------------------------------------------------------------------------------

[2026-05-09 15:45:16 #1 store] 
Database 'C:\Users\oiera\git\Market26\src\main\resources\products.temp' is opened by 22092@ASUS-Oier

[2026-05-09 15:45:16 #2 type] 
Type domain.Erabiltzailea is not enhanced.

[2026-05-09 15:45:16 #3 type] 
Type domain.User is not enhanced.

[2026-05-09 15:45:16 #4 type] 
Type domain.BalorazioProfila is not enhanced.

[2026-05-09 15:45:16 #5 type] 
Type domain.Saskia is not enhanced.

[2026-05-09 15:45:16 #6 type] 
Type domain.Eskaera is not enhanced.

[2026-05-09 15:45:16 #7 type] 
Type domain.Oferta is not enhanced.

[2026-05-09 15:45:16 #8 type] 
Type domain.Mugimendua is not enhanced.

[2026-05-09 15:45:16 #9 type] 
Type domain.Erreklamazioa is not enhanced.

[2026-05-09 15:45:16 #10 type] 
Type domain.DiruKontua is not enhanced.

[2026-05-09 15:45:16 #11 type] 
Type domain.Sale is not enhanced.

[2026-05-09 15:45:16 #12 type] 
Type domain.Admin is not enhanced.

------------------------------------------------------------------------------------------------------------------------

[2026-05-09 15:46:23 #1 store] 
Database 'C:\Users\oiera\git\Market26\src\main\resources\products.temp' is opened by 15844@ASUS-Oier

[2026-05-09 15:46:24 #2 type] 
Type domain.Erabiltzailea is not enhanced.

[2026-05-09 15:46:24 #3 type] 
Type domain.User is not enhanced.

[2026-05-09 15:46:24 #4 type] 
Type domain.BalorazioProfila is not enhanced.

[2026-05-09 15:46:24 #5 type] 
Type domain.Saskia is not enhanced.

[2026-05-09 15:46:24 #6 type] 
Type domain.Eskaera is not enhanced.

[2026-05-09 15:46:24 #7 type] 
Type domain.Oferta is not enhanced.

[2026-05-09 15:46:24 #8 type] 
Type domain.Mugimendua is not enhanced.

[2026-05-09 15:46:24 #9 type] 
Type domain.Erreklamazioa is not enhanced.

[2026-05-09 15:46:24 #10 type] 
Type domain.DiruKontua is not enhanced.

[2026-05-09 15:46:24 #11 type] 
Type domain.Sale is not enhanced.

[2026-05-09 15:46:24 #12 type] 
Type domain.Admin is not enhanced.

------------------------------------------------------------------------------------------------------------------------

[2026-05-09 15:48:41 #1 store] 
Database 'C:\Users\oiera\git\Market26\src\main\resources\products.temp' is opened by 1512@ASUS-Oier

[2026-05-09 15:48:41 #2 type] 
Type domain.Erabiltzailea is not enhanced.

[2026-05-09 15:48:42 #3 type] 
Type domain.User is not enhanced.

[2026-05-09 15:48:42 #4 type] 
Type domain.BalorazioProfila is not enhanced.

[2026-05-09 15:48:42 #5 type] 
Type domain.Saskia is not enhanced.

[2026-05-09 15:48:42 #6 type] 
Type domain.Eskaera is not enhanced.

[2026-05-09 15:48:42 #7 type] 
Type domain.Oferta is not enhanced.

[2026-05-09 15:48:42 #8 type] 
Type domain.Mugimendua is not enhanced.

[2026-05-09 15:48:42 #9 type] 
Type domain.Erreklamazioa is not enhanced.

[2026-05-09 15:48:42 #10 type] 
Type domain.DiruKontua is not enhanced.

[2026-05-09 15:48:42 #11 type] 
Type domain.Sale is not enhanced.

[2026-05-09 15:48:42 #12 type] 
Type domain.Admin is not enhanced.

------------------------------------------------------------------------------------------------------------------------

[2026-05-09 15:49:16 #1 store] 
Database 'C:\Users\oiera\git\Market26\src\main\resources\products.temp' is opened by 14424@ASUS-Oier

[2026-05-09 15:49:16 #2 type] 
Type domain.Erabiltzailea is not enhanced.

[2026-05-09 15:49:16 #3 type] 
Type domain.User is not enhanced.

[2026-05-09 15:49:16 #4 type] 
Type domain.BalorazioProfila is not enhanced.

[2026-05-09 15:49:16 #5 type] 
Type domain.Saskia is not enhanced.

[2026-05-09 15:49:16 #6 type] 
Type domain.Eskaera is not enhanced.

[2026-05-09 15:49:16 #7 type] 
Type domain.Oferta is not enhanced.

[2026-05-09 15:49:16 #8 type] 
Type domain.Mugimendua is not enhanced.

[2026-05-09 15:49:16 #9 type] 
Type domain.Erreklamazioa is not enhanced.

[2026-05-09 15:49:16 #10 type] 
Type domain.DiruKontua is not enhanced.

[2026-05-09 15:49:16 #11 type] 
Type domain.Sale is not enhanced.

[2026-05-09 15:49:16 #12 type] 
Type domain.Admin is not enhanced.

------------------------------------------------------------------------------------------------------------------------

[2026-05-09 15:49:37 #1 store] 
Database 'C:\Users\oiera\git\Market26\src\main\resources\products.temp' is opened by 5828@ASUS-Oier

[2026-05-09 15:49:37 #2 type] 
Type domain.Erabiltzailea is not enhanced.

[2026-05-09 15:49:37 #3 type] 
Type domain.User is not enhanced.

[2026-05-09 15:49:37 #4 type] 
Type domain.BalorazioProfila is not enhanced.

[2026-05-09 15:49:37 #5 type] 
Type domain.Saskia is not enhanced.

[2026-05-09 15:49:37 #6 type] 
Type domain.Eskaera is not enhanced.

[2026-05-09 15:49:37 #7 type] 
Type domain.Oferta is not enhanced.

[2026-05-09 15:49:37 #8 type] 
Type domain.Mugimendua is not enhanced.

[2026-05-09 15:49:37 #9 type] 
Type domain.Erreklamazioa is not enhanced.

[2026-05-09 15:49:37 #10 type] 
Type domain.DiruKontua is not enhanced.

[2026-05-09 15:49:37 #11 type] 
Type domain.Sale is not enhanced.

[2026-05-09 15:49:37 #12 type] 
Type domain.Admin is not enhanced.

------------------------------------------------------------------------------------------------------------------------

[2026-05-09 15:52:23 #1 store] 
Database 'C:\Users\oiera\git\Market26\src\main\resources\products.temp' is opened by 13112@ASUS-Oier

[2026-05-09 15:52:23 #2 type] 
Type domain.Erabiltzailea is not enhanced.

[2026-05-09 15:52:23 #3 type] 
Type domain.User is not enhanced.

[2026-05-09 15:52:23 #4 type] 
Type domain.BalorazioProfila is not enhanced.

[2026-05-09 15:52:23 #5 type] 
Type domain.Saskia is not enhanced.

[2026-05-09 15:52:23 #6 type] 
Type domain.Eskaera is not enhanced.

[2026-05-09 15:52:23 #7 type] 
Type domain.Oferta is not enhanced.

[2026-05-09 15:52:23 #8 type] 
Type domain.Mugimendua is not enhanced.

[2026-05-09 15:52:23 #9 type] 
Type domain.Erreklamazioa is not enhanced.

[2026-05-09 15:52:23 #10 type] 
Type domain.DiruKontua is not enhanced.

[2026-05-09 15:52:23 #11 type] 
Type domain.Sale is not enhanced.

[2026-05-09 15:52:23 #12 type] 
Type domain.Admin is not enhanced.

------------------------------------------------------------------------------------------------------------------------

[2026-05-09 15:54:28 #1 store] 
Database 'C:\Users\oiera\git\Market26\src\main\resources\products.temp' is opened by 8240@ASUS-Oier

[2026-05-09 15:54:28 #2 type] 
Type domain.Erabiltzailea is not enhanced.

[2026-05-09 15:54:28 #3 type] 
Type domain.User is not enhanced.

[2026-05-09 15:54:28 #4 type] 
Type domain.BalorazioProfila is not enhanced.

[2026-05-09 15:54:28 #5 type] 
Type domain.Saskia is not enhanced.

[2026-05-09 15:54:28 #6 type] 
Type domain.Eskaera is not enhanced.

[2026-05-09 15:54:28 #7 type] 
Type domain.Oferta is not enhanced.

[2026-05-09 15:54:28 #8 type] 
Type domain.Mugimendua is not enhanced.

[2026-05-09 15:54:28 #9 type] 
Type domain.Erreklamazioa is not enhanced.

[2026-05-09 15:54:28 #10 type] 
Type domain.DiruKontua is not enhanced.

[2026-05-09 15:54:28 #11 type] 
Type domain.Sale is not enhanced.

[2026-05-09 15:54:28 #12 type] 
Type domain.Admin is not enhanced.

[2026-05-09 15:54:28 #13 store] 
Database 'C:\Users\oiera\git\Market26\src\main\resources\products.temp' is closed by 8240@ASUS-Oier

------------------------------------------------------------------------------------------------------------------------

[2026-05-09 15:55:17 #1 store] 
Database 'C:\Users\oiera\git\Market26\src\main\resources\products.temp' is opened by 3180@ASUS-Oier

[2026-05-09 15:55:18 #2 type.registry] 
New type domain.Erabiltzailea

[2026-05-09 15:55:18 #3 type.registry] 
New type domain.User

[2026-05-09 15:55:18 #4 type] 
Type domain.Erabiltzailea is not enhanced.

[2026-05-09 15:55:18 #5 type] 
Type domain.User is not enhanced.

[2026-05-09 15:55:18 #6 type.registry] 
New type domain.BalorazioProfila

[2026-05-09 15:55:18 #7 type.registry] 
New type domain.Saskia

[2026-05-09 15:55:18 #8 type.registry] 
New type domain.Eskaera

[2026-05-09 15:55:18 #9 type.registry] 
New type domain.Oferta

[2026-05-09 15:55:18 #10 type.registry] 
New type domain.Mugimendua

[2026-05-09 15:55:18 #11 type.registry] 
New type domain.Erreklamazioa

[2026-05-09 15:55:18 #12 type.registry] 
New type domain.DiruKontua

[2026-05-09 15:55:18 #13 type.registry] 
New type domain.Sale

[2026-05-09 15:55:18 #14 type] 
Type domain.BalorazioProfila is not enhanced.

[2026-05-09 15:55:18 #15 type] 
Type domain.Saskia is not enhanced.

[2026-05-09 15:55:18 #16 type] 
Type domain.Eskaera is not enhanced.

[2026-05-09 15:55:18 #17 type] 
Type domain.Oferta is not enhanced.

[2026-05-09 15:55:18 #18 type] 
Type domain.Mugimendua is not enhanced.

[2026-05-09 15:55:18 #19 type] 
Type domain.Erreklamazioa is not enhanced.

[2026-05-09 15:55:18 #20 type] 
Type domain.DiruKontua is not enhanced.

[2026-05-09 15:55:18 #21 type] 
Type domain.Sale is not enhanced.

[2026-05-09 15:55:18 #22 type.registry] 
New type domain.Admin

[2026-05-09 15:55:18 #23 type] 
Type domain.Admin is not enhanced.

[2026-05-09 15:55:18 #24 type.registry] 
New type java.util.ArrayList<java.lang.Object>

[2026-05-09 15:55:18 #25 type.registry] 
New type java.util.ArrayList<domain.Sale>

[2026-05-09 15:55:18 #26 type.registry] 
New type java.util.ArrayList<domain.DiruKontua>

[2026-05-09 15:55:18 #27 type.registry] 
New type java.util.ArrayList<domain.Erreklamazioa>

[2026-05-09 15:55:18 #28 type.registry] 
New type java.util.ArrayList<domain.Mugimendua>

[2026-05-09 15:55:18 #29 type.registry] 
New type java.util.ArrayList<domain.Oferta>

[2026-05-09 15:55:18 #30 type.registry] 
New type java.util.ArrayList<domain.Eskaera>

[2026-05-09 15:55:18 #31 type.registry] 
New type java.util.ArrayList<domain.Saskia>

[2026-05-09 15:55:18 #32 type.registry] 
New type java.util.ArrayList<domain.BalorazioProfila>

[2026-05-09 15:55:18 #33 store] 
Database 'C:\Users\oiera\git\Market26\src\main\resources\products.temp' is closed by 3180@ASUS-Oier

------------------------------------------------------------------------------------------------------------------------

[2026-05-09 15:57:27 #1 store] 
Database 'C:\Users\oiera\git\Market26\src\main\resources\products.temp' is opened by 13452@ASUS-Oier

[2026-05-09 15:57:27 #2 type] 
Type domain.Erabiltzailea is not enhanced.

[2026-05-09 15:57:27 #3 type] 
Type domain.User is not enhanced.

[2026-05-09 15:57:27 #4 type] 
Type domain.BalorazioProfila is not enhanced.

[2026-05-09 15:57:27 #5 type] 
Type domain.Saskia is not enhanced.

[2026-05-09 15:57:27 #6 type] 
Type domain.Eskaera is not enhanced.

[2026-05-09 15:57:27 #7 type] 
Type domain.Oferta is not enhanced.

[2026-05-09 15:57:27 #8 type] 
Type domain.Mugimendua is not enhanced.

[2026-05-09 15:57:27 #9 type] 
Type domain.Erreklamazioa is not enhanced.

[2026-05-09 15:57:27 #10 type] 
Type domain.DiruKontua is not enhanced.

[2026-05-09 15:57:27 #11 type] 
Type domain.Sale is not enhanced.

[2026-05-09 15:57:27 #12 type] 
Type domain.Admin is not enhanced.

[2026-05-09 15:57:27 #13 store] 
Database 'C:\Users\oiera\git\Market26\src\main\resources\products.temp' is closed by 13452@ASUS-Oier

------------------------------------------------------------------------------------------------------------------------

[2026-05-09 15:58:06 #1 store] 
Database 'C:\Users\oiera\git\Market26\src\main\resources\products.temp' is opened by 11212@ASUS-Oier

[2026-05-09 15:58:06 #2 type] 
Type domain.Erabiltzailea is not enhanced.

[2026-05-09 15:58:06 #3 type] 
Type domain.User is not enhanced.

[2026-05-09 15:58:06 #4 type] 
Type domain.BalorazioProfila is not enhanced.

[2026-05-09 15:58:06 #5 type] 
Type domain.Saskia is not enhanced.

[2026-05-09 15:58:06 #6 type] 
Type domain.Eskaera is not enhanced.

[2026-05-09 15:58:06 #7 type] 
Type domain.Oferta is not enhanced.

[2026-05-09 15:58:06 #8 type] 
Type domain.Mugimendua is not enhanced.

[2026-05-09 15:58:06 #9 type] 
Type domain.Erreklamazioa is not enhanced.

[2026-05-09 15:58:06 #10 type] 
Type domain.DiruKontua is not enhanced.

[2026-05-09 15:58:06 #11 type] 
Type domain.Sale is not enhanced.

[2026-05-09 15:58:06 #12 type] 
Type domain.Admin is not enhanced.

[2026-05-09 15:58:06 #13 store] 
Database 'C:\Users\oiera\git\Market26\src\main\resources\products.temp' is closed by 11212@ASUS-Oier

------------------------------------------------------------------------------------------------------------------------

[2026-05-09 16:00:39 #1 store] 
Database 'C:\Users\oiera\git\Market26\src\main\resources\products.temp' is opened by 8368@ASUS-Oier

[2026-05-09 16:00:39 #2 type] 
Type domain.Erabiltzailea is not enhanced.

[2026-05-09 16:00:39 #3 type] 
Type domain.User is not enhanced.

[2026-05-09 16:00:39 #4 type] 
Type domain.BalorazioProfila is not enhanced.

[2026-05-09 16:00:39 #5 type] 
Type domain.Saskia is not enhanced.

[2026-05-09 16:00:39 #6 type] 
Type domain.Eskaera is not enhanced.

[2026-05-09 16:00:39 #7 type] 
Type domain.Oferta is not enhanced.

[2026-05-09 16:00:39 #8 type] 
Type domain.Mugimendua is not enhanced.

[2026-05-09 16:00:39 #9 type] 
Type domain.Erreklamazioa is not enhanced.

[2026-05-09 16:00:39 #10 type] 
Type domain.DiruKontua is not enhanced.

[2026-05-09 16:00:39 #11 type] 
Type domain.Sale is not enhanced.

[2026-05-09 16:00:39 #12 type] 
Type domain.Admin is not enhanced.

[2026-05-09 16:00:39 #13 store] 
Database 'C:\Users\oiera\git\Market26\src\main\resources\products.temp' is closed by 8368@ASUS-Oier

[2026-05-09 16:03:39 #14 store] 
Database 'C:\Users\oiera\git\Market26\src\main\resources\products.temp' is opened by 8368@ASUS-Oier

[2026-05-09 16:03:39 #15 store] 
Database 'C:\Users\oiera\git\Market26\src\main\resources\products.temp' is closed by 8368@ASUS-Oier

[2026-05-09 16:03:40 #16 store] 
Database 'C:\Users\oiera\git\Market26\src\main\resources\products.temp' is opened by 8368@ASUS-Oier

[2026-05-09 16:03:40 #17 store] 
Database 'C:\Users\oiera\git\Market26\src\main\resources\products.temp' is closed by 8368@ASUS-Oier

------------------------------------------------------------------------------------------------------------------------

[2026-05-09 16:21:02 #1 store] 
Database 'C:\Users\oiera\git\Market26\src\main\resources\products.temp' is opened by 17916@ASUS-Oier

[2026-05-09 16:21:02 #2 type] 
Type domain.Erabiltzailea is not enhanced.

[2026-05-09 16:21:02 #3 type] 
Type domain.User is not enhanced.

[2026-05-09 16:21:02 #4 type] 
Type domain.BalorazioProfila is not enhanced.

[2026-05-09 16:21:02 #5 type] 
Type domain.Saskia is not enhanced.

[2026-05-09 16:21:02 #6 type] 
Type domain.Eskaera is not enhanced.

[2026-05-09 16:21:02 #7 type] 
Type domain.Oferta is not enhanced.

[2026-05-09 16:21:02 #8 type] 
Type domain.Mugimendua is not enhanced.

[2026-05-09 16:21:02 #9 type] 
Type domain.Erreklamazioa is not enhanced.

[2026-05-09 16:21:02 #10 type] 
Type domain.DiruKontua is not enhanced.

[2026-05-09 16:21:02 #11 type] 
Type domain.Sale is not enhanced.

[2026-05-09 16:21:02 #12 type] 
Type domain.Admin is not enhanced.

[2026-05-09 16:21:02 #13 store] 
Database 'C:\Users\oiera\git\Market26\src\main\resources\products.temp' is closed by 17916@ASUS-Oier

------------------------------------------------------------------------------------------------------------------------

[2026-05-09 16:34:08 #1 store] 
Database 'C:\Users\oiera\git\Market26\src\main\resources\products.temp' is opened by 21176@ASUS-Oier

[2026-05-09 16:34:08 #2 type] 
Type domain.Erabiltzailea is not enhanced.

[2026-05-09 16:34:08 #3 type] 
Type domain.User is not enhanced.

[2026-05-09 16:34:08 #4 type] 
Type domain.BalorazioProfila is not enhanced.

[2026-05-09 16:34:08 #5 type] 
Type domain.Saskia is not enhanced.

[2026-05-09 16:34:08 #6 type] 
Type domain.Eskaera is not enhanced.

[2026-05-09 16:34:08 #7 type] 
Type domain.Oferta is not enhanced.

[2026-05-09 16:34:08 #8 type] 
Type domain.Mugimendua is not enhanced.

[2026-05-09 16:34:08 #9 type] 
Type domain.Erreklamazioa is not enhanced.

[2026-05-09 16:34:08 #10 type] 
Type domain.DiruKontua is not enhanced.

[2026-05-09 16:34:08 #11 type] 
Type domain.Sale is not enhanced.

[2026-05-09 16:34:08 #12 type] 
Type domain.Admin is not enhanced.

[2026-05-09 16:34:08 #13 store] 
Database 'C:\Users\oiera\git\Market26\src\main\resources\products.temp' is closed by 21176@ASUS-Oier

------------------------------------------------------------------------------------------------------------------------

[2026-05-09 16:36:39 #1 store] 
Database 'C:\Users\oiera\git\Market26\src\main\resources\products.temp' is opened by 12816@ASUS-Oier

[2026-05-09 16:36:39 #2 type] 
Type domain.Erabiltzailea is not enhanced.

[2026-05-09 16:36:39 #3 type] 
Type domain.User is not enhanced.

[2026-05-09 16:36:39 #4 type] 
Type domain.BalorazioProfila is not enhanced.

[2026-05-09 16:36:39 #5 type] 
Type domain.Saskia is not enhanced.

[2026-05-09 16:36:39 #6 type] 
Type domain.Eskaera is not enhanced.

[2026-05-09 16:36:39 #7 type] 
Type domain.Oferta is not enhanced.

[2026-05-09 16:36:39 #8 type] 
Type domain.Mugimendua is not enhanced.

[2026-05-09 16:36:39 #9 type] 
Type domain.Erreklamazioa is not enhanced.

[2026-05-09 16:36:39 #10 type] 
Type domain.DiruKontua is not enhanced.

[2026-05-09 16:36:39 #11 type] 
Type domain.Sale is not enhanced.

[2026-05-09 16:36:39 #12 type] 
Type domain.Admin is not enhanced.

[2026-05-09 16:36:39 #13 store] 
Database 'C:\Users\oiera\git\Market26\src\main\resources\products.temp' is closed by 12816@ASUS-Oier

[2026-05-09 16:37:18 #14 store] 
Database 'C:\Users\oiera\git\Market26\src\main\resources\products.temp' is opened by 12816@ASUS-Oier

[2026-05-09 16:37:18 #15 store] 
Database 'C:\Users\oiera\git\Market26\src\main\resources\products.temp' is closed by 12816@ASUS-Oier

------------------------------------------------------------------------------------------------------------------------

[2026-05-09 16:39:51 #1 store] 
Database 'C:\Users\oiera\git\Market26\src\main\resources\products.temp' is opened by 12004@ASUS-Oier

[2026-05-09 16:39:51 #2 type] 
Type domain.Erabiltzailea is not enhanced.

[2026-05-09 16:39:51 #3 type] 
Type domain.User is not enhanced.

[2026-05-09 16:39:51 #4 type] 
Type domain.BalorazioProfila is not enhanced.

[2026-05-09 16:39:51 #5 type] 
Type domain.Saskia is not enhanced.

[2026-05-09 16:39:51 #6 type] 
Type domain.Eskaera is not enhanced.

[2026-05-09 16:39:51 #7 type] 
Type domain.Oferta is not enhanced.

[2026-05-09 16:39:51 #8 type] 
Type domain.Mugimendua is not enhanced.

[2026-05-09 16:39:51 #9 type] 
Type domain.Erreklamazioa is not enhanced.

[2026-05-09 16:39:51 #10 type] 
Type domain.DiruKontua is not enhanced.

[2026-05-09 16:39:51 #11 type] 
Type domain.Sale is not enhanced.

[2026-05-09 16:39:51 #12 type] 
Type domain.Admin is not enhanced.

[2026-05-09 16:39:51 #13 store] 
Database 'C:\Users\oiera\git\Market26\src\main\resources\products.temp' is closed by 12004@ASUS-Oier

[2026-05-09 16:40:08 #14 store] 
Database 'C:\Users\oiera\git\Market26\src\main\resources\products.temp' is opened by 12004@ASUS-Oier

[2026-05-09 16:40:08 #15 store] 
Database 'C:\Users\oiera\git\Market26\src\main\resources\products.temp' is closed by 12004@ASUS-Oier

[2026-05-09 16:40:16 #16 store] 
Database 'C:\Users\oiera\git\Market26\src\main\resources\products.temp' is opened by 12004@ASUS-Oier

[2026-05-09 16:40:16 #17 store] 
Database 'C:\Users\oiera\git\Market26\src\main\resources\products.temp' is closed by 12004@ASUS-Oier

[2026-05-09 16:40:33 #18 store] 
Database 'C:\Users\oiera\git\Market26\src\main\resources\products.temp' is opened by 12004@ASUS-Oier

[2026-05-09 16:40:33 #19 store] 
Database 'C:\Users\oiera\git\Market26\src\main\resources\products.temp' is closed by 12004@ASUS-Oier

------------------------------------------------------------------------------------------------------------------------

[2026-05-09 16:43:03 #1 store] 
Database 'C:\Users\oiera\git\Market26\src\main\resources\products.temp' is opened by 6256@ASUS-Oier

[2026-05-09 16:43:03 #2 type.registry] 
New type domain.Erabiltzailea

[2026-05-09 16:43:03 #3 type.registry] 
New type domain.User

[2026-05-09 16:43:03 #4 type] 
Type domain.Erabiltzailea is not enhanced.

[2026-05-09 16:43:03 #5 type] 
Type domain.User is not enhanced.

[2026-05-09 16:43:03 #6 type.registry] 
New type domain.BalorazioProfila

[2026-05-09 16:43:03 #7 type.registry] 
New type domain.Saskia

[2026-05-09 16:43:03 #8 type.registry] 
New type domain.Eskaera

[2026-05-09 16:43:03 #9 type.registry] 
New type domain.Oferta

[2026-05-09 16:43:03 #10 type.registry] 
New type domain.Mugimendua

[2026-05-09 16:43:03 #11 type.registry] 
New type domain.Erreklamazioa

[2026-05-09 16:43:03 #12 type.registry] 
New type domain.DiruKontua

[2026-05-09 16:43:03 #13 type.registry] 
New type domain.Sale

[2026-05-09 16:43:03 #14 type] 
Type domain.BalorazioProfila is not enhanced.

[2026-05-09 16:43:03 #15 type] 
Type domain.Saskia is not enhanced.

[2026-05-09 16:43:03 #16 type] 
Type domain.Eskaera is not enhanced.

[2026-05-09 16:43:03 #17 type] 
Type domain.Oferta is not enhanced.

[2026-05-09 16:43:03 #18 type] 
Type domain.Mugimendua is not enhanced.

[2026-05-09 16:43:03 #19 type] 
Type domain.Erreklamazioa is not enhanced.

[2026-05-09 16:43:03 #20 type] 
Type domain.DiruKontua is not enhanced.

[2026-05-09 16:43:03 #21 type] 
Type domain.Sale is not enhanced.

[2026-05-09 16:43:03 #22 type.registry] 
New type domain.Admin

[2026-05-09 16:43:03 #23 type] 
Type domain.Admin is not enhanced.

[2026-05-09 16:43:03 #24 type.registry] 
New type java.util.ArrayList<java.lang.Object>

[2026-05-09 16:43:03 #25 type.registry] 
New type java.util.ArrayList<domain.Sale>

[2026-05-09 16:43:03 #26 type.registry] 
New type java.util.ArrayList<domain.DiruKontua>

[2026-05-09 16:43:03 #27 type.registry] 
New type java.util.ArrayList<domain.Erreklamazioa>

[2026-05-09 16:43:03 #28 type.registry] 
New type java.util.ArrayList<domain.Mugimendua>

[2026-05-09 16:43:03 #29 type.registry] 
New type java.util.ArrayList<domain.Oferta>

[2026-05-09 16:43:03 #30 type.registry] 
New type java.util.ArrayList<domain.Eskaera>

[2026-05-09 16:43:03 #31 type.registry] 
New type java.util.ArrayList<domain.Saskia>

[2026-05-09 16:43:03 #32 type.registry] 
New type java.util.ArrayList<domain.BalorazioProfila>

[2026-05-09 16:43:03 #33 store] 
Database 'C:\Users\oiera\git\Market26\src\main\resources\products.temp' is closed by 6256@ASUS-Oier

[2026-05-09 16:43:22 #34 store] 
Database 'C:\Users\oiera\git\Market26\src\main\resources\products.temp' is opened by 6256@ASUS-Oier

[2026-05-09 16:43:22 #35 store] 
Database 'C:\Users\oiera\git\Market26\src\main\resources\products.temp' is closed by 6256@ASUS-Oier

------------------------------------------------------------------------------------------------------------------------

[2026-05-09 16:45:36 #1 store] 
Database 'C:\Users\oiera\git\Market26\src\main\resources\products.temp' is opened by 16164@ASUS-Oier

[2026-05-09 16:45:36 #2 type] 
Type domain.Erabiltzailea is not enhanced.

[2026-05-09 16:45:36 #3 type] 
Type domain.User is not enhanced.

[2026-05-09 16:45:36 #4 type] 
Type domain.BalorazioProfila is not enhanced.

[2026-05-09 16:45:36 #5 type] 
Type domain.Saskia is not enhanced.

[2026-05-09 16:45:36 #6 type] 
Type domain.Eskaera is not enhanced.

[2026-05-09 16:45:36 #7 type] 
Type domain.Oferta is not enhanced.

[2026-05-09 16:45:36 #8 type] 
Type domain.Mugimendua is not enhanced.

[2026-05-09 16:45:36 #9 type] 
Type domain.Erreklamazioa is not enhanced.

[2026-05-09 16:45:36 #10 type] 
Type domain.DiruKontua is not enhanced.

[2026-05-09 16:45:36 #11 type] 
Type domain.Sale is not enhanced.

[2026-05-09 16:45:36 #12 type] 
Type domain.Admin is not enhanced.

[2026-05-09 16:45:36 #13 store] 
Database 'C:\Users\oiera\git\Market26\src\main\resources\products.temp' is closed by 16164@ASUS-Oier

[2026-05-09 16:46:02 #14 store] 
Database 'C:\Users\oiera\git\Market26\src\main\resources\products.temp' is opened by 16164@ASUS-Oier

[2026-05-09 16:46:03 #15 store] 
Database 'C:\Users\oiera\git\Market26\src\main\resources\products.temp' is closed by 16164@ASUS-Oier

------------------------------------------------------------------------------------------------------------------------

[2026-05-09 16:49:13 #1 store] 
Database 'C:\Users\oiera\git\Market26\src\main\resources\products.temp' is opened by 22468@ASUS-Oier

[2026-05-09 16:49:13 #2 type] 
Type domain.Erabiltzailea is not enhanced.

[2026-05-09 16:49:13 #3 type] 
Type domain.User is not enhanced.

[2026-05-09 16:49:13 #4 type] 
Type domain.BalorazioProfila is not enhanced.

[2026-05-09 16:49:13 #5 type] 
Type domain.Saskia is not enhanced.

[2026-05-09 16:49:13 #6 type] 
Type domain.Eskaera is not enhanced.

[2026-05-09 16:49:13 #7 type] 
Type domain.Oferta is not enhanced.

[2026-05-09 16:49:13 #8 type] 
Type domain.Mugimendua is not enhanced.

[2026-05-09 16:49:13 #9 type] 
Type domain.Erreklamazioa is not enhanced.

[2026-05-09 16:49:13 #10 type] 
Type domain.DiruKontua is not enhanced.

[2026-05-09 16:49:13 #11 type] 
Type domain.Sale is not enhanced.

[2026-05-09 16:49:13 #12 type] 
Type domain.Admin is not enhanced.

[2026-05-09 16:49:13 #13 store] 
Database 'C:\Users\oiera\git\Market26\src\main\resources\products.temp' is closed by 22468@ASUS-Oier

[2026-05-09 16:49:35 #14 store] 
Database 'C:\Users\oiera\git\Market26\src\main\resources\products.temp' is opened by 22468@ASUS-Oier

[2026-05-09 16:49:35 #15 store] 
Database 'C:\Users\oiera\git\Market26\src\main\resources\products.temp' is closed by 22468@ASUS-Oier

[2026-05-09 16:49:35 #16 store] 
Database 'C:\Users\oiera\git\Market26\src\main\resources\products.temp' is opened by 22468@ASUS-Oier

[2026-05-09 16:49:35 #17 store] 
Database 'C:\Users\oiera\git\Market26\src\main\resources\products.temp' is closed by 22468@ASUS-Oier

------------------------------------------------------------------------------------------------------------------------

[2026-05-09 16:52:44 #1 store] 
Database 'C:\Users\oiera\git\Market26\src\main\resources\products.temp' is opened by 20808@ASUS-Oier

[2026-05-09 16:52:44 #2 type] 
Type domain.Erabiltzailea is not enhanced.

[2026-05-09 16:52:44 #3 type] 
Type domain.User is not enhanced.

[2026-05-09 16:52:44 #4 type] 
Type domain.BalorazioProfila is not enhanced.

[2026-05-09 16:52:44 #5 type] 
Type domain.Saskia is not enhanced.

[2026-05-09 16:52:44 #6 type] 
Type domain.Eskaera is not enhanced.

[2026-05-09 16:52:44 #7 type] 
Type domain.Oferta is not enhanced.

[2026-05-09 16:52:44 #8 type] 
Type domain.Mugimendua is not enhanced.

[2026-05-09 16:52:44 #9 type] 
Type domain.Erreklamazioa is not enhanced.

[2026-05-09 16:52:44 #10 type] 
Type domain.DiruKontua is not enhanced.

[2026-05-09 16:52:44 #11 type] 
Type domain.Sale is not enhanced.

[2026-05-09 16:52:44 #12 type] 
Type domain.Admin is not enhanced.

[2026-05-09 16:52:44 #13 store] 
Database 'C:\Users\oiera\git\Market26\src\main\resources\products.temp' is closed by 20808@ASUS-Oier

[2026-05-09 16:53:06 #14 store] 
Database 'C:\Users\oiera\git\Market26\src\main\resources\products.temp' is opened by 20808@ASUS-Oier

[2026-05-09 16:53:06 #15 store] 
Database 'C:\Users\oiera\git\Market26\src\main\resources\products.temp' is closed by 20808@ASUS-Oier

[2026-05-09 16:53:06 #16 store] 
Database 'C:\Users\oiera\git\Market26\src\main\resources\products.temp' is opened by 20808@ASUS-Oier

[2026-05-09 16:53:06 #17 store] 
Database 'C:\Users\oiera\git\Market26\src\main\resources\products.temp' is closed by 20808@ASUS-Oier

[2026-05-09 16:53:17 #18 store] 
Database 'C:\Users\oiera\git\Market26\src\main\resources\products.temp' is opened by 20808@ASUS-Oier

[2026-05-09 16:53:17 #19 store] 
Database 'C:\Users\oiera\git\Market26\src\main\resources\products.temp' is closed by 20808@ASUS-Oier

[2026-05-09 16:53:22 #20 store] 
Database 'C:\Users\oiera\git\Market26\src\main\resources\products.temp' is opened by 20808@ASUS-Oier

[2026-05-09 16:53:22 #21 store] 
Database 'C:\Users\oiera\git\Market26\src\main\resources\products.temp' is closed by 20808@ASUS-Oier

[2026-05-09 16:53:24 #22 store] 
Database 'C:\Users\oiera\git\Market26\src\main\resources\products.temp' is opened by 20808@ASUS-Oier

[2026-05-09 16:53:24 #23 store] 
Database 'C:\Users\oiera\git\Market26\src\main\resources\products.temp' is closed by 20808@ASUS-Oier

[2026-05-09 16:53:24 #24 store] 
Database 'C:\Users\oiera\git\Market26\src\main\resources\products.temp' is opened by 20808@ASUS-Oier

[2026-05-09 16:53:24 #25 store] 
Database 'C:\Users\oiera\git\Market26\src\main\resources\products.temp' is closed by 20808@ASUS-Oier

[2026-05-09 16:53:25 #26 store] 
Database 'C:\Users\oiera\git\Market26\src\main\resources\products.temp' is opened by 20808@ASUS-Oier

[2026-05-09 16:53:25 #27 store] 
Database 'C:\Users\oiera\git\Market26\src\main\resources\products.temp' is closed by 20808@ASUS-Oier

[2026-05-09 16:53:25 #28 store] 
Database 'C:\Users\oiera\git\Market26\src\main\resources\products.temp' is opened by 20808@ASUS-Oier

[2026-05-09 16:53:25 #29 store] 
Database 'C:\Users\oiera\git\Market26\src\main\resources\products.temp' is closed by 20808@ASUS-Oier

[2026-05-09 16:53:25 #30 store] 
Database 'C:\Users\oiera\git\Market26\src\main\resources\products.temp' is opened by 20808@ASUS-Oier

[2026-05-09 16:53:25 #31 store] 
Database 'C:\Users\oiera\git\Market26\src\main\resources\products.temp' is closed by 20808@ASUS-Oier

[2026-05-09 16:53:25 #32 store] 
Database 'C:\Users\oiera\git\Market26\src\main\resources\products.temp' is opened by 20808@ASUS-Oier

[2026-05-09 16:53:25 #33 store] 
Database 'C:\Users\oiera\git\Market26\src\main\resources\products.temp' is closed by 20808@ASUS-Oier

[2026-05-09 16:53:26 #34 store] 
Database 'C:\Users\oiera\git\Market26\src\main\resources\products.temp' is opened by 20808@ASUS-Oier

[2026-05-09 16:53:26 #35 store] 
Database 'C:\Users\oiera\git\Market26\src\main\resources\products.temp' is closed by 20808@ASUS-Oier

[2026-05-09 16:53:29 #36 store] 
Database 'C:\Users\oiera\git\Market26\src\main\resources\products.temp' is opened by 20808@ASUS-Oier

[2026-05-09 16:53:29 #37 store] 
Database 'C:\Users\oiera\git\Market26\src\main\resources\products.temp' is closed by 20808@ASUS-Oier

[2026-05-09 16:53:33 #38 store] 
Database 'C:\Users\oiera\git\Market26\src\main\resources\products.temp' is opened by 20808@ASUS-Oier

[2026-05-09 16:53:33 #39 store] 
Database 'C:\Users\oiera\git\Market26\src\main\resources\products.temp' is closed by 20808@ASUS-Oier

[2026-05-09 16:53:34 #40 store] 
Database 'C:\Users\oiera\git\Market26\src\main\resources\products.temp' is opened by 20808@ASUS-Oier

[2026-05-09 16:53:34 #41 store] 
Database 'C:\Users\oiera\git\Market26\src\main\resources\products.temp' is closed by 20808@ASUS-Oier

[2026-05-09 16:53:35 #42 store] 
Database 'C:\Users\oiera\git\Market26\src\main\resources\products.temp' is opened by 20808@ASUS-Oier

[2026-05-09 16:53:35 #43 store] 
Database 'C:\Users\oiera\git\Market26\src\main\resources\products.temp' is closed by 20808@ASUS-Oier

[2026-05-09 16:53:36 #44 store] 
Database 'C:\Users\oiera\git\Market26\src\main\resources\products.temp' is opened by 20808@ASUS-Oier

[2026-05-09 16:53:36 #45 store] 
Database 'C:\Users\oiera\git\Market26\src\main\resources\products.temp' is closed by 20808@ASUS-Oier

[2026-05-09 16:53:50 #46 store] 
Database 'C:\Users\oiera\git\Market26\src\main\resources\products.temp' is opened by 20808@ASUS-Oier

[2026-05-09 16:53:50 #47 store] 
Database 'C:\Users\oiera\git\Market26\src\main\resources\products.temp' is closed by 20808@ASUS-Oier

------------------------------------------------------------------------------------------------------------------------

[2026-05-09 16:55:47 #1 store] 
Database 'C:\Users\oiera\git\Market26\src\main\resources\products.temp' is opened by 18556@ASUS-Oier

[2026-05-09 16:55:47 #2 type] 
Type domain.Erabiltzailea is not enhanced.

[2026-05-09 16:55:47 #3 type] 
Type domain.User is not enhanced.

[2026-05-09 16:55:47 #4 type] 
Type domain.BalorazioProfila is not enhanced.

[2026-05-09 16:55:47 #5 type] 
Type domain.Saskia is not enhanced.

[2026-05-09 16:55:47 #6 type] 
Type domain.Eskaera is not enhanced.

[2026-05-09 16:55:47 #7 type] 
Type domain.Oferta is not enhanced.

[2026-05-09 16:55:47 #8 type] 
Type domain.Mugimendua is not enhanced.

[2026-05-09 16:55:47 #9 type] 
Type domain.Erreklamazioa is not enhanced.

[2026-05-09 16:55:47 #10 type] 
Type domain.DiruKontua is not enhanced.

[2026-05-09 16:55:47 #11 type] 
Type domain.Sale is not enhanced.

[2026-05-09 16:55:47 #12 type] 
Type domain.Admin is not enhanced.

[2026-05-09 16:55:47 #13 store] 
Database 'C:\Users\oiera\git\Market26\src\main\resources\products.temp' is closed by 18556@ASUS-Oier

[2026-05-09 16:56:01 #14 store] 
Database 'C:\Users\oiera\git\Market26\src\main\resources\products.temp' is opened by 18556@ASUS-Oier

[2026-05-09 16:56:01 #15 store] 
Database 'C:\Users\oiera\git\Market26\src\main\resources\products.temp' is closed by 18556@ASUS-Oier

[2026-05-09 16:56:01 #16 store] 
Database 'C:\Users\oiera\git\Market26\src\main\resources\products.temp' is opened by 18556@ASUS-Oier

[2026-05-09 16:56:01 #17 store] 
Database 'C:\Users\oiera\git\Market26\src\main\resources\products.temp' is closed by 18556@ASUS-Oier

[2026-05-09 16:56:06 #18 store] 
Database 'C:\Users\oiera\git\Market26\src\main\resources\products.temp' is opened by 18556@ASUS-Oier

[2026-05-09 16:56:06 #19 store] 
Database 'C:\Users\oiera\git\Market26\src\main\resources\products.temp' is closed by 18556@ASUS-Oier

------------------------------------------------------------------------------------------------------------------------

[2026-05-09 16:58:57 #1 store] 
Database 'C:\Users\oiera\git\Market26\src\main\resources\products.temp' is opened by 1428@ASUS-Oier

[2026-05-09 16:58:57 #2 type] 
Type domain.Erabiltzailea is not enhanced.

[2026-05-09 16:58:57 #3 type] 
Type domain.User is not enhanced.

[2026-05-09 16:58:57 #4 type] 
Type domain.BalorazioProfila is not enhanced.

[2026-05-09 16:58:57 #5 type] 
Type domain.Saskia is not enhanced.

[2026-05-09 16:58:57 #6 type] 
Type domain.Eskaera is not enhanced.

[2026-05-09 16:58:57 #7 type] 
Type domain.Oferta is not enhanced.

[2026-05-09 16:58:57 #8 type] 
Type domain.Mugimendua is not enhanced.

[2026-05-09 16:58:57 #9 type] 
Type domain.Erreklamazioa is not enhanced.

[2026-05-09 16:58:57 #10 type] 
Type domain.DiruKontua is not enhanced.

[2026-05-09 16:58:57 #11 type] 
Type domain.Sale is not enhanced.

[2026-05-09 16:58:57 #12 type] 
Type domain.Admin is not enhanced.

[2026-05-09 16:58:57 #13 store] 
Database 'C:\Users\oiera\git\Market26\src\main\resources\products.temp' is closed by 1428@ASUS-Oier

[2026-05-09 16:59:09 #14 store] 
Database 'C:\Users\oiera\git\Market26\src\main\resources\products.temp' is opened by 1428@ASUS-Oier

[2026-05-09 16:59:09 #15 store] 
Database 'C:\Users\oiera\git\Market26\src\main\resources\products.temp' is closed by 1428@ASUS-Oier

[2026-05-09 16:59:09 #16 store] 
Database 'C:\Users\oiera\git\Market26\src\main\resources\products.temp' is opened by 1428@ASUS-Oier

[2026-05-09 16:59:09 #17 store] 
Database 'C:\Users\oiera\git\Market26\src\main\resources\products.temp' is closed by 1428@ASUS-Oier

[2026-05-09 16:59:11 #18 store] 
Database 'C:\Users\oiera\git\Market26\src\main\resources\products.temp' is opened by 1428@ASUS-Oier

[2026-05-09 16:59:11 #19 store] 
Database 'C:\Users\oiera\git\Market26\src\main\resources\products.temp' is closed by 1428@ASUS-Oier

[2026-05-09 16:59:35 #20 store] 
Database 'C:\Users\oiera\git\Market26\src\main\resources\products.temp' is opened by 1428@ASUS-Oier

[2026-05-09 16:59:35 #21 store] 
Database 'C:\Users\oiera\git\Market26\src\main\resources\products.temp' is closed by 1428@ASUS-Oier

[2026-05-09 16:59:40 #22 store] 
Database 'C:\Users\oiera\git\Market26\src\main\resources\products.temp' is opened by 1428@ASUS-Oier

[2026-05-09 16:59:40 #23 store] 
Database 'C:\Users\oiera\git\Market26\src\main\resources\products.temp' is closed by 1428@ASUS-Oier

[2026-05-09 16:59:48 #24 store] 
Database 'C:\Users\oiera\git\Market26\src\main\resources\products.temp' is opened by 1428@ASUS-Oier

[2026-05-09 16:59:48 #25 store] 
Database 'C:\Users\oiera\git\Market26\src\main\resources\products.temp' is closed by 1428@ASUS-Oier

[2026-05-09 16:59:51 #26 store] 
Database 'C:\Users\oiera\git\Market26\src\main\resources\products.temp' is opened by 1428@ASUS-Oier

[2026-05-09 16:59:51 #27 store] 
Database 'C:\Users\oiera\git\Market26\src\main\resources\products.temp' is closed by 1428@ASUS-Oier

[2026-05-09 17:00:44 #28 store] 
Database 'C:\Users\oiera\git\Market26\src\main\resources\products.temp' is opened by 1428@ASUS-Oier

[2026-05-09 17:00:44 #29 store] 
Database 'C:\Users\oiera\git\Market26\src\main\resources\products.temp' is closed by 1428@ASUS-Oier

------------------------------------------------------------------------------------------------------------------------

[2026-05-09 17:01:00 #1 store] 
Database 'C:\Users\oiera\git\Market26\src\main\resources\products.temp' is opened by 23328@ASUS-Oier

[2026-05-09 17:01:00 #2 type] 
Type domain.Erabiltzailea is not enhanced.

[2026-05-09 17:01:00 #3 type] 
Type domain.User is not enhanced.

[2026-05-09 17:01:00 #4 type] 
Type domain.BalorazioProfila is not enhanced.

[2026-05-09 17:01:00 #5 type] 
Type domain.Saskia is not enhanced.

[2026-05-09 17:01:00 #6 type] 
Type domain.Eskaera is not enhanced.

[2026-05-09 17:01:00 #7 type] 
Type domain.Oferta is not enhanced.

[2026-05-09 17:01:00 #8 type] 
Type domain.Mugimendua is not enhanced.

[2026-05-09 17:01:00 #9 type] 
Type domain.Erreklamazioa is not enhanced.

[2026-05-09 17:01:00 #10 type] 
Type domain.DiruKontua is not enhanced.

[2026-05-09 17:01:00 #11 type] 
Type domain.Sale is not enhanced.

[2026-05-09 17:01:00 #12 type] 
Type domain.Admin is not enhanced.

[2026-05-09 17:01:00 #13 store] 
Database 'C:\Users\oiera\git\Market26\src\main\resources\products.temp' is closed by 23328@ASUS-Oier

[2026-05-09 17:01:11 #14 store] 
Database 'C:\Users\oiera\git\Market26\src\main\resources\products.temp' is opened by 23328@ASUS-Oier

[2026-05-09 17:01:11 #15 store] 
Database 'C:\Users\oiera\git\Market26\src\main\resources\products.temp' is closed by 23328@ASUS-Oier

[2026-05-09 17:01:11 #16 store] 
Database 'C:\Users\oiera\git\Market26\src\main\resources\products.temp' is opened by 23328@ASUS-Oier

[2026-05-09 17:01:11 #17 store] 
Database 'C:\Users\oiera\git\Market26\src\main\resources\products.temp' is closed by 23328@ASUS-Oier

[2026-05-09 17:01:14 #18 store] 
Database 'C:\Users\oiera\git\Market26\src\main\resources\products.temp' is opened by 23328@ASUS-Oier

[2026-05-09 17:01:14 #19 store] 
Database 'C:\Users\oiera\git\Market26\src\main\resources\products.temp' is closed by 23328@ASUS-Oier

[2026-05-09 17:01:17 #20 store] 
Database 'C:\Users\oiera\git\Market26\src\main\resources\products.temp' is opened by 23328@ASUS-Oier

[2026-05-09 17:01:17 #21 store] 
Database 'C:\Users\oiera\git\Market26\src\main\resources\products.temp' is closed by 23328@ASUS-Oier

[2026-05-09 17:01:22 #22 store] 
Database 'C:\Users\oiera\git\Market26\src\main\resources\products.temp' is opened by 23328@ASUS-Oier

[2026-05-09 17:01:22 #23 store] 
Database 'C:\Users\oiera\git\Market26\src\main\resources\products.temp' is closed by 23328@ASUS-Oier

------------------------------------------------------------------------------------------------------------------------

[2026-05-09 17:02:47 #1 store] 
Database 'C:\Users\oiera\git\Market26\src\main\resources\products.temp' is opened by 1840@ASUS-Oier

[2026-05-09 17:02:47 #2 type] 
Type domain.Erabiltzailea is not enhanced.

[2026-05-09 17:02:47 #3 type] 
Type domain.User is not enhanced.

[2026-05-09 17:02:47 #4 type] 
Type domain.BalorazioProfila is not enhanced.

[2026-05-09 17:02:47 #5 type] 
Type domain.Saskia is not enhanced.

[2026-05-09 17:02:47 #6 type] 
Type domain.Eskaera is not enhanced.

[2026-05-09 17:02:47 #7 type] 
Type domain.Oferta is not enhanced.

[2026-05-09 17:02:47 #8 type] 
Type domain.Mugimendua is not enhanced.

[2026-05-09 17:02:47 #9 type] 
Type domain.Erreklamazioa is not enhanced.

[2026-05-09 17:02:47 #10 type] 
Type domain.DiruKontua is not enhanced.

[2026-05-09 17:02:47 #11 type] 
Type domain.Sale is not enhanced.

[2026-05-09 17:02:47 #12 type] 
Type domain.Admin is not enhanced.

[2026-05-09 17:02:47 #13 store] 
Database 'C:\Users\oiera\git\Market26\src\main\resources\products.temp' is closed by 1840@ASUS-Oier

[2026-05-09 17:03:03 #14 store] 
Database 'C:\Users\oiera\git\Market26\src\main\resources\products.temp' is opened by 1840@ASUS-Oier

[2026-05-09 17:03:03 #15 store] 
Database 'C:\Users\oiera\git\Market26\src\main\resources\products.temp' is closed by 1840@ASUS-Oier

[2026-05-09 17:03:03 #16 store] 
Database 'C:\Users\oiera\git\Market26\src\main\resources\products.temp' is opened by 1840@ASUS-Oier

[2026-05-09 17:03:03 #17 store] 
Database 'C:\Users\oiera\git\Market26\src\main\resources\products.temp' is closed by 1840@ASUS-Oier

[2026-05-09 17:03:05 #18 store] 
Database 'C:\Users\oiera\git\Market26\src\main\resources\products.temp' is opened by 1840@ASUS-Oier

[2026-05-09 17:03:05 #19 store] 
Database 'C:\Users\oiera\git\Market26\src\main\resources\products.temp' is closed by 1840@ASUS-Oier

[2026-05-09 17:03:08 #20 store] 
Database 'C:\Users\oiera\git\Market26\src\main\resources\products.temp' is opened by 1840@ASUS-Oier

[2026-05-09 17:03:08 #21 store] 
Database 'C:\Users\oiera\git\Market26\src\main\resources\products.temp' is closed by 1840@ASUS-Oier

------------------------------------------------------------------------------------------------------------------------

[2026-05-09 17:07:32 #1 store] 
Database 'C:\Users\oiera\git\Market26\src\main\resources\products.temp' is opened by 8380@ASUS-Oier

[2026-05-09 17:07:32 #2 type] 
Type domain.Erabiltzailea is not enhanced.

[2026-05-09 17:07:32 #3 type] 
Type domain.User is not enhanced.

[2026-05-09 17:07:32 #4 type] 
Type domain.BalorazioProfila is not enhanced.

[2026-05-09 17:07:32 #5 type] 
Type domain.Saskia is not enhanced.

[2026-05-09 17:07:32 #6 type] 
Type domain.Eskaera is not enhanced.

[2026-05-09 17:07:32 #7 type] 
Type domain.Oferta is not enhanced.

[2026-05-09 17:07:32 #8 type] 
Type domain.Mugimendua is not enhanced.

[2026-05-09 17:07:32 #9 type] 
Type domain.Erreklamazioa is not enhanced.

[2026-05-09 17:07:32 #10 type] 
Type domain.DiruKontua is not enhanced.

[2026-05-09 17:07:32 #11 type] 
Type domain.Sale is not enhanced.

[2026-05-09 17:07:32 #12 type] 
Type domain.Admin is not enhanced.

[2026-05-09 17:07:32 #13 store] 
Database 'C:\Users\oiera\git\Market26\src\main\resources\products.temp' is closed by 8380@ASUS-Oier

[2026-05-09 17:07:45 #14 store] 
Database 'C:\Users\oiera\git\Market26\src\main\resources\products.temp' is opened by 8380@ASUS-Oier

[2026-05-09 17:07:45 #15 store] 
Database 'C:\Users\oiera\git\Market26\src\main\resources\products.temp' is closed by 8380@ASUS-Oier

[2026-05-09 17:07:45 #16 store] 
Database 'C:\Users\oiera\git\Market26\src\main\resources\products.temp' is opened by 8380@ASUS-Oier

[2026-05-09 17:07:45 #17 store] 
Database 'C:\Users\oiera\git\Market26\src\main\resources\products.temp' is closed by 8380@ASUS-Oier

[2026-05-09 17:07:48 #18 store] 
Database 'C:\Users\oiera\git\Market26\src\main\resources\products.temp' is opened by 8380@ASUS-Oier

[2026-05-09 17:07:48 #19 store] 
Database 'C:\Users\oiera\git\Market26\src\main\resources\products.temp' is closed by 8380@ASUS-Oier

[2026-05-09 17:07:52 #20 store] 
Database 'C:\Users\oiera\git\Market26\src\main\resources\products.temp' is opened by 8380@ASUS-Oier

[2026-05-09 17:07:52 #21 store] 
Database 'C:\Users\oiera\git\Market26\src\main\resources\products.temp' is closed by 8380@ASUS-Oier

[2026-05-09 17:08:03 #22 store] 
Database 'C:\Users\oiera\git\Market26\src\main\resources\products.temp' is opened by 8380@ASUS-Oier

[2026-05-09 17:08:03 #23 store] 
Database 'C:\Users\oiera\git\Market26\src\main\resources\products.temp' is closed by 8380@ASUS-Oier

[2026-05-09 17:08:06 #24 store] 
Database 'C:\Users\oiera\git\Market26\src\main\resources\products.temp' is opened by 8380@ASUS-Oier

[2026-05-09 17:08:06 #25 store] 
Database 'C:\Users\oiera\git\Market26\src\main\resources\products.temp' is closed by 8380@ASUS-Oier

[2026-05-09 17:08:08 #26 store] 
Database 'C:\Users\oiera\git\Market26\src\main\resources\products.temp' is opened by 8380@ASUS-Oier

[2026-05-09 17:08:08 #27 store] 
Database 'C:\Users\oiera\git\Market26\src\main\resources\products.temp' is closed by 8380@ASUS-Oier

[2026-05-09 17:08:08 #28 store] 
Database 'C:\Users\oiera\git\Market26\src\main\resources\products.temp' is opened by 8380@ASUS-Oier

[2026-05-09 17:08:08 #29 store] 
Database 'C:\Users\oiera\git\Market26\src\main\resources\products.temp' is closed by 8380@ASUS-Oier

[2026-05-09 17:08:35 #30 store] 
Database 'C:\Users\oiera\git\Market26\src\main\resources\products.temp' is opened by 8380@ASUS-Oier

[2026-05-09 17:08:35 #31 store] 
Database 'C:\Users\oiera\git\Market26\src\main\resources\products.temp' is closed by 8380@ASUS-Oier

[2026-05-09 17:08:36 #32 store] 
Database 'C:\Users\oiera\git\Market26\src\main\resources\products.temp' is opened by 8380@ASUS-Oier

[2026-05-09 17:08:36 #33 store] 
Database 'C:\Users\oiera\git\Market26\src\main\resources\products.temp' is closed by 8380@ASUS-Oier

[2026-05-09 17:08:38 #34 store] 
Database 'C:\Users\oiera\git\Market26\src\main\resources\products.temp' is opened by 8380@ASUS-Oier

[2026-05-09 17:08:38 #35 store] 
Database 'C:\Users\oiera\git\Market26\src\main\resources\products.temp' is closed by 8380@ASUS-Oier

[2026-05-09 17:08:38 #36 store] 
Database 'C:\Users\oiera\git\Market26\src\main\resources\products.temp' is opened by 8380@ASUS-Oier

[2026-05-09 17:08:38 #37 store] 
Database 'C:\Users\oiera\git\Market26\src\main\resources\products.temp' is closed by 8380@ASUS-Oier

[2026-05-09 17:08:39 #38 store] 
Database 'C:\Users\oiera\git\Market26\src\main\resources\products.temp' is opened by 8380@ASUS-Oier

[2026-05-09 17:08:39 #39 store] 
Database 'C:\Users\oiera\git\Market26\src\main\resources\products.temp' is closed by 8380@ASUS-Oier

[2026-05-09 17:08:44 #40 store] 
Database 'C:\Users\oiera\git\Market26\src\main\resources\products.temp' is opened by 8380@ASUS-Oier

[2026-05-09 17:08:44 #41 store] 
Database 'C:\Users\oiera\git\Market26\src\main\resources\products.temp' is closed by 8380@ASUS-Oier

[2026-05-09 17:09:03 #42 store] 
Database 'C:\Users\oiera\git\Market26\src\main\resources\products.temp' is opened by 8380@ASUS-Oier

[2026-05-09 17:09:03 #43 store] 
Database 'C:\Users\oiera\git\Market26\src\main\resources\products.temp' is closed by 8380@ASUS-Oier

