------------------------------------------------------------------------------------------------------------------------

[2026-05-07 10:52:53 #1 store] 
Database 'C:\Users\Usuario\git\Market26\src\main\resources\products.temp' is opened by 26988@DESKTOP-C3ESJLV

[2026-05-07 10:52:53 #2 type] 
Type domain.Erabiltzailea is not enhanced.

[2026-05-07 10:52:53 #3 type] 
Type domain.User is not enhanced.

[2026-05-07 10:52:53 #4 type] 
Type domain.BalorazioProfila is not enhanced.

[2026-05-07 10:52:53 #5 type] 
Type domain.Saskia is not enhanced.

[2026-05-07 10:52:53 #6 type] 
Type domain.Eskaera is not enhanced.

[2026-05-07 10:52:53 #7 type] 
Type domain.Oferta is not enhanced.

[2026-05-07 10:52:53 #8 type] 
Type domain.Mugimendua is not enhanced.

[2026-05-07 10:52:53 #9 type] 
Type domain.Erreklamazioa is not enhanced.

[2026-05-07 10:52:53 #10 type] 
Type domain.DiruKontua is not enhanced.

[2026-05-07 10:52:53 #11 type] 
Type domain.Sale is not enhanced.

[2026-05-07 10:52:53 #12 type] 
Type domain.Admin is not enhanced.

[2026-05-07 10:52:53 #13 store] 
Database 'C:\Users\Usuario\git\Market26\src\main\resources\products.temp' is closed by 26988@DESKTOP-C3ESJLV

[2026-05-07 10:53:04 #14 store] 
Database 'C:\Users\Usuario\git\Market26\src\main\resources\products.temp' is opened by 26988@DESKTOP-C3ESJLV

[2026-05-07 10:53:04 #15 store] 
Database 'C:\Users\Usuario\git\Market26\src\main\resources\products.temp' is closed by 26988@DESKTOP-C3ESJLV

[2026-05-07 10:53:20 #16 store] 
Database 'C:\Users\Usuario\git\Market26\src\main\resources\products.temp' is opened by 26988@DESKTOP-C3ESJLV

[2026-05-07 10:53:20 #17 store] 
Database 'C:\Users\Usuario\git\Market26\src\main\resources\products.temp' is closed by 26988@DESKTOP-C3ESJLV

[2026-05-07 10:53:25 #18 store] 
Database 'C:\Users\Usuario\git\Market26\src\main\resources\products.temp' is opened by 26988@DESKTOP-C3ESJLV

[2026-05-07 10:53:25 #19 store] 
Database 'C:\Users\Usuario\git\Market26\src\main\resources\products.temp' is closed by 26988@DESKTOP-C3ESJLV

[2026-05-07 10:53:54 #20 store] 
Database 'C:\Users\Usuario\git\Market26\src\main\resources\products.temp' is opened by 26988@DESKTOP-C3ESJLV

[2026-05-07 10:53:54 #21 store] 
Database 'C:\Users\Usuario\git\Market26\src\main\resources\products.temp' is closed by 26988@DESKTOP-C3ESJLV

------------------------------------------------------------------------------------------------------------------------

[2026-05-07 18:45:49 #1 store] 
Database 'C:\Users\Usuario\git\Market26\src\main\resources\products.temp' is opened by 25204@DESKTOP-C3ESJLV

[2026-05-07 18:45:49 #2 type] 
Type domain.Erabiltzailea is not enhanced.

[2026-05-07 18:45:49 #3 type] 
Type domain.User is not enhanced.

[2026-05-07 18:45:49 #4 type] 
Type domain.BalorazioProfila is not enhanced.

[2026-05-07 18:45:49 #5 type] 
Type domain.Saskia is not enhanced.

[2026-05-07 18:45:49 #6 type] 
Type domain.Eskaera is not enhanced.

[2026-05-07 18:45:49 #7 type] 
Type domain.Oferta is not enhanced.

[2026-05-07 18:45:49 #8 type] 
Type domain.Mugimendua is not enhanced.

[2026-05-07 18:45:49 #9 type] 
Type domain.Erreklamazioa is not enhanced.

[2026-05-07 18:45:49 #10 type] 
Type domain.DiruKontua is not enhanced.

[2026-05-07 18:45:49 #11 type] 
Type domain.Sale is not enhanced.

[2026-05-07 18:45:49 #12 type] 
Type domain.Admin is not enhanced.

[2026-05-07 18:45:49 #13 store] 
Database 'C:\Users\Usuario\git\Market26\src\main\resources\products.temp' is closed by 25204@DESKTOP-C3ESJLV

[2026-05-07 18:48:45 #14 store] 
Database 'C:\Users\Usuario\git\Market26\src\main\resources\products.temp' is opened by 25204@DESKTOP-C3ESJLV

[2026-05-07 18:48:45 #15 store] 
Database 'C:\Users\Usuario\git\Market26\src\main\resources\products.temp' is closed by 25204@DESKTOP-C3ESJLV

[2026-05-07 18:48:48 #16 store] 
Database 'C:\Users\Usuario\git\Market26\src\main\resources\products.temp' is opened by 25204@DESKTOP-C3ESJLV

[2026-05-07 18:48:48 #17 store] 
Database 'C:\Users\Usuario\git\Market26\src\main\resources\products.temp' is closed by 25204@DESKTOP-C3ESJLV

[2026-05-07 18:48:53 #18 store] 
Database 'C:\Users\Usuario\git\Market26\src\main\resources\products.temp' is opened by 25204@DESKTOP-C3ESJLV

[2026-05-07 18:48:53 #19 store] 
Database 'C:\Users\Usuario\git\Market26\src\main\resources\products.temp' is closed by 25204@DESKTOP-C3ESJLV

[2026-05-07 18:49:10 #20 store] 
Database 'C:\Users\Usuario\git\Market26\src\main\resources\products.temp' is opened by 25204@DESKTOP-C3ESJLV

[2026-05-07 18:49:10 #21 store] 
Database 'C:\Users\Usuario\git\Market26\src\main\resources\products.temp' is closed by 25204@DESKTOP-C3ESJLV

[2026-05-07 18:49:18 #22 store] 
Database 'C:\Users\Usuario\git\Market26\src\main\resources\products.temp' is opened by 25204@DESKTOP-C3ESJLV

[2026-05-07 18:49:18 #23 store] 
Database 'C:\Users\Usuario\git\Market26\src\main\resources\products.temp' is closed by 25204@DESKTOP-C3ESJLV

------------------------------------------------------------------------------------------------------------------------

[2026-05-07 18:57:40 #1 store] 
Database 'C:\Users\Usuario\git\Market26\src\main\resources\products.temp' is opened by 25044@DESKTOP-C3ESJLV

[2026-05-07 18:57:40 #2 type] 
Type domain.Erabiltzailea is not enhanced.

[2026-05-07 18:57:40 #3 type] 
Type domain.User is not enhanced.

[2026-05-07 18:57:40 #4 type] 
Type domain.BalorazioProfila is not enhanced.

[2026-05-07 18:57:40 #5 type] 
Type domain.Saskia is not enhanced.

[2026-05-07 18:57:40 #6 type] 
Type domain.Eskaera is not enhanced.

[2026-05-07 18:57:40 #7 type] 
Type domain.Oferta is not enhanced.

[2026-05-07 18:57:40 #8 type] 
Type domain.Mugimendua is not enhanced.

[2026-05-07 18:57:40 #9 type] 
Type domain.Erreklamazioa is not enhanced.

[2026-05-07 18:57:40 #10 type] 
Type domain.DiruKontua is not enhanced.

[2026-05-07 18:57:40 #11 type] 
Type domain.Sale is not enhanced.

[2026-05-07 18:57:40 #12 type] 
Type domain.Admin is not enhanced.

[2026-05-07 18:57:40 #13 store] 
Database 'C:\Users\Usuario\git\Market26\src\main\resources\products.temp' is closed by 25044@DESKTOP-C3ESJLV

[2026-05-07 18:57:49 #14 store] 
Database 'C:\Users\Usuario\git\Market26\src\main\resources\products.temp' is opened by 25044@DESKTOP-C3ESJLV

[2026-05-07 18:57:49 #15 store] 
Database 'C:\Users\Usuario\git\Market26\src\main\resources\products.temp' is closed by 25044@DESKTOP-C3ESJLV

[2026-05-07 18:57:54 #16 store] 
Database 'C:\Users\Usuario\git\Market26\src\main\resources\products.temp' is opened by 25044@DESKTOP-C3ESJLV

[2026-05-07 18:57:54 #17 store] 
Database 'C:\Users\Usuario\git\Market26\src\main\resources\products.temp' is closed by 25044@DESKTOP-C3ESJLV

[2026-05-07 18:58:00 #18 store] 
Database 'C:\Users\Usuario\git\Market26\src\main\resources\products.temp' is opened by 25044@DESKTOP-C3ESJLV

[2026-05-07 18:58:00 #19 store] 
Database 'C:\Users\Usuario\git\Market26\src\main\resources\products.temp' is closed by 25044@DESKTOP-C3ESJLV

[2026-05-07 18:58:00 #20 store] 
Database 'C:\Users\Usuario\git\Market26\src\main\resources\products.temp' is opened by 25044@DESKTOP-C3ESJLV

[2026-05-07 18:58:00 #21 store] 
Database 'C:\Users\Usuario\git\Market26\src\main\resources\products.temp' is closed by 25044@DESKTOP-C3ESJLV

[2026-05-07 18:58:02 #22 store] 
Database 'C:\Users\Usuario\git\Market26\src\main\resources\products.temp' is opened by 25044@DESKTOP-C3ESJLV

[2026-05-07 18:58:02 #23 store] 
Database 'C:\Users\Usuario\git\Market26\src\main\resources\products.temp' is closed by 25044@DESKTOP-C3ESJLV

[2026-05-07 18:58:20 #24 store] 
Database 'C:\Users\Usuario\git\Market26\src\main\resources\products.temp' is opened by 25044@DESKTOP-C3ESJLV

[2026-05-07 18:58:20 #25 store] 
Database 'C:\Users\Usuario\git\Market26\src\main\resources\products.temp' is closed by 25044@DESKTOP-C3ESJLV

[2026-05-07 18:58:20 #26 store] 
Database 'C:\Users\Usuario\git\Market26\src\main\resources\products.temp' is opened by 25044@DESKTOP-C3ESJLV

[2026-05-07 18:58:20 #27 store] 
Database 'C:\Users\Usuario\git\Market26\src\main\resources\products.temp' is closed by 25044@DESKTOP-C3ESJLV

[2026-05-07 18:58:23 #28 store] 
Database 'C:\Users\Usuario\git\Market26\src\main\resources\products.temp' is opened by 25044@DESKTOP-C3ESJLV

[2026-05-07 18:58:23 #29 store] 
Database 'C:\Users\Usuario\git\Market26\src\main\resources\products.temp' is closed by 25044@DESKTOP-C3ESJLV

[2026-05-07 18:58:26 #30 store] 
Database 'C:\Users\Usuario\git\Market26\src\main\resources\products.temp' is opened by 25044@DESKTOP-C3ESJLV

[2026-05-07 18:58:26 #31 store] 
Database 'C:\Users\Usuario\git\Market26\src\main\resources\products.temp' is closed by 25044@DESKTOP-C3ESJLV

[2026-05-07 18:58:31 #32 store] 
Database 'C:\Users\Usuario\git\Market26\src\main\resources\products.temp' is opened by 25044@DESKTOP-C3ESJLV

[2026-05-07 18:58:31 #33 store] 
Database 'C:\Users\Usuario\git\Market26\src\main\resources\products.temp' is closed by 25044@DESKTOP-C3ESJLV

------------------------------------------------------------------------------------------------------------------------

[2026-05-07 18:58:53 #1 store] 
Database 'C:\Users\Usuario\git\Market26\src\main\resources\products.temp' is opened by 15280@DESKTOP-C3ESJLV

[2026-05-07 18:58:53 #2 type] 
Type domain.Erabiltzailea is not enhanced.

[2026-05-07 18:58:53 #3 type] 
Type domain.User is not enhanced.

[2026-05-07 18:58:53 #4 type] 
Type domain.BalorazioProfila is not enhanced.

[2026-05-07 18:58:53 #5 type] 
Type domain.Saskia is not enhanced.

[2026-05-07 18:58:53 #6 type] 
Type domain.Eskaera is not enhanced.

[2026-05-07 18:58:53 #7 type] 
Type domain.Oferta is not enhanced.

[2026-05-07 18:58:53 #8 type] 
Type domain.Mugimendua is not enhanced.

[2026-05-07 18:58:53 #9 type] 
Type domain.Erreklamazioa is not enhanced.

[2026-05-07 18:58:53 #10 type] 
Type domain.DiruKontua is not enhanced.

[2026-05-07 18:58:53 #11 type] 
Type domain.Sale is not enhanced.

[2026-05-07 18:58:53 #12 type] 
Type domain.Admin is not enhanced.

[2026-05-07 18:58:53 #13 store] 
Database 'C:\Users\Usuario\git\Market26\src\main\resources\products.temp' is closed by 15280@DESKTOP-C3ESJLV

[2026-05-07 18:59:09 #14 store] 
Database 'C:\Users\Usuario\git\Market26\src\main\resources\products.temp' is opened by 15280@DESKTOP-C3ESJLV

[2026-05-07 18:59:09 #15 store] 
Database 'C:\Users\Usuario\git\Market26\src\main\resources\products.temp' is closed by 15280@DESKTOP-C3ESJLV

[2026-05-07 18:59:12 #16 store] 
Database 'C:\Users\Usuario\git\Market26\src\main\resources\products.temp' is opened by 15280@DESKTOP-C3ESJLV

[2026-05-07 18:59:12 #17 store] 
Database 'C:\Users\Usuario\git\Market26\src\main\resources\products.temp' is closed by 15280@DESKTOP-C3ESJLV

[2026-05-07 18:59:13 #18 store] 
Database 'C:\Users\Usuario\git\Market26\src\main\resources\products.temp' is opened by 15280@DESKTOP-C3ESJLV

[2026-05-07 18:59:13 #19 store] 
Database 'C:\Users\Usuario\git\Market26\src\main\resources\products.temp' is closed by 15280@DESKTOP-C3ESJLV

[2026-05-07 18:59:13 #20 store] 
Database 'C:\Users\Usuario\git\Market26\src\main\resources\products.temp' is opened by 15280@DESKTOP-C3ESJLV

[2026-05-07 18:59:13 #21 store] 
Database 'C:\Users\Usuario\git\Market26\src\main\resources\products.temp' is closed by 15280@DESKTOP-C3ESJLV

[2026-05-07 18:59:15 #22 store] 
Database 'C:\Users\Usuario\git\Market26\src\main\resources\products.temp' is opened by 15280@DESKTOP-C3ESJLV

[2026-05-07 18:59:15 #23 store] 
Database 'C:\Users\Usuario\git\Market26\src\main\resources\products.temp' is closed by 15280@DESKTOP-C3ESJLV

[2026-05-07 18:59:29 #24 store] 
Database 'C:\Users\Usuario\git\Market26\src\main\resources\products.temp' is opened by 15280@DESKTOP-C3ESJLV

[2026-05-07 18:59:29 #25 store] 
Database 'C:\Users\Usuario\git\Market26\src\main\resources\products.temp' is closed by 15280@DESKTOP-C3ESJLV

------------------------------------------------------------------------------------------------------------------------

[2026-05-07 19:02:28 #1 store] 
Database 'C:\Users\Usuario\git\Market26\src\main\resources\products.temp' is opened by 25428@DESKTOP-C3ESJLV

[2026-05-07 19:02:28 #2 type] 
Type domain.Erabiltzailea is not enhanced.

[2026-05-07 19:02:28 #3 type] 
Type domain.User is not enhanced.

[2026-05-07 19:02:28 #4 type] 
Type domain.BalorazioProfila is not enhanced.

[2026-05-07 19:02:28 #5 type] 
Type domain.Saskia is not enhanced.

[2026-05-07 19:02:28 #6 type] 
Type domain.Eskaera is not enhanced.

[2026-05-07 19:02:28 #7 type] 
Type domain.Oferta is not enhanced.

[2026-05-07 19:02:28 #8 type] 
Type domain.Mugimendua is not enhanced.

[2026-05-07 19:02:28 #9 type] 
Type domain.Erreklamazioa is not enhanced.

[2026-05-07 19:02:28 #10 type] 
Type domain.DiruKontua is not enhanced.

[2026-05-07 19:02:28 #11 type] 
Type domain.Sale is not enhanced.

[2026-05-07 19:02:28 #12 type] 
Type domain.Admin is not enhanced.

[2026-05-07 19:02:28 #13 store] 
Database 'C:\Users\Usuario\git\Market26\src\main\resources\products.temp' is closed by 25428@DESKTOP-C3ESJLV

[2026-05-07 19:02:38 #14 store] 
Database 'C:\Users\Usuario\git\Market26\src\main\resources\products.temp' is opened by 25428@DESKTOP-C3ESJLV

[2026-05-07 19:02:38 #15 store] 
Database 'C:\Users\Usuario\git\Market26\src\main\resources\products.temp' is closed by 25428@DESKTOP-C3ESJLV

[2026-05-07 19:02:41 #16 store] 
Database 'C:\Users\Usuario\git\Market26\src\main\resources\products.temp' is opened by 25428@DESKTOP-C3ESJLV

[2026-05-07 19:02:41 #17 store] 
Database 'C:\Users\Usuario\git\Market26\src\main\resources\products.temp' is closed by 25428@DESKTOP-C3ESJLV

[2026-05-07 19:02:42 #18 store] 
Database 'C:\Users\Usuario\git\Market26\src\main\resources\products.temp' is opened by 25428@DESKTOP-C3ESJLV

[2026-05-07 19:02:43 #19 store] 
Database 'C:\Users\Usuario\git\Market26\src\main\resources\products.temp' is closed by 25428@DESKTOP-C3ESJLV

[2026-05-07 19:02:43 #20 store] 
Database 'C:\Users\Usuario\git\Market26\src\main\resources\products.temp' is opened by 25428@DESKTOP-C3ESJLV

[2026-05-07 19:02:43 #21 store] 
Database 'C:\Users\Usuario\git\Market26\src\main\resources\products.temp' is closed by 25428@DESKTOP-C3ESJLV

[2026-05-07 19:02:45 #22 store] 
Database 'C:\Users\Usuario\git\Market26\src\main\resources\products.temp' is opened by 25428@DESKTOP-C3ESJLV

[2026-05-07 19:02:45 #23 store] 
Database 'C:\Users\Usuario\git\Market26\src\main\resources\products.temp' is closed by 25428@DESKTOP-C3ESJLV

[2026-05-07 19:02:58 #24 store] 
Database 'C:\Users\Usuario\git\Market26\src\main\resources\products.temp' is opened by 25428@DESKTOP-C3ESJLV

[2026-05-07 19:02:58 #25 store] 
Database 'C:\Users\Usuario\git\Market26\src\main\resources\products.temp' is closed by 25428@DESKTOP-C3ESJLV

