------------------------------------------------------------------------------------------------------------------------

[2026-05-06 11:00:54 #1 store] 
Database 'C:\Users\Usuario\git\Market26\src\main\resources\products.temp' is opened by 18796@DESKTOP-C3ESJLV

[2026-05-06 11:00:54 #2 type] 
Type domain.Erabiltzailea is not enhanced.

[2026-05-06 11:00:54 #3 type] 
Type domain.User is not enhanced.

[2026-05-06 11:00:54 #4 type] 
Type domain.Mugimendua is not enhanced.

[2026-05-06 11:00:54 #5 type] 
Type domain.Erreklamazioa is not enhanced.

[2026-05-06 11:00:54 #6 type] 
Type domain.DiruKontua is not enhanced.

[2026-05-06 11:00:54 #7 type] 
Type domain.Sale is not enhanced.

[2026-05-06 11:00:54 #8 type] 
Type domain.Admin is not enhanced.

[2026-05-06 11:00:54 #9 type] 
Type domain.Saskia is not enhanced.

[2026-05-06 11:00:54 #10 type] 
Type domain.Eskaera is not enhanced.

[2026-05-06 11:00:54 #11 type] 
Type domain.Oferta is not enhanced.

[2026-05-06 11:00:54 #12 type] 
Type domain.BalorazioProfila is not enhanced.

[2026-05-06 11:00:54 #13 store] 
Database 'C:\Users\Usuario\git\Market26\src\main\resources\products.temp' is closed by 18796@DESKTOP-C3ESJLV

[2026-05-06 11:01:10 #14 store] 
Database 'C:\Users\Usuario\git\Market26\src\main\resources\products.temp' is opened by 18796@DESKTOP-C3ESJLV

[2026-05-06 11:01:10 #15 store] 
Database 'C:\Users\Usuario\git\Market26\src\main\resources\products.temp' is closed by 18796@DESKTOP-C3ESJLV

------------------------------------------------------------------------------------------------------------------------

[2026-05-06 11:02:01 #1 store] 
Database 'C:\Users\Usuario\git\Market26\src\main\resources\products.temp' is opened by 17760@DESKTOP-C3ESJLV

[2026-05-06 11:02:01 #2 type] 
Type domain.Erabiltzailea is not enhanced.

[2026-05-06 11:02:01 #3 type] 
Type domain.User is not enhanced.

[2026-05-06 11:02:01 #4 type] 
Type domain.Mugimendua is not enhanced.

[2026-05-06 11:02:01 #5 type] 
Type domain.Erreklamazioa is not enhanced.

[2026-05-06 11:02:01 #6 type] 
Type domain.DiruKontua is not enhanced.

[2026-05-06 11:02:01 #7 type] 
Type domain.Sale is not enhanced.

[2026-05-06 11:02:01 #8 type] 
Type domain.Admin is not enhanced.

[2026-05-06 11:02:01 #9 type] 
Type domain.Saskia is not enhanced.

[2026-05-06 11:02:01 #10 type] 
Type domain.Eskaera is not enhanced.

[2026-05-06 11:02:01 #11 type] 
Type domain.Oferta is not enhanced.

[2026-05-06 11:02:01 #12 type] 
Type domain.BalorazioProfila is not enhanced.

[2026-05-06 11:02:01 #13 store] 
Database 'C:\Users\Usuario\git\Market26\src\main\resources\products.temp' is closed by 17760@DESKTOP-C3ESJLV

[2026-05-06 11:02:08 #14 store] 
Database 'C:\Users\Usuario\git\Market26\src\main\resources\products.temp' is opened by 17760@DESKTOP-C3ESJLV

[2026-05-06 11:02:08 #15 store] 
Database 'C:\Users\Usuario\git\Market26\src\main\resources\products.temp' is closed by 17760@DESKTOP-C3ESJLV

[2026-05-06 11:02:20 #16 store] 
Database 'C:\Users\Usuario\git\Market26\src\main\resources\products.temp' is opened by 17760@DESKTOP-C3ESJLV

[2026-05-06 11:02:20 #17 store] 
Database 'C:\Users\Usuario\git\Market26\src\main\resources\products.temp' is closed by 17760@DESKTOP-C3ESJLV

[2026-05-06 11:02:38 #18 store] 
Database 'C:\Users\Usuario\git\Market26\src\main\resources\products.temp' is opened by 17760@DESKTOP-C3ESJLV

[2026-05-06 11:02:38 #19 store] 
Database 'C:\Users\Usuario\git\Market26\src\main\resources\products.temp' is closed by 17760@DESKTOP-C3ESJLV

[2026-05-06 11:03:13 #20 store] 
Database 'C:\Users\Usuario\git\Market26\src\main\resources\products.temp' is opened by 17760@DESKTOP-C3ESJLV

[2026-05-06 11:03:13 #21 store] 
Database 'C:\Users\Usuario\git\Market26\src\main\resources\products.temp' is closed by 17760@DESKTOP-C3ESJLV

------------------------------------------------------------------------------------------------------------------------

[2026-05-06 11:25:46 #1 store] 
Database 'C:\Users\Usuario\git\Market26\src\main\resources\products.temp' is opened by 24344@DESKTOP-C3ESJLV

[2026-05-06 11:25:46 #2 type] 
Type domain.Erabiltzailea is not enhanced.

[2026-05-06 11:25:46 #3 type] 
Type domain.User is not enhanced.

[2026-05-06 11:25:46 #4 type] 
Type domain.Mugimendua is not enhanced.

[2026-05-06 11:25:46 #5 type] 
Type domain.Erreklamazioa is not enhanced.

[2026-05-06 11:25:46 #6 type] 
Type domain.DiruKontua is not enhanced.

[2026-05-06 11:25:46 #7 type] 
Type domain.Sale is not enhanced.

[2026-05-06 11:25:46 #8 type] 
Type domain.Admin is not enhanced.

[2026-05-06 11:25:46 #9 type] 
Type domain.Saskia is not enhanced.

[2026-05-06 11:25:46 #10 type] 
Type domain.Eskaera is not enhanced.

[2026-05-06 11:25:46 #11 type] 
Type domain.Oferta is not enhanced.

[2026-05-06 11:25:46 #12 type] 
Type domain.BalorazioProfila is not enhanced.

[2026-05-06 11:25:46 #13 store] 
Database 'C:\Users\Usuario\git\Market26\src\main\resources\products.temp' is closed by 24344@DESKTOP-C3ESJLV

[2026-05-06 11:25:56 #14 store] 
Database 'C:\Users\Usuario\git\Market26\src\main\resources\products.temp' is opened by 24344@DESKTOP-C3ESJLV

[2026-05-06 11:25:56 #15 store] 
Database 'C:\Users\Usuario\git\Market26\src\main\resources\products.temp' is closed by 24344@DESKTOP-C3ESJLV

[2026-05-06 11:26:02 #16 store] 
Database 'C:\Users\Usuario\git\Market26\src\main\resources\products.temp' is opened by 24344@DESKTOP-C3ESJLV

[2026-05-06 11:26:02 #17 store] 
Database 'C:\Users\Usuario\git\Market26\src\main\resources\products.temp' is closed by 24344@DESKTOP-C3ESJLV

[2026-05-06 11:26:31 #18 store] 
Database 'C:\Users\Usuario\git\Market26\src\main\resources\products.temp' is opened by 24344@DESKTOP-C3ESJLV

------------------------------------------------------------------------------------------------------------------------

[2026-05-06 11:31:28 #1 store] 
Database 'C:\Users\Usuario\git\Market26\src\main\resources\products.temp' is opened by 12376@DESKTOP-C3ESJLV

[2026-05-06 11:31:28 #2 type] 
Type domain.Erabiltzailea is not enhanced.

[2026-05-06 11:31:28 #3 type] 
Type domain.User is not enhanced.

[2026-05-06 11:31:28 #4 type] 
Type domain.Mugimendua is not enhanced.

[2026-05-06 11:31:28 #5 type] 
Type domain.Erreklamazioa is not enhanced.

[2026-05-06 11:31:28 #6 type] 
Type domain.DiruKontua is not enhanced.

[2026-05-06 11:31:28 #7 type] 
Type domain.Sale is not enhanced.

[2026-05-06 11:31:28 #8 type] 
Type domain.Admin is not enhanced.

[2026-05-06 11:31:28 #9 type] 
Type domain.Saskia is not enhanced.

[2026-05-06 11:31:28 #10 type] 
Type domain.Eskaera is not enhanced.

[2026-05-06 11:31:28 #11 type] 
Type domain.Oferta is not enhanced.

[2026-05-06 11:31:28 #12 type] 
Type domain.BalorazioProfila is not enhanced.

[2026-05-06 11:31:28 #13 store] 
Database 'C:\Users\Usuario\git\Market26\src\main\resources\products.temp' is closed by 12376@DESKTOP-C3ESJLV

[2026-05-06 11:31:39 #14 store] 
Database 'C:\Users\Usuario\git\Market26\src\main\resources\products.temp' is opened by 12376@DESKTOP-C3ESJLV

[2026-05-06 11:31:39 #15 store] 
Database 'C:\Users\Usuario\git\Market26\src\main\resources\products.temp' is closed by 12376@DESKTOP-C3ESJLV

[2026-05-06 11:31:41 #16 store] 
Database 'C:\Users\Usuario\git\Market26\src\main\resources\products.temp' is opened by 12376@DESKTOP-C3ESJLV

[2026-05-06 11:31:41 #17 store] 
Database 'C:\Users\Usuario\git\Market26\src\main\resources\products.temp' is closed by 12376@DESKTOP-C3ESJLV

[2026-05-06 11:32:05 #18 store] 
Database 'C:\Users\Usuario\git\Market26\src\main\resources\products.temp' is opened by 12376@DESKTOP-C3ESJLV

[2026-05-06 11:32:05 #19 store] 
Database 'C:\Users\Usuario\git\Market26\src\main\resources\products.temp' is closed by 12376@DESKTOP-C3ESJLV

[2026-05-06 11:32:14 #20 store] 
Database 'C:\Users\Usuario\git\Market26\src\main\resources\products.temp' is opened by 12376@DESKTOP-C3ESJLV

[2026-05-06 11:32:14 #21 store] 
Database 'C:\Users\Usuario\git\Market26\src\main\resources\products.temp' is closed by 12376@DESKTOP-C3ESJLV

------------------------------------------------------------------------------------------------------------------------

[2026-05-06 11:37:03 #1 store] 
Database 'C:\Users\Usuario\git\Market26\src\main\resources\products.temp' is opened by 10076@DESKTOP-C3ESJLV

[2026-05-06 11:37:03 #2 type] 
Type domain.Erabiltzailea is not enhanced.

[2026-05-06 11:37:03 #3 type] 
Type domain.User is not enhanced.

[2026-05-06 11:37:03 #4 type] 
Type domain.Mugimendua is not enhanced.

[2026-05-06 11:37:03 #5 type] 
Type domain.Erreklamazioa is not enhanced.

[2026-05-06 11:37:03 #6 type] 
Type domain.DiruKontua is not enhanced.

[2026-05-06 11:37:03 #7 type] 
Type domain.Sale is not enhanced.

[2026-05-06 11:37:03 #8 type] 
Type domain.Admin is not enhanced.

[2026-05-06 11:37:03 #9 type] 
Type domain.Saskia is not enhanced.

[2026-05-06 11:37:03 #10 type] 
Type domain.Eskaera is not enhanced.

[2026-05-06 11:37:03 #11 type] 
Type domain.Oferta is not enhanced.

[2026-05-06 11:37:03 #12 type] 
Type domain.BalorazioProfila is not enhanced.

[2026-05-06 11:37:03 #13 store] 
Database 'C:\Users\Usuario\git\Market26\src\main\resources\products.temp' is closed by 10076@DESKTOP-C3ESJLV

[2026-05-06 11:37:13 #14 store] 
Database 'C:\Users\Usuario\git\Market26\src\main\resources\products.temp' is opened by 10076@DESKTOP-C3ESJLV

[2026-05-06 11:37:13 #15 store] 
Database 'C:\Users\Usuario\git\Market26\src\main\resources\products.temp' is closed by 10076@DESKTOP-C3ESJLV

[2026-05-06 11:37:17 #16 store] 
Database 'C:\Users\Usuario\git\Market26\src\main\resources\products.temp' is opened by 10076@DESKTOP-C3ESJLV

[2026-05-06 11:37:17 #17 store] 
Database 'C:\Users\Usuario\git\Market26\src\main\resources\products.temp' is closed by 10076@DESKTOP-C3ESJLV

[2026-05-06 11:37:33 #18 store] 
Database 'C:\Users\Usuario\git\Market26\src\main\resources\products.temp' is opened by 10076@DESKTOP-C3ESJLV

------------------------------------------------------------------------------------------------------------------------

[2026-05-06 11:40:07 #1 store] 
Database 'C:\Users\Usuario\git\Market26\src\main\resources\products.temp' is opened by 18320@DESKTOP-C3ESJLV

[2026-05-06 11:40:08 #2 type.registry] 
New type domain.Erabiltzailea

[2026-05-06 11:40:08 #3 type.registry] 
New type domain.User

[2026-05-06 11:40:08 #4 type] 
Type domain.Erabiltzailea is not enhanced.

[2026-05-06 11:40:08 #5 type] 
Type domain.User is not enhanced.

[2026-05-06 11:40:08 #6 type.registry] 
New type domain.BalorazioProfila

[2026-05-06 11:40:08 #7 type.registry] 
New type domain.Saskia

[2026-05-06 11:40:08 #8 type.registry] 
New type domain.Eskaera

[2026-05-06 11:40:08 #9 type.registry] 
New type domain.Oferta

[2026-05-06 11:40:08 #10 type.registry] 
New type domain.Mugimendua

[2026-05-06 11:40:08 #11 type.registry] 
New type domain.Erreklamazioa

[2026-05-06 11:40:08 #12 type.registry] 
New type domain.DiruKontua

[2026-05-06 11:40:08 #13 type.registry] 
New type domain.Sale

[2026-05-06 11:40:08 #14 type] 
Type domain.BalorazioProfila is not enhanced.

[2026-05-06 11:40:08 #15 type] 
Type domain.Saskia is not enhanced.

[2026-05-06 11:40:08 #16 type] 
Type domain.Eskaera is not enhanced.

[2026-05-06 11:40:08 #17 type] 
Type domain.Oferta is not enhanced.

[2026-05-06 11:40:08 #18 type] 
Type domain.Mugimendua is not enhanced.

[2026-05-06 11:40:08 #19 type] 
Type domain.Erreklamazioa is not enhanced.

[2026-05-06 11:40:08 #20 type] 
Type domain.DiruKontua is not enhanced.

[2026-05-06 11:40:08 #21 type] 
Type domain.Sale is not enhanced.

[2026-05-06 11:40:08 #22 type.registry] 
New type domain.Admin

[2026-05-06 11:40:08 #23 type] 
Type domain.Admin is not enhanced.

[2026-05-06 11:40:08 #24 type.registry] 
New type java.util.ArrayList<java.lang.Object>

[2026-05-06 11:40:08 #25 type.registry] 
New type java.util.ArrayList<domain.Sale>

[2026-05-06 11:40:08 #26 type.registry] 
New type java.util.ArrayList<domain.DiruKontua>

[2026-05-06 11:40:08 #27 type.registry] 
New type java.util.ArrayList<domain.Erreklamazioa>

[2026-05-06 11:40:08 #28 type.registry] 
New type java.util.ArrayList<domain.Mugimendua>

[2026-05-06 11:40:08 #29 type.registry] 
New type java.util.ArrayList<domain.Oferta>

[2026-05-06 11:40:08 #30 type.registry] 
New type java.util.ArrayList<domain.Eskaera>

[2026-05-06 11:40:08 #31 type.registry] 
New type java.util.ArrayList<domain.Saskia>

[2026-05-06 11:40:08 #32 type.registry] 
New type java.util.ArrayList<domain.BalorazioProfila>

[2026-05-06 11:40:08 #33 store] 
Database 'C:\Users\Usuario\git\Market26\src\main\resources\products.temp' is closed by 18320@DESKTOP-C3ESJLV

[2026-05-06 11:40:21 #34 store] 
Database 'C:\Users\Usuario\git\Market26\src\main\resources\products.temp' is opened by 18320@DESKTOP-C3ESJLV

[2026-05-06 11:40:21 #35 store] 
Database 'C:\Users\Usuario\git\Market26\src\main\resources\products.temp' is closed by 18320@DESKTOP-C3ESJLV

[2026-05-06 11:40:33 #36 store] 
Database 'C:\Users\Usuario\git\Market26\src\main\resources\products.temp' is opened by 18320@DESKTOP-C3ESJLV

[2026-05-06 11:40:33 #37 store] 
Database 'C:\Users\Usuario\git\Market26\src\main\resources\products.temp' is closed by 18320@DESKTOP-C3ESJLV

[2026-05-06 11:40:38 #38 store] 
Database 'C:\Users\Usuario\git\Market26\src\main\resources\products.temp' is opened by 18320@DESKTOP-C3ESJLV

[2026-05-06 11:40:38 #39 store] 
Database 'C:\Users\Usuario\git\Market26\src\main\resources\products.temp' is closed by 18320@DESKTOP-C3ESJLV

[2026-05-06 11:40:49 #40 store] 
Database 'C:\Users\Usuario\git\Market26\src\main\resources\products.temp' is opened by 18320@DESKTOP-C3ESJLV

[2026-05-06 11:40:49 #41 store] 
Database 'C:\Users\Usuario\git\Market26\src\main\resources\products.temp' is closed by 18320@DESKTOP-C3ESJLV

[2026-05-06 11:40:51 #42 store] 
Database 'C:\Users\Usuario\git\Market26\src\main\resources\products.temp' is opened by 18320@DESKTOP-C3ESJLV

[2026-05-06 11:40:51 #43 store] 
Database 'C:\Users\Usuario\git\Market26\src\main\resources\products.temp' is closed by 18320@DESKTOP-C3ESJLV

[2026-05-06 11:41:06 #44 store] 
Database 'C:\Users\Usuario\git\Market26\src\main\resources\products.temp' is opened by 18320@DESKTOP-C3ESJLV

[2026-05-06 11:41:06 #45 store] 
Database 'C:\Users\Usuario\git\Market26\src\main\resources\products.temp' is closed by 18320@DESKTOP-C3ESJLV

[2026-05-06 11:41:13 #46 store] 
Database 'C:\Users\Usuario\git\Market26\src\main\resources\products.temp' is opened by 18320@DESKTOP-C3ESJLV

[2026-05-06 11:41:13 #47 store] 
Database 'C:\Users\Usuario\git\Market26\src\main\resources\products.temp' is closed by 18320@DESKTOP-C3ESJLV

[2026-05-06 11:41:17 #48 store] 
Database 'C:\Users\Usuario\git\Market26\src\main\resources\products.temp' is opened by 18320@DESKTOP-C3ESJLV

[2026-05-06 11:41:17 #49 store] 
Database 'C:\Users\Usuario\git\Market26\src\main\resources\products.temp' is closed by 18320@DESKTOP-C3ESJLV

[2026-05-06 11:41:22 #50 store] 
Database 'C:\Users\Usuario\git\Market26\src\main\resources\products.temp' is opened by 18320@DESKTOP-C3ESJLV

[2026-05-06 11:41:22 #51 store] 
Database 'C:\Users\Usuario\git\Market26\src\main\resources\products.temp' is closed by 18320@DESKTOP-C3ESJLV

------------------------------------------------------------------------------------------------------------------------

[2026-05-06 11:53:53 #1 store] 
Database 'C:\Users\Usuario\git\Market26\src\main\resources\products.temp' is opened by 22744@DESKTOP-C3ESJLV

[2026-05-06 11:53:53 #2 type] 
Type domain.Erabiltzailea is not enhanced.

[2026-05-06 11:53:53 #3 type] 
Type domain.User is not enhanced.

[2026-05-06 11:53:53 #4 type] 
Type domain.BalorazioProfila is not enhanced.

[2026-05-06 11:53:53 #5 type] 
Type domain.Saskia is not enhanced.

[2026-05-06 11:53:53 #6 type] 
Type domain.Eskaera is not enhanced.

[2026-05-06 11:53:53 #7 type] 
Type domain.Oferta is not enhanced.

[2026-05-06 11:53:53 #8 type] 
Type domain.Mugimendua is not enhanced.

[2026-05-06 11:53:53 #9 type] 
Type domain.Erreklamazioa is not enhanced.

[2026-05-06 11:53:53 #10 type] 
Type domain.DiruKontua is not enhanced.

[2026-05-06 11:53:53 #11 type] 
Type domain.Sale is not enhanced.

[2026-05-06 11:53:53 #12 type] 
Type domain.Admin is not enhanced.

[2026-05-06 11:53:53 #13 store] 
Database 'C:\Users\Usuario\git\Market26\src\main\resources\products.temp' is closed by 22744@DESKTOP-C3ESJLV

[2026-05-06 11:53:56 #14 store] 
Database 'C:\Users\Usuario\git\Market26\src\main\resources\products.temp' is opened by 22744@DESKTOP-C3ESJLV

[2026-05-06 11:53:56 #15 store] 
Database 'C:\Users\Usuario\git\Market26\src\main\resources\products.temp' is closed by 22744@DESKTOP-C3ESJLV

------------------------------------------------------------------------------------------------------------------------

[2026-05-06 12:00:51 #1 store] 
Database 'C:\Users\Usuario\git\Market26\src\main\resources\products.temp' is opened by 12284@DESKTOP-C3ESJLV

[2026-05-06 12:00:51 #2 type] 
Type domain.Erabiltzailea is not enhanced.

[2026-05-06 12:00:51 #3 type] 
Type domain.User is not enhanced.

[2026-05-06 12:00:51 #4 type] 
Type domain.BalorazioProfila is not enhanced.

[2026-05-06 12:00:51 #5 type] 
Type domain.Saskia is not enhanced.

[2026-05-06 12:00:51 #6 type] 
Type domain.Eskaera is not enhanced.

[2026-05-06 12:00:51 #7 type] 
Type domain.Oferta is not enhanced.

[2026-05-06 12:00:51 #8 type] 
Type domain.Mugimendua is not enhanced.

[2026-05-06 12:00:51 #9 type] 
Type domain.Erreklamazioa is not enhanced.

[2026-05-06 12:00:51 #10 type] 
Type domain.DiruKontua is not enhanced.

[2026-05-06 12:00:51 #11 type] 
Type domain.Sale is not enhanced.

[2026-05-06 12:00:51 #12 type] 
Type domain.Admin is not enhanced.

[2026-05-06 12:00:52 #13 store] 
Database 'C:\Users\Usuario\git\Market26\src\main\resources\products.temp' is closed by 12284@DESKTOP-C3ESJLV

[2026-05-06 12:01:10 #14 store] 
Database 'C:\Users\Usuario\git\Market26\src\main\resources\products.temp' is opened by 12284@DESKTOP-C3ESJLV

[2026-05-06 12:01:11 #15 store] 
Database 'C:\Users\Usuario\git\Market26\src\main\resources\products.temp' is closed by 12284@DESKTOP-C3ESJLV

[2026-05-06 12:01:18 #16 store] 
Database 'C:\Users\Usuario\git\Market26\src\main\resources\products.temp' is opened by 12284@DESKTOP-C3ESJLV

[2026-05-06 12:01:18 #17 store] 
Database 'C:\Users\Usuario\git\Market26\src\main\resources\products.temp' is closed by 12284@DESKTOP-C3ESJLV

[2026-05-06 12:01:33 #18 store] 
Database 'C:\Users\Usuario\git\Market26\src\main\resources\products.temp' is opened by 12284@DESKTOP-C3ESJLV

[2026-05-06 12:01:33 #19 store] 
Database 'C:\Users\Usuario\git\Market26\src\main\resources\products.temp' is closed by 12284@DESKTOP-C3ESJLV

[2026-05-06 12:01:42 #20 store] 
Database 'C:\Users\Usuario\git\Market26\src\main\resources\products.temp' is opened by 12284@DESKTOP-C3ESJLV

[2026-05-06 12:01:42 #21 store] 
Database 'C:\Users\Usuario\git\Market26\src\main\resources\products.temp' is closed by 12284@DESKTOP-C3ESJLV

------------------------------------------------------------------------------------------------------------------------

[2026-05-06 12:20:02 #1 store] 
Database 'C:\Users\Usuario\git\Market26\src\main\resources\products.temp' is opened by 2872@DESKTOP-C3ESJLV

[2026-05-06 12:20:02 #2 type] 
Type domain.Erabiltzailea is not enhanced.

[2026-05-06 12:20:02 #3 type] 
Type domain.User is not enhanced.

[2026-05-06 12:20:02 #4 type] 
Type domain.BalorazioProfila is not enhanced.

[2026-05-06 12:20:02 #5 type] 
Type domain.Saskia is not enhanced.

[2026-05-06 12:20:02 #6 type] 
Type domain.Eskaera is not enhanced.

[2026-05-06 12:20:02 #7 type] 
Type domain.Oferta is not enhanced.

[2026-05-06 12:20:02 #8 type] 
Type domain.Mugimendua is not enhanced.

[2026-05-06 12:20:02 #9 type] 
Type domain.Erreklamazioa is not enhanced.

[2026-05-06 12:20:02 #10 type] 
Type domain.DiruKontua is not enhanced.

[2026-05-06 12:20:02 #11 type] 
Type domain.Sale is not enhanced.

[2026-05-06 12:20:02 #12 type] 
Type domain.Admin is not enhanced.

[2026-05-06 12:20:02 #13 store] 
Database 'C:\Users\Usuario\git\Market26\src\main\resources\products.temp' is closed by 2872@DESKTOP-C3ESJLV

[2026-05-06 12:20:16 #14 store] 
Database 'C:\Users\Usuario\git\Market26\src\main\resources\products.temp' is opened by 2872@DESKTOP-C3ESJLV

[2026-05-06 12:20:16 #15 store] 
Database 'C:\Users\Usuario\git\Market26\src\main\resources\products.temp' is closed by 2872@DESKTOP-C3ESJLV

[2026-05-06 12:20:20 #16 store] 
Database 'C:\Users\Usuario\git\Market26\src\main\resources\products.temp' is opened by 2872@DESKTOP-C3ESJLV

[2026-05-06 12:20:20 #17 store] 
Database 'C:\Users\Usuario\git\Market26\src\main\resources\products.temp' is closed by 2872@DESKTOP-C3ESJLV

[2026-05-06 12:20:33 #18 store] 
Database 'C:\Users\Usuario\git\Market26\src\main\resources\products.temp' is opened by 2872@DESKTOP-C3ESJLV

[2026-05-06 12:20:33 #19 store] 
Database 'C:\Users\Usuario\git\Market26\src\main\resources\products.temp' is closed by 2872@DESKTOP-C3ESJLV

[2026-05-06 12:20:43 #20 store] 
Database 'C:\Users\Usuario\git\Market26\src\main\resources\products.temp' is opened by 2872@DESKTOP-C3ESJLV

[2026-05-06 12:20:44 #21 store] 
Database 'C:\Users\Usuario\git\Market26\src\main\resources\products.temp' is closed by 2872@DESKTOP-C3ESJLV

------------------------------------------------------------------------------------------------------------------------

[2026-05-06 12:30:02 #1 store] 
Database 'C:\Users\Usuario\git\Market26\src\main\resources\products.temp' is opened by 1300@DESKTOP-C3ESJLV

[2026-05-06 12:30:02 #2 type] 
Type domain.Erabiltzailea is not enhanced.

[2026-05-06 12:30:02 #3 type] 
Type domain.User is not enhanced.

[2026-05-06 12:30:02 #4 type] 
Type domain.BalorazioProfila is not enhanced.

[2026-05-06 12:30:02 #5 type] 
Type domain.Saskia is not enhanced.

[2026-05-06 12:30:02 #6 type] 
Type domain.Eskaera is not enhanced.

[2026-05-06 12:30:02 #7 type] 
Type domain.Oferta is not enhanced.

[2026-05-06 12:30:02 #8 type] 
Type domain.Mugimendua is not enhanced.

[2026-05-06 12:30:02 #9 type] 
Type domain.Erreklamazioa is not enhanced.

[2026-05-06 12:30:02 #10 type] 
Type domain.DiruKontua is not enhanced.

[2026-05-06 12:30:02 #11 type] 
Type domain.Sale is not enhanced.

[2026-05-06 12:30:02 #12 type] 
Type domain.Admin is not enhanced.

[2026-05-06 12:30:02 #13 store] 
Database 'C:\Users\Usuario\git\Market26\src\main\resources\products.temp' is closed by 1300@DESKTOP-C3ESJLV

[2026-05-06 12:30:02 #14 store] 
Database 'C:\Users\Usuario\git\Market26\src\main\resources\products.temp' is opened by 1300@DESKTOP-C3ESJLV

[2026-05-06 12:30:02 #15 store] 
Database 'C:\Users\Usuario\git\Market26\src\main\resources\products.temp' is closed by 1300@DESKTOP-C3ESJLV

------------------------------------------------------------------------------------------------------------------------

[2026-05-06 12:30:10 #1 store] 
Database 'C:\Users\Usuario\git\Market26\src\main\resources\products.temp' is opened by 4092@DESKTOP-C3ESJLV

[2026-05-06 12:30:10 #2 type.registry] 
New type domain.Erabiltzailea

[2026-05-06 12:30:10 #3 type.registry] 
New type domain.User

[2026-05-06 12:30:10 #4 type] 
Type domain.Erabiltzailea is not enhanced.

[2026-05-06 12:30:10 #5 type] 
Type domain.User is not enhanced.

[2026-05-06 12:30:10 #6 type.registry] 
New type domain.BalorazioProfila

[2026-05-06 12:30:10 #7 type.registry] 
New type domain.Saskia

[2026-05-06 12:30:10 #8 type.registry] 
New type domain.Eskaera

[2026-05-06 12:30:10 #9 type.registry] 
New type domain.Oferta

[2026-05-06 12:30:10 #10 type.registry] 
New type domain.Mugimendua

[2026-05-06 12:30:10 #11 type.registry] 
New type domain.Erreklamazioa

[2026-05-06 12:30:10 #12 type.registry] 
New type domain.DiruKontua

[2026-05-06 12:30:10 #13 type.registry] 
New type domain.Sale

[2026-05-06 12:30:10 #14 type] 
Type domain.BalorazioProfila is not enhanced.

[2026-05-06 12:30:10 #15 type] 
Type domain.Saskia is not enhanced.

[2026-05-06 12:30:10 #16 type] 
Type domain.Eskaera is not enhanced.

[2026-05-06 12:30:10 #17 type] 
Type domain.Oferta is not enhanced.

[2026-05-06 12:30:10 #18 type] 
Type domain.Mugimendua is not enhanced.

[2026-05-06 12:30:10 #19 type] 
Type domain.Erreklamazioa is not enhanced.

[2026-05-06 12:30:10 #20 type] 
Type domain.DiruKontua is not enhanced.

[2026-05-06 12:30:10 #21 type] 
Type domain.Sale is not enhanced.

[2026-05-06 12:30:10 #22 type.registry] 
New type domain.Admin

[2026-05-06 12:30:10 #23 type] 
Type domain.Admin is not enhanced.

[2026-05-06 12:30:10 #24 type.registry] 
New type java.util.ArrayList<java.lang.Object>

[2026-05-06 12:30:10 #25 type.registry] 
New type java.util.ArrayList<domain.Sale>

[2026-05-06 12:30:10 #26 type.registry] 
New type java.util.ArrayList<domain.DiruKontua>

[2026-05-06 12:30:10 #27 type.registry] 
New type java.util.ArrayList<domain.Erreklamazioa>

[2026-05-06 12:30:10 #28 type.registry] 
New type java.util.ArrayList<domain.Mugimendua>

[2026-05-06 12:30:10 #29 type.registry] 
New type java.util.ArrayList<domain.Oferta>

[2026-05-06 12:30:10 #30 type.registry] 
New type java.util.ArrayList<domain.Eskaera>

[2026-05-06 12:30:10 #31 type.registry] 
New type java.util.ArrayList<domain.Saskia>

[2026-05-06 12:30:10 #32 type.registry] 
New type java.util.ArrayList<domain.BalorazioProfila>

[2026-05-06 12:30:10 #33 store] 
Database 'C:\Users\Usuario\git\Market26\src\main\resources\products.temp' is closed by 4092@DESKTOP-C3ESJLV

[2026-05-06 12:30:21 #34 store] 
Database 'C:\Users\Usuario\git\Market26\src\main\resources\products.temp' is opened by 4092@DESKTOP-C3ESJLV

[2026-05-06 12:30:22 #35 store] 
Database 'C:\Users\Usuario\git\Market26\src\main\resources\products.temp' is closed by 4092@DESKTOP-C3ESJLV

[2026-05-06 12:31:36 #36 store] 
Database 'C:\Users\Usuario\git\Market26\src\main\resources\products.temp' is opened by 4092@DESKTOP-C3ESJLV

[2026-05-06 12:31:36 #37 store] 
Database 'C:\Users\Usuario\git\Market26\src\main\resources\products.temp' is closed by 4092@DESKTOP-C3ESJLV

------------------------------------------------------------------------------------------------------------------------

[2026-05-06 12:32:45 #1 store] 
Database 'C:\Users\Usuario\git\Market26\src\main\resources\products.temp' is opened by 13016@DESKTOP-C3ESJLV

[2026-05-06 12:32:45 #2 type] 
Type domain.Erabiltzailea is not enhanced.

[2026-05-06 12:32:45 #3 type] 
Type domain.User is not enhanced.

[2026-05-06 12:32:45 #4 type] 
Type domain.BalorazioProfila is not enhanced.

[2026-05-06 12:32:45 #5 type] 
Type domain.Saskia is not enhanced.

[2026-05-06 12:32:45 #6 type] 
Type domain.Eskaera is not enhanced.

[2026-05-06 12:32:45 #7 type] 
Type domain.Oferta is not enhanced.

[2026-05-06 12:32:45 #8 type] 
Type domain.Mugimendua is not enhanced.

[2026-05-06 12:32:45 #9 type] 
Type domain.Erreklamazioa is not enhanced.

[2026-05-06 12:32:45 #10 type] 
Type domain.DiruKontua is not enhanced.

[2026-05-06 12:32:45 #11 type] 
Type domain.Sale is not enhanced.

[2026-05-06 12:32:45 #12 type] 
Type domain.Admin is not enhanced.

[2026-05-06 12:32:45 #13 store] 
Database 'C:\Users\Usuario\git\Market26\src\main\resources\products.temp' is closed by 13016@DESKTOP-C3ESJLV

[2026-05-06 12:32:52 #14 store] 
Database 'C:\Users\Usuario\git\Market26\src\main\resources\products.temp' is opened by 13016@DESKTOP-C3ESJLV

[2026-05-06 12:32:52 #15 store] 
Database 'C:\Users\Usuario\git\Market26\src\main\resources\products.temp' is closed by 13016@DESKTOP-C3ESJLV

[2026-05-06 12:36:22 #16 store] 
Database 'C:\Users\Usuario\git\Market26\src\main\resources\products.temp' is opened by 13016@DESKTOP-C3ESJLV

[2026-05-06 12:36:22 #17 store] 
Database 'C:\Users\Usuario\git\Market26\src\main\resources\products.temp' is closed by 13016@DESKTOP-C3ESJLV

------------------------------------------------------------------------------------------------------------------------

[2026-05-06 12:37:09 #1 store] 
Database 'C:\Users\Usuario\git\Market26\src\main\resources\products.temp' is opened by 4244@DESKTOP-C3ESJLV

[2026-05-06 12:37:09 #2 type] 
Type domain.Erabiltzailea is not enhanced.

[2026-05-06 12:37:09 #3 type] 
Type domain.User is not enhanced.

[2026-05-06 12:37:09 #4 type] 
Type domain.BalorazioProfila is not enhanced.

[2026-05-06 12:37:09 #5 type] 
Type domain.Saskia is not enhanced.

[2026-05-06 12:37:09 #6 type] 
Type domain.Eskaera is not enhanced.

[2026-05-06 12:37:09 #7 type] 
Type domain.Oferta is not enhanced.

[2026-05-06 12:37:09 #8 type] 
Type domain.Mugimendua is not enhanced.

[2026-05-06 12:37:09 #9 type] 
Type domain.Erreklamazioa is not enhanced.

[2026-05-06 12:37:09 #10 type] 
Type domain.DiruKontua is not enhanced.

[2026-05-06 12:37:09 #11 type] 
Type domain.Sale is not enhanced.

[2026-05-06 12:37:09 #12 type] 
Type domain.Admin is not enhanced.

[2026-05-06 12:37:09 #13 store] 
Database 'C:\Users\Usuario\git\Market26\src\main\resources\products.temp' is closed by 4244@DESKTOP-C3ESJLV

[2026-05-06 12:37:18 #14 store] 
Database 'C:\Users\Usuario\git\Market26\src\main\resources\products.temp' is opened by 4244@DESKTOP-C3ESJLV

[2026-05-06 12:37:18 #15 store] 
Database 'C:\Users\Usuario\git\Market26\src\main\resources\products.temp' is closed by 4244@DESKTOP-C3ESJLV

[2026-05-06 12:37:21 #16 store] 
Database 'C:\Users\Usuario\git\Market26\src\main\resources\products.temp' is opened by 4244@DESKTOP-C3ESJLV

[2026-05-06 12:37:21 #17 store] 
Database 'C:\Users\Usuario\git\Market26\src\main\resources\products.temp' is closed by 4244@DESKTOP-C3ESJLV

[2026-05-06 12:37:33 #18 store] 
Database 'C:\Users\Usuario\git\Market26\src\main\resources\products.temp' is opened by 4244@DESKTOP-C3ESJLV

[2026-05-06 12:37:33 #19 store] 
Database 'C:\Users\Usuario\git\Market26\src\main\resources\products.temp' is closed by 4244@DESKTOP-C3ESJLV

[2026-05-06 12:37:39 #20 store] 
Database 'C:\Users\Usuario\git\Market26\src\main\resources\products.temp' is opened by 4244@DESKTOP-C3ESJLV

[2026-05-06 12:37:39 #21 store] 
Database 'C:\Users\Usuario\git\Market26\src\main\resources\products.temp' is closed by 4244@DESKTOP-C3ESJLV

[2026-05-06 12:37:45 #22 store] 
Database 'C:\Users\Usuario\git\Market26\src\main\resources\products.temp' is opened by 4244@DESKTOP-C3ESJLV

[2026-05-06 12:37:45 #23 store] 
Database 'C:\Users\Usuario\git\Market26\src\main\resources\products.temp' is closed by 4244@DESKTOP-C3ESJLV

[2026-05-06 12:37:45 #24 store] 
Database 'C:\Users\Usuario\git\Market26\src\main\resources\products.temp' is opened by 4244@DESKTOP-C3ESJLV

[2026-05-06 12:37:45 #25 store] 
Database 'C:\Users\Usuario\git\Market26\src\main\resources\products.temp' is closed by 4244@DESKTOP-C3ESJLV

[2026-05-06 12:37:46 #26 store] 
Database 'C:\Users\Usuario\git\Market26\src\main\resources\products.temp' is opened by 4244@DESKTOP-C3ESJLV

[2026-05-06 12:37:46 #27 store] 
Database 'C:\Users\Usuario\git\Market26\src\main\resources\products.temp' is closed by 4244@DESKTOP-C3ESJLV

[2026-05-06 12:37:46 #28 store] 
Database 'C:\Users\Usuario\git\Market26\src\main\resources\products.temp' is opened by 4244@DESKTOP-C3ESJLV

[2026-05-06 12:37:46 #29 store] 
Database 'C:\Users\Usuario\git\Market26\src\main\resources\products.temp' is closed by 4244@DESKTOP-C3ESJLV

[2026-05-06 12:37:46 #30 store] 
Database 'C:\Users\Usuario\git\Market26\src\main\resources\products.temp' is opened by 4244@DESKTOP-C3ESJLV

[2026-05-06 12:37:46 #31 store] 
Database 'C:\Users\Usuario\git\Market26\src\main\resources\products.temp' is closed by 4244@DESKTOP-C3ESJLV

[2026-05-06 12:37:46 #32 store] 
Database 'C:\Users\Usuario\git\Market26\src\main\resources\products.temp' is opened by 4244@DESKTOP-C3ESJLV

[2026-05-06 12:37:46 #33 store] 
Database 'C:\Users\Usuario\git\Market26\src\main\resources\products.temp' is closed by 4244@DESKTOP-C3ESJLV

[2026-05-06 12:37:46 #34 store] 
Database 'C:\Users\Usuario\git\Market26\src\main\resources\products.temp' is opened by 4244@DESKTOP-C3ESJLV

[2026-05-06 12:37:46 #35 store] 
Database 'C:\Users\Usuario\git\Market26\src\main\resources\products.temp' is closed by 4244@DESKTOP-C3ESJLV

[2026-05-06 12:37:46 #36 store] 
Database 'C:\Users\Usuario\git\Market26\src\main\resources\products.temp' is opened by 4244@DESKTOP-C3ESJLV

[2026-05-06 12:37:46 #37 store] 
Database 'C:\Users\Usuario\git\Market26\src\main\resources\products.temp' is closed by 4244@DESKTOP-C3ESJLV

[2026-05-06 12:37:46 #38 store] 
Database 'C:\Users\Usuario\git\Market26\src\main\resources\products.temp' is opened by 4244@DESKTOP-C3ESJLV

[2026-05-06 12:37:46 #39 store] 
Database 'C:\Users\Usuario\git\Market26\src\main\resources\products.temp' is closed by 4244@DESKTOP-C3ESJLV

[2026-05-06 12:37:46 #40 store] 
Database 'C:\Users\Usuario\git\Market26\src\main\resources\products.temp' is opened by 4244@DESKTOP-C3ESJLV

[2026-05-06 12:37:46 #41 store] 
Database 'C:\Users\Usuario\git\Market26\src\main\resources\products.temp' is closed by 4244@DESKTOP-C3ESJLV

[2026-05-06 12:37:46 #42 store] 
Database 'C:\Users\Usuario\git\Market26\src\main\resources\products.temp' is opened by 4244@DESKTOP-C3ESJLV

[2026-05-06 12:37:46 #43 store] 
Database 'C:\Users\Usuario\git\Market26\src\main\resources\products.temp' is closed by 4244@DESKTOP-C3ESJLV

[2026-05-06 12:37:50 #44 store] 
Database 'C:\Users\Usuario\git\Market26\src\main\resources\products.temp' is opened by 4244@DESKTOP-C3ESJLV

[2026-05-06 12:37:50 #45 store] 
Database 'C:\Users\Usuario\git\Market26\src\main\resources\products.temp' is closed by 4244@DESKTOP-C3ESJLV

[2026-05-06 12:37:50 #46 store] 
Database 'C:\Users\Usuario\git\Market26\src\main\resources\products.temp' is opened by 4244@DESKTOP-C3ESJLV

[2026-05-06 12:37:50 #47 store] 
Database 'C:\Users\Usuario\git\Market26\src\main\resources\products.temp' is closed by 4244@DESKTOP-C3ESJLV

[2026-05-06 12:38:42 #48 store] 
Database 'C:\Users\Usuario\git\Market26\src\main\resources\products.temp' is opened by 4244@DESKTOP-C3ESJLV

[2026-05-06 12:38:42 #49 store] 
Database 'C:\Users\Usuario\git\Market26\src\main\resources\products.temp' is closed by 4244@DESKTOP-C3ESJLV

[2026-05-06 12:38:44 #50 store] 
Database 'C:\Users\Usuario\git\Market26\src\main\resources\products.temp' is opened by 4244@DESKTOP-C3ESJLV

[2026-05-06 12:38:44 #51 store] 
Database 'C:\Users\Usuario\git\Market26\src\main\resources\products.temp' is closed by 4244@DESKTOP-C3ESJLV

[2026-05-06 12:38:47 #52 store] 
Database 'C:\Users\Usuario\git\Market26\src\main\resources\products.temp' is opened by 4244@DESKTOP-C3ESJLV

[2026-05-06 12:38:47 #53 store] 
Database 'C:\Users\Usuario\git\Market26\src\main\resources\products.temp' is closed by 4244@DESKTOP-C3ESJLV

[2026-05-06 12:39:00 #54 store] 
Database 'C:\Users\Usuario\git\Market26\src\main\resources\products.temp' is opened by 4244@DESKTOP-C3ESJLV

[2026-05-06 12:39:00 #55 store] 
Database 'C:\Users\Usuario\git\Market26\src\main\resources\products.temp' is closed by 4244@DESKTOP-C3ESJLV

[2026-05-06 12:39:18 #56 store] 
Database 'C:\Users\Usuario\git\Market26\src\main\resources\products.temp' is opened by 4244@DESKTOP-C3ESJLV

[2026-05-06 12:39:18 #57 store] 
Database 'C:\Users\Usuario\git\Market26\src\main\resources\products.temp' is closed by 4244@DESKTOP-C3ESJLV

[2026-05-06 12:39:18 #58 store] 
Database 'C:\Users\Usuario\git\Market26\src\main\resources\products.temp' is opened by 4244@DESKTOP-C3ESJLV

[2026-05-06 12:39:18 #59 store] 
Database 'C:\Users\Usuario\git\Market26\src\main\resources\products.temp' is closed by 4244@DESKTOP-C3ESJLV

[2026-05-06 12:39:31 #60 store] 
Database 'C:\Users\Usuario\git\Market26\src\main\resources\products.temp' is opened by 4244@DESKTOP-C3ESJLV

[2026-05-06 12:39:31 #61 store] 
Database 'C:\Users\Usuario\git\Market26\src\main\resources\products.temp' is closed by 4244@DESKTOP-C3ESJLV

[2026-05-06 12:39:34 #62 store] 
Database 'C:\Users\Usuario\git\Market26\src\main\resources\products.temp' is opened by 4244@DESKTOP-C3ESJLV

[2026-05-06 12:39:34 #63 store] 
Database 'C:\Users\Usuario\git\Market26\src\main\resources\products.temp' is closed by 4244@DESKTOP-C3ESJLV

[2026-05-06 12:41:03 #64 store] 
Database 'C:\Users\Usuario\git\Market26\src\main\resources\products.temp' is opened by 4244@DESKTOP-C3ESJLV

[2026-05-06 12:41:03 #65 store] 
Database 'C:\Users\Usuario\git\Market26\src\main\resources\products.temp' is closed by 4244@DESKTOP-C3ESJLV

[2026-05-06 12:41:23 #66 store] 
Database 'C:\Users\Usuario\git\Market26\src\main\resources\products.temp' is opened by 4244@DESKTOP-C3ESJLV

[2026-05-06 12:41:23 #67 store] 
Database 'C:\Users\Usuario\git\Market26\src\main\resources\products.temp' is closed by 4244@DESKTOP-C3ESJLV

[2026-05-06 12:41:24 #68 store] 
Database 'C:\Users\Usuario\git\Market26\src\main\resources\products.temp' is opened by 4244@DESKTOP-C3ESJLV

[2026-05-06 12:41:24 #69 store] 
Database 'C:\Users\Usuario\git\Market26\src\main\resources\products.temp' is closed by 4244@DESKTOP-C3ESJLV

[2026-05-06 12:41:54 #70 store] 
Database 'C:\Users\Usuario\git\Market26\src\main\resources\products.temp' is opened by 4244@DESKTOP-C3ESJLV

[2026-05-06 12:41:54 #71 store] 
Database 'C:\Users\Usuario\git\Market26\src\main\resources\products.temp' is closed by 4244@DESKTOP-C3ESJLV

[2026-05-06 12:42:50 #72 store] 
Database 'C:\Users\Usuario\git\Market26\src\main\resources\products.temp' is opened by 4244@DESKTOP-C3ESJLV

[2026-05-06 12:42:50 #73 store] 
Database 'C:\Users\Usuario\git\Market26\src\main\resources\products.temp' is closed by 4244@DESKTOP-C3ESJLV

[2026-05-06 12:42:52 #74 store] 
Database 'C:\Users\Usuario\git\Market26\src\main\resources\products.temp' is opened by 4244@DESKTOP-C3ESJLV

[2026-05-06 12:42:52 #75 store] 
Database 'C:\Users\Usuario\git\Market26\src\main\resources\products.temp' is closed by 4244@DESKTOP-C3ESJLV

[2026-05-06 12:42:52 #76 store] 
Database 'C:\Users\Usuario\git\Market26\src\main\resources\products.temp' is opened by 4244@DESKTOP-C3ESJLV

[2026-05-06 12:42:52 #77 store] 
Database 'C:\Users\Usuario\git\Market26\src\main\resources\products.temp' is closed by 4244@DESKTOP-C3ESJLV

[2026-05-06 12:43:18 #78 store] 
Database 'C:\Users\Usuario\git\Market26\src\main\resources\products.temp' is opened by 4244@DESKTOP-C3ESJLV

[2026-05-06 12:43:18 #79 store] 
Database 'C:\Users\Usuario\git\Market26\src\main\resources\products.temp' is closed by 4244@DESKTOP-C3ESJLV

------------------------------------------------------------------------------------------------------------------------

[2026-05-06 12:44:43 #1 store] 
Database 'C:\Users\Usuario\git\Market26\src\main\resources\products.temp' is opened by 15412@DESKTOP-C3ESJLV

[2026-05-06 12:44:43 #2 type] 
Type domain.Erabiltzailea is not enhanced.

[2026-05-06 12:44:43 #3 type] 
Type domain.User is not enhanced.

[2026-05-06 12:44:43 #4 type] 
Type domain.BalorazioProfila is not enhanced.

[2026-05-06 12:44:43 #5 type] 
Type domain.Saskia is not enhanced.

[2026-05-06 12:44:43 #6 type] 
Type domain.Eskaera is not enhanced.

[2026-05-06 12:44:43 #7 type] 
Type domain.Oferta is not enhanced.

[2026-05-06 12:44:43 #8 type] 
Type domain.Mugimendua is not enhanced.

[2026-05-06 12:44:43 #9 type] 
Type domain.Erreklamazioa is not enhanced.

[2026-05-06 12:44:43 #10 type] 
Type domain.DiruKontua is not enhanced.

[2026-05-06 12:44:43 #11 type] 
Type domain.Sale is not enhanced.

[2026-05-06 12:44:43 #12 type] 
Type domain.Admin is not enhanced.

[2026-05-06 12:44:43 #13 store] 
Database 'C:\Users\Usuario\git\Market26\src\main\resources\products.temp' is closed by 15412@DESKTOP-C3ESJLV

[2026-05-06 12:44:53 #14 store] 
Database 'C:\Users\Usuario\git\Market26\src\main\resources\products.temp' is opened by 15412@DESKTOP-C3ESJLV

[2026-05-06 12:44:53 #15 store] 
Database 'C:\Users\Usuario\git\Market26\src\main\resources\products.temp' is closed by 15412@DESKTOP-C3ESJLV

[2026-05-06 12:44:54 #16 store] 
Database 'C:\Users\Usuario\git\Market26\src\main\resources\products.temp' is opened by 15412@DESKTOP-C3ESJLV

[2026-05-06 12:44:54 #17 store] 
Database 'C:\Users\Usuario\git\Market26\src\main\resources\products.temp' is closed by 15412@DESKTOP-C3ESJLV

[2026-05-06 12:44:55 #18 store] 
Database 'C:\Users\Usuario\git\Market26\src\main\resources\products.temp' is opened by 15412@DESKTOP-C3ESJLV

[2026-05-06 12:44:55 #19 store] 
Database 'C:\Users\Usuario\git\Market26\src\main\resources\products.temp' is closed by 15412@DESKTOP-C3ESJLV

[2026-05-06 12:45:05 #20 store] 
Database 'C:\Users\Usuario\git\Market26\src\main\resources\products.temp' is opened by 15412@DESKTOP-C3ESJLV

[2026-05-06 12:45:05 #21 store] 
Database 'C:\Users\Usuario\git\Market26\src\main\resources\products.temp' is closed by 15412@DESKTOP-C3ESJLV

[2026-05-06 12:45:19 #22 store] 
Database 'C:\Users\Usuario\git\Market26\src\main\resources\products.temp' is opened by 15412@DESKTOP-C3ESJLV

[2026-05-06 12:45:19 #23 store] 
Database 'C:\Users\Usuario\git\Market26\src\main\resources\products.temp' is closed by 15412@DESKTOP-C3ESJLV

[2026-05-06 12:45:39 #24 store] 
Database 'C:\Users\Usuario\git\Market26\src\main\resources\products.temp' is opened by 15412@DESKTOP-C3ESJLV

[2026-05-06 12:45:39 #25 store] 
Database 'C:\Users\Usuario\git\Market26\src\main\resources\products.temp' is closed by 15412@DESKTOP-C3ESJLV

[2026-05-06 12:45:43 #26 store] 
Database 'C:\Users\Usuario\git\Market26\src\main\resources\products.temp' is opened by 15412@DESKTOP-C3ESJLV

[2026-05-06 12:45:43 #27 store] 
Database 'C:\Users\Usuario\git\Market26\src\main\resources\products.temp' is closed by 15412@DESKTOP-C3ESJLV

[2026-05-06 12:45:43 #28 store] 
Database 'C:\Users\Usuario\git\Market26\src\main\resources\products.temp' is opened by 15412@DESKTOP-C3ESJLV

[2026-05-06 12:45:43 #29 store] 
Database 'C:\Users\Usuario\git\Market26\src\main\resources\products.temp' is closed by 15412@DESKTOP-C3ESJLV

[2026-05-06 12:46:04 #30 store] 
Database 'C:\Users\Usuario\git\Market26\src\main\resources\products.temp' is opened by 15412@DESKTOP-C3ESJLV

[2026-05-06 12:46:04 #31 store] 
Database 'C:\Users\Usuario\git\Market26\src\main\resources\products.temp' is closed by 15412@DESKTOP-C3ESJLV

[2026-05-06 12:46:14 #32 store] 
Database 'C:\Users\Usuario\git\Market26\src\main\resources\products.temp' is opened by 15412@DESKTOP-C3ESJLV

[2026-05-06 12:46:14 #33 store] 
Database 'C:\Users\Usuario\git\Market26\src\main\resources\products.temp' is closed by 15412@DESKTOP-C3ESJLV

[2026-05-06 12:46:25 #34 store] 
Database 'C:\Users\Usuario\git\Market26\src\main\resources\products.temp' is opened by 15412@DESKTOP-C3ESJLV

[2026-05-06 12:46:25 #35 store] 
Database 'C:\Users\Usuario\git\Market26\src\main\resources\products.temp' is closed by 15412@DESKTOP-C3ESJLV

[2026-05-06 12:46:25 #36 store] 
Database 'C:\Users\Usuario\git\Market26\src\main\resources\products.temp' is opened by 15412@DESKTOP-C3ESJLV

[2026-05-06 12:46:25 #37 store] 
Database 'C:\Users\Usuario\git\Market26\src\main\resources\products.temp' is closed by 15412@DESKTOP-C3ESJLV

[2026-05-06 12:46:28 #38 store] 
Database 'C:\Users\Usuario\git\Market26\src\main\resources\products.temp' is opened by 15412@DESKTOP-C3ESJLV

[2026-05-06 12:46:28 #39 store] 
Database 'C:\Users\Usuario\git\Market26\src\main\resources\products.temp' is closed by 15412@DESKTOP-C3ESJLV

[2026-05-06 12:46:31 #40 store] 
Database 'C:\Users\Usuario\git\Market26\src\main\resources\products.temp' is opened by 15412@DESKTOP-C3ESJLV

[2026-05-06 12:46:31 #41 store] 
Database 'C:\Users\Usuario\git\Market26\src\main\resources\products.temp' is closed by 15412@DESKTOP-C3ESJLV

------------------------------------------------------------------------------------------------------------------------

[2026-05-06 12:46:34 #1 store] 
Database 'C:\Users\Usuario\git\Market26\src\main\resources\products.temp' is opened by 27036@DESKTOP-C3ESJLV

[2026-05-06 12:46:34 #2 type] 
Type domain.Erabiltzailea is not enhanced.

[2026-05-06 12:46:34 #3 type] 
Type domain.User is not enhanced.

[2026-05-06 12:46:34 #4 type] 
Type domain.BalorazioProfila is not enhanced.

[2026-05-06 12:46:34 #5 type] 
Type domain.Saskia is not enhanced.

[2026-05-06 12:46:34 #6 type] 
Type domain.Eskaera is not enhanced.

[2026-05-06 12:46:34 #7 type] 
Type domain.Oferta is not enhanced.

[2026-05-06 12:46:34 #8 type] 
Type domain.Mugimendua is not enhanced.

[2026-05-06 12:46:34 #9 type] 
Type domain.Erreklamazioa is not enhanced.

[2026-05-06 12:46:34 #10 type] 
Type domain.DiruKontua is not enhanced.

[2026-05-06 12:46:34 #11 type] 
Type domain.Sale is not enhanced.

[2026-05-06 12:46:34 #12 type] 
Type domain.Admin is not enhanced.

[2026-05-06 12:46:34 #13 store] 
Database 'C:\Users\Usuario\git\Market26\src\main\resources\products.temp' is closed by 27036@DESKTOP-C3ESJLV

[2026-05-06 12:46:42 #14 store] 
Database 'C:\Users\Usuario\git\Market26\src\main\resources\products.temp' is opened by 27036@DESKTOP-C3ESJLV

[2026-05-06 12:46:42 #15 store] 
Database 'C:\Users\Usuario\git\Market26\src\main\resources\products.temp' is closed by 27036@DESKTOP-C3ESJLV

[2026-05-06 12:46:49 #16 store] 
Database 'C:\Users\Usuario\git\Market26\src\main\resources\products.temp' is opened by 27036@DESKTOP-C3ESJLV

[2026-05-06 12:46:49 #17 store] 
Database 'C:\Users\Usuario\git\Market26\src\main\resources\products.temp' is closed by 27036@DESKTOP-C3ESJLV

[2026-05-06 12:46:49 #18 store] 
Database 'C:\Users\Usuario\git\Market26\src\main\resources\products.temp' is opened by 27036@DESKTOP-C3ESJLV

[2026-05-06 12:46:49 #19 store] 
Database 'C:\Users\Usuario\git\Market26\src\main\resources\products.temp' is closed by 27036@DESKTOP-C3ESJLV

[2026-05-06 12:46:53 #20 store] 
Database 'C:\Users\Usuario\git\Market26\src\main\resources\products.temp' is opened by 27036@DESKTOP-C3ESJLV

[2026-05-06 12:46:53 #21 store] 
Database 'C:\Users\Usuario\git\Market26\src\main\resources\products.temp' is closed by 27036@DESKTOP-C3ESJLV

[2026-05-06 12:46:57 #22 store] 
Database 'C:\Users\Usuario\git\Market26\src\main\resources\products.temp' is opened by 27036@DESKTOP-C3ESJLV

[2026-05-06 12:46:57 #23 store] 
Database 'C:\Users\Usuario\git\Market26\src\main\resources\products.temp' is closed by 27036@DESKTOP-C3ESJLV

------------------------------------------------------------------------------------------------------------------------

[2026-05-06 12:46:59 #1 store] 
Database 'C:\Users\Usuario\git\Market26\src\main\resources\products.temp' is opened by 2980@DESKTOP-C3ESJLV

[2026-05-06 12:47:00 #2 type] 
Type domain.Erabiltzailea is not enhanced.

[2026-05-06 12:47:00 #3 type] 
Type domain.User is not enhanced.

[2026-05-06 12:47:00 #4 type] 
Type domain.BalorazioProfila is not enhanced.

[2026-05-06 12:47:00 #5 type] 
Type domain.Saskia is not enhanced.

[2026-05-06 12:47:00 #6 type] 
Type domain.Eskaera is not enhanced.

[2026-05-06 12:47:00 #7 type] 
Type domain.Oferta is not enhanced.

[2026-05-06 12:47:00 #8 type] 
Type domain.Mugimendua is not enhanced.

[2026-05-06 12:47:00 #9 type] 
Type domain.Erreklamazioa is not enhanced.

[2026-05-06 12:47:00 #10 type] 
Type domain.DiruKontua is not enhanced.

[2026-05-06 12:47:00 #11 type] 
Type domain.Sale is not enhanced.

[2026-05-06 12:47:00 #12 type] 
Type domain.Admin is not enhanced.

[2026-05-06 12:47:00 #13 store] 
Database 'C:\Users\Usuario\git\Market26\src\main\resources\products.temp' is closed by 2980@DESKTOP-C3ESJLV

[2026-05-06 12:47:10 #14 store] 
Database 'C:\Users\Usuario\git\Market26\src\main\resources\products.temp' is opened by 2980@DESKTOP-C3ESJLV

[2026-05-06 12:47:10 #15 store] 
Database 'C:\Users\Usuario\git\Market26\src\main\resources\products.temp' is closed by 2980@DESKTOP-C3ESJLV

[2026-05-06 12:47:13 #16 store] 
Database 'C:\Users\Usuario\git\Market26\src\main\resources\products.temp' is opened by 2980@DESKTOP-C3ESJLV

[2026-05-06 12:47:13 #17 store] 
Database 'C:\Users\Usuario\git\Market26\src\main\resources\products.temp' is closed by 2980@DESKTOP-C3ESJLV

[2026-05-06 12:47:17 #18 store] 
Database 'C:\Users\Usuario\git\Market26\src\main\resources\products.temp' is opened by 2980@DESKTOP-C3ESJLV

[2026-05-06 12:47:17 #19 store] 
Database 'C:\Users\Usuario\git\Market26\src\main\resources\products.temp' is closed by 2980@DESKTOP-C3ESJLV

[2026-05-06 12:47:17 #20 store] 
Database 'C:\Users\Usuario\git\Market26\src\main\resources\products.temp' is opened by 2980@DESKTOP-C3ESJLV

[2026-05-06 12:47:17 #21 store] 
Database 'C:\Users\Usuario\git\Market26\src\main\resources\products.temp' is closed by 2980@DESKTOP-C3ESJLV

[2026-05-06 12:47:27 #22 store] 
Database 'C:\Users\Usuario\git\Market26\src\main\resources\products.temp' is opened by 2980@DESKTOP-C3ESJLV

[2026-05-06 12:47:27 #23 store] 
Database 'C:\Users\Usuario\git\Market26\src\main\resources\products.temp' is closed by 2980@DESKTOP-C3ESJLV

------------------------------------------------------------------------------------------------------------------------

[2026-05-06 12:49:07 #1 store] 
Database 'C:\Users\Usuario\git\Market26\src\main\resources\products.temp' is opened by 15044@DESKTOP-C3ESJLV

[2026-05-06 12:49:07 #2 type.registry] 
New type domain.Erabiltzailea

[2026-05-06 12:49:07 #3 type.registry] 
New type domain.User

[2026-05-06 12:49:07 #4 type] 
Type domain.Erabiltzailea is not enhanced.

[2026-05-06 12:49:07 #5 type] 
Type domain.User is not enhanced.

[2026-05-06 12:49:07 #6 type.registry] 
New type domain.BalorazioProfila

[2026-05-06 12:49:07 #7 type.registry] 
New type domain.Saskia

[2026-05-06 12:49:07 #8 type.registry] 
New type domain.Eskaera

[2026-05-06 12:49:07 #9 type.registry] 
New type domain.Oferta

[2026-05-06 12:49:07 #10 type.registry] 
New type domain.Mugimendua

[2026-05-06 12:49:07 #11 type.registry] 
New type domain.Erreklamazioa

[2026-05-06 12:49:07 #12 type.registry] 
New type domain.DiruKontua

[2026-05-06 12:49:07 #13 type.registry] 
New type domain.Sale

[2026-05-06 12:49:07 #14 type] 
Type domain.BalorazioProfila is not enhanced.

[2026-05-06 12:49:07 #15 type] 
Type domain.Saskia is not enhanced.

[2026-05-06 12:49:07 #16 type] 
Type domain.Eskaera is not enhanced.

[2026-05-06 12:49:07 #17 type] 
Type domain.Oferta is not enhanced.

[2026-05-06 12:49:07 #18 type] 
Type domain.Mugimendua is not enhanced.

[2026-05-06 12:49:07 #19 type] 
Type domain.Erreklamazioa is not enhanced.

[2026-05-06 12:49:07 #20 type] 
Type domain.DiruKontua is not enhanced.

[2026-05-06 12:49:07 #21 type] 
Type domain.Sale is not enhanced.

[2026-05-06 12:49:07 #22 type.registry] 
New type domain.Admin

[2026-05-06 12:49:07 #23 type] 
Type domain.Admin is not enhanced.

[2026-05-06 12:49:07 #24 type.registry] 
New type java.util.ArrayList<java.lang.Object>

[2026-05-06 12:49:07 #25 type.registry] 
New type java.util.ArrayList<domain.Sale>

[2026-05-06 12:49:07 #26 type.registry] 
New type java.util.ArrayList<domain.DiruKontua>

[2026-05-06 12:49:07 #27 type.registry] 
New type java.util.ArrayList<domain.Erreklamazioa>

[2026-05-06 12:49:07 #28 type.registry] 
New type java.util.ArrayList<domain.Mugimendua>

[2026-05-06 12:49:07 #29 type.registry] 
New type java.util.ArrayList<domain.Oferta>

[2026-05-06 12:49:07 #30 type.registry] 
New type java.util.ArrayList<domain.Eskaera>

[2026-05-06 12:49:07 #31 type.registry] 
New type java.util.ArrayList<domain.Saskia>

[2026-05-06 12:49:07 #32 type.registry] 
New type java.util.ArrayList<domain.BalorazioProfila>

[2026-05-06 12:49:07 #33 store] 
Database 'C:\Users\Usuario\git\Market26\src\main\resources\products.temp' is closed by 15044@DESKTOP-C3ESJLV

[2026-05-06 12:49:23 #34 store] 
Database 'C:\Users\Usuario\git\Market26\src\main\resources\products.temp' is opened by 15044@DESKTOP-C3ESJLV

[2026-05-06 12:49:23 #35 store] 
Database 'C:\Users\Usuario\git\Market26\src\main\resources\products.temp' is closed by 15044@DESKTOP-C3ESJLV

[2026-05-06 12:49:28 #36 store] 
Database 'C:\Users\Usuario\git\Market26\src\main\resources\products.temp' is opened by 15044@DESKTOP-C3ESJLV

[2026-05-06 12:49:28 #37 store] 
Database 'C:\Users\Usuario\git\Market26\src\main\resources\products.temp' is closed by 15044@DESKTOP-C3ESJLV

[2026-05-06 12:49:30 #38 store] 
Database 'C:\Users\Usuario\git\Market26\src\main\resources\products.temp' is opened by 15044@DESKTOP-C3ESJLV

[2026-05-06 12:49:30 #39 store] 
Database 'C:\Users\Usuario\git\Market26\src\main\resources\products.temp' is closed by 15044@DESKTOP-C3ESJLV

[2026-05-06 12:49:30 #40 store] 
Database 'C:\Users\Usuario\git\Market26\src\main\resources\products.temp' is opened by 15044@DESKTOP-C3ESJLV

[2026-05-06 12:49:31 #41 store] 
Database 'C:\Users\Usuario\git\Market26\src\main\resources\products.temp' is closed by 15044@DESKTOP-C3ESJLV

[2026-05-06 12:49:31 #42 store] 
Database 'C:\Users\Usuario\git\Market26\src\main\resources\products.temp' is opened by 15044@DESKTOP-C3ESJLV

[2026-05-06 12:49:31 #43 store] 
Database 'C:\Users\Usuario\git\Market26\src\main\resources\products.temp' is closed by 15044@DESKTOP-C3ESJLV

[2026-05-06 12:49:31 #44 store] 
Database 'C:\Users\Usuario\git\Market26\src\main\resources\products.temp' is opened by 15044@DESKTOP-C3ESJLV

[2026-05-06 12:49:31 #45 store] 
Database 'C:\Users\Usuario\git\Market26\src\main\resources\products.temp' is closed by 15044@DESKTOP-C3ESJLV

[2026-05-06 12:49:31 #46 store] 
Database 'C:\Users\Usuario\git\Market26\src\main\resources\products.temp' is opened by 15044@DESKTOP-C3ESJLV

[2026-05-06 12:49:31 #47 store] 
Database 'C:\Users\Usuario\git\Market26\src\main\resources\products.temp' is closed by 15044@DESKTOP-C3ESJLV

[2026-05-06 12:49:31 #48 store] 
Database 'C:\Users\Usuario\git\Market26\src\main\resources\products.temp' is opened by 15044@DESKTOP-C3ESJLV

[2026-05-06 12:49:32 #49 store] 
Database 'C:\Users\Usuario\git\Market26\src\main\resources\products.temp' is closed by 15044@DESKTOP-C3ESJLV

[2026-05-06 12:49:32 #50 store] 
Database 'C:\Users\Usuario\git\Market26\src\main\resources\products.temp' is opened by 15044@DESKTOP-C3ESJLV

[2026-05-06 12:49:32 #51 store] 
Database 'C:\Users\Usuario\git\Market26\src\main\resources\products.temp' is closed by 15044@DESKTOP-C3ESJLV

[2026-05-06 12:49:32 #52 store] 
Database 'C:\Users\Usuario\git\Market26\src\main\resources\products.temp' is opened by 15044@DESKTOP-C3ESJLV

[2026-05-06 12:49:32 #53 store] 
Database 'C:\Users\Usuario\git\Market26\src\main\resources\products.temp' is closed by 15044@DESKTOP-C3ESJLV

[2026-05-06 12:49:32 #54 store] 
Database 'C:\Users\Usuario\git\Market26\src\main\resources\products.temp' is opened by 15044@DESKTOP-C3ESJLV

[2026-05-06 12:49:32 #55 store] 
Database 'C:\Users\Usuario\git\Market26\src\main\resources\products.temp' is closed by 15044@DESKTOP-C3ESJLV

[2026-05-06 12:49:32 #56 store] 
Database 'C:\Users\Usuario\git\Market26\src\main\resources\products.temp' is opened by 15044@DESKTOP-C3ESJLV

[2026-05-06 12:49:32 #57 store] 
Database 'C:\Users\Usuario\git\Market26\src\main\resources\products.temp' is closed by 15044@DESKTOP-C3ESJLV

[2026-05-06 12:49:32 #58 store] 
Database 'C:\Users\Usuario\git\Market26\src\main\resources\products.temp' is opened by 15044@DESKTOP-C3ESJLV

[2026-05-06 12:49:32 #59 store] 
Database 'C:\Users\Usuario\git\Market26\src\main\resources\products.temp' is closed by 15044@DESKTOP-C3ESJLV

[2026-05-06 12:49:36 #60 store] 
Database 'C:\Users\Usuario\git\Market26\src\main\resources\products.temp' is opened by 15044@DESKTOP-C3ESJLV

[2026-05-06 12:49:36 #61 store] 
Database 'C:\Users\Usuario\git\Market26\src\main\resources\products.temp' is closed by 15044@DESKTOP-C3ESJLV

[2026-05-06 12:49:36 #62 store] 
Database 'C:\Users\Usuario\git\Market26\src\main\resources\products.temp' is opened by 15044@DESKTOP-C3ESJLV

[2026-05-06 12:49:36 #63 store] 
Database 'C:\Users\Usuario\git\Market26\src\main\resources\products.temp' is closed by 15044@DESKTOP-C3ESJLV

[2026-05-06 12:49:51 #64 store] 
Database 'C:\Users\Usuario\git\Market26\src\main\resources\products.temp' is opened by 15044@DESKTOP-C3ESJLV

[2026-05-06 12:49:51 #65 store] 
Database 'C:\Users\Usuario\git\Market26\src\main\resources\products.temp' is closed by 15044@DESKTOP-C3ESJLV

[2026-05-06 12:49:59 #66 store] 
Database 'C:\Users\Usuario\git\Market26\src\main\resources\products.temp' is opened by 15044@DESKTOP-C3ESJLV

[2026-05-06 12:49:59 #67 store] 
Database 'C:\Users\Usuario\git\Market26\src\main\resources\products.temp' is closed by 15044@DESKTOP-C3ESJLV

[2026-05-06 12:50:13 #68 store] 
Database 'C:\Users\Usuario\git\Market26\src\main\resources\products.temp' is opened by 15044@DESKTOP-C3ESJLV

[2026-05-06 12:50:13 #69 store] 
Database 'C:\Users\Usuario\git\Market26\src\main\resources\products.temp' is closed by 15044@DESKTOP-C3ESJLV

[2026-05-06 12:50:15 #70 store] 
Database 'C:\Users\Usuario\git\Market26\src\main\resources\products.temp' is opened by 15044@DESKTOP-C3ESJLV

[2026-05-06 12:50:15 #71 store] 
Database 'C:\Users\Usuario\git\Market26\src\main\resources\products.temp' is closed by 15044@DESKTOP-C3ESJLV

[2026-05-06 12:50:15 #72 store] 
Database 'C:\Users\Usuario\git\Market26\src\main\resources\products.temp' is opened by 15044@DESKTOP-C3ESJLV

[2026-05-06 12:50:15 #73 store] 
Database 'C:\Users\Usuario\git\Market26\src\main\resources\products.temp' is closed by 15044@DESKTOP-C3ESJLV

[2026-05-06 12:50:29 #74 store] 
Database 'C:\Users\Usuario\git\Market26\src\main\resources\products.temp' is opened by 15044@DESKTOP-C3ESJLV

[2026-05-06 12:50:29 #75 store] 
Database 'C:\Users\Usuario\git\Market26\src\main\resources\products.temp' is closed by 15044@DESKTOP-C3ESJLV

[2026-05-06 12:50:50 #76 store] 
Database 'C:\Users\Usuario\git\Market26\src\main\resources\products.temp' is opened by 15044@DESKTOP-C3ESJLV

[2026-05-06 12:50:50 #77 store] 
Database 'C:\Users\Usuario\git\Market26\src\main\resources\products.temp' is closed by 15044@DESKTOP-C3ESJLV

------------------------------------------------------------------------------------------------------------------------

[2026-05-06 12:56:38 #1 store] 
Database 'C:\Users\Usuario\git\Market26\src\main\resources\products.temp' is opened by 5572@DESKTOP-C3ESJLV

[2026-05-06 12:56:38 #2 type.registry] 
New type domain.Erabiltzailea

[2026-05-06 12:56:38 #3 type.registry] 
New type domain.User

[2026-05-06 12:56:38 #4 type] 
Type domain.Erabiltzailea is not enhanced.

[2026-05-06 12:56:38 #5 type] 
Type domain.User is not enhanced.

[2026-05-06 12:56:38 #6 type.registry] 
New type domain.BalorazioProfila

[2026-05-06 12:56:38 #7 type.registry] 
New type domain.Saskia

[2026-05-06 12:56:38 #8 type.registry] 
New type domain.Eskaera

[2026-05-06 12:56:38 #9 type.registry] 
New type domain.Oferta

[2026-05-06 12:56:38 #10 type.registry] 
New type domain.Mugimendua

[2026-05-06 12:56:38 #11 type.registry] 
New type domain.Erreklamazioa

[2026-05-06 12:56:38 #12 type.registry] 
New type domain.DiruKontua

[2026-05-06 12:56:38 #13 type.registry] 
New type domain.Sale

[2026-05-06 12:56:38 #14 type] 
Type domain.BalorazioProfila is not enhanced.

[2026-05-06 12:56:38 #15 type] 
Type domain.Saskia is not enhanced.

[2026-05-06 12:56:38 #16 type] 
Type domain.Eskaera is not enhanced.

[2026-05-06 12:56:38 #17 type] 
Type domain.Oferta is not enhanced.

[2026-05-06 12:56:38 #18 type] 
Type domain.Mugimendua is not enhanced.

[2026-05-06 12:56:38 #19 type] 
Type domain.Erreklamazioa is not enhanced.

[2026-05-06 12:56:38 #20 type] 
Type domain.DiruKontua is not enhanced.

[2026-05-06 12:56:38 #21 type] 
Type domain.Sale is not enhanced.

[2026-05-06 12:56:38 #22 type.registry] 
New type domain.Admin

[2026-05-06 12:56:38 #23 type] 
Type domain.Admin is not enhanced.

[2026-05-06 12:56:38 #24 type.registry] 
New type java.util.ArrayList<java.lang.Object>

[2026-05-06 12:56:38 #25 type.registry] 
New type java.util.ArrayList<domain.Sale>

[2026-05-06 12:56:38 #26 type.registry] 
New type java.util.ArrayList<domain.DiruKontua>

[2026-05-06 12:56:38 #27 type.registry] 
New type java.util.ArrayList<domain.Erreklamazioa>

[2026-05-06 12:56:38 #28 type.registry] 
New type java.util.ArrayList<domain.Mugimendua>

[2026-05-06 12:56:38 #29 type.registry] 
New type java.util.ArrayList<domain.Oferta>

[2026-05-06 12:56:38 #30 type.registry] 
New type java.util.ArrayList<domain.Eskaera>

[2026-05-06 12:56:38 #31 type.registry] 
New type java.util.ArrayList<domain.Saskia>

[2026-05-06 12:56:38 #32 type.registry] 
New type java.util.ArrayList<domain.BalorazioProfila>

[2026-05-06 12:56:38 #33 store] 
Database 'C:\Users\Usuario\git\Market26\src\main\resources\products.temp' is closed by 5572@DESKTOP-C3ESJLV

[2026-05-06 12:56:46 #34 store] 
Database 'C:\Users\Usuario\git\Market26\src\main\resources\products.temp' is opened by 5572@DESKTOP-C3ESJLV

[2026-05-06 12:56:46 #35 store] 
Database 'C:\Users\Usuario\git\Market26\src\main\resources\products.temp' is closed by 5572@DESKTOP-C3ESJLV

[2026-05-06 12:56:53 #36 store] 
Database 'C:\Users\Usuario\git\Market26\src\main\resources\products.temp' is opened by 5572@DESKTOP-C3ESJLV

[2026-05-06 12:56:53 #37 store] 
Database 'C:\Users\Usuario\git\Market26\src\main\resources\products.temp' is closed by 5572@DESKTOP-C3ESJLV

[2026-05-06 12:57:07 #38 store] 
Database 'C:\Users\Usuario\git\Market26\src\main\resources\products.temp' is opened by 5572@DESKTOP-C3ESJLV

[2026-05-06 12:57:07 #39 store] 
Database 'C:\Users\Usuario\git\Market26\src\main\resources\products.temp' is closed by 5572@DESKTOP-C3ESJLV

[2026-05-06 12:57:09 #40 store] 
Database 'C:\Users\Usuario\git\Market26\src\main\resources\products.temp' is opened by 5572@DESKTOP-C3ESJLV

[2026-05-06 12:57:09 #41 store] 
Database 'C:\Users\Usuario\git\Market26\src\main\resources\products.temp' is closed by 5572@DESKTOP-C3ESJLV

[2026-05-06 12:57:22 #42 store] 
Database 'C:\Users\Usuario\git\Market26\src\main\resources\products.temp' is opened by 5572@DESKTOP-C3ESJLV

[2026-05-06 12:57:22 #43 store] 
Database 'C:\Users\Usuario\git\Market26\src\main\resources\products.temp' is closed by 5572@DESKTOP-C3ESJLV

[2026-05-06 12:57:22 #44 store] 
Database 'C:\Users\Usuario\git\Market26\src\main\resources\products.temp' is opened by 5572@DESKTOP-C3ESJLV

[2026-05-06 12:57:22 #45 store] 
Database 'C:\Users\Usuario\git\Market26\src\main\resources\products.temp' is closed by 5572@DESKTOP-C3ESJLV

[2026-05-06 12:57:42 #46 store] 
Database 'C:\Users\Usuario\git\Market26\src\main\resources\products.temp' is opened by 5572@DESKTOP-C3ESJLV

[2026-05-06 12:57:42 #47 store] 
Database 'C:\Users\Usuario\git\Market26\src\main\resources\products.temp' is closed by 5572@DESKTOP-C3ESJLV

[2026-05-06 12:57:44 #48 store] 
Database 'C:\Users\Usuario\git\Market26\src\main\resources\products.temp' is opened by 5572@DESKTOP-C3ESJLV

[2026-05-06 12:57:44 #49 store] 
Database 'C:\Users\Usuario\git\Market26\src\main\resources\products.temp' is closed by 5572@DESKTOP-C3ESJLV

[2026-05-06 12:57:59 #50 store] 
Database 'C:\Users\Usuario\git\Market26\src\main\resources\products.temp' is opened by 5572@DESKTOP-C3ESJLV

[2026-05-06 12:57:59 #51 store] 
Database 'C:\Users\Usuario\git\Market26\src\main\resources\products.temp' is closed by 5572@DESKTOP-C3ESJLV

[2026-05-06 12:57:59 #52 store] 
Database 'C:\Users\Usuario\git\Market26\src\main\resources\products.temp' is opened by 5572@DESKTOP-C3ESJLV

[2026-05-06 12:57:59 #53 store] 
Database 'C:\Users\Usuario\git\Market26\src\main\resources\products.temp' is closed by 5572@DESKTOP-C3ESJLV

[2026-05-06 12:58:24 #54 store] 
Database 'C:\Users\Usuario\git\Market26\src\main\resources\products.temp' is opened by 5572@DESKTOP-C3ESJLV

[2026-05-06 12:58:24 #55 store] 
Database 'C:\Users\Usuario\git\Market26\src\main\resources\products.temp' is closed by 5572@DESKTOP-C3ESJLV

------------------------------------------------------------------------------------------------------------------------

[2026-05-06 13:06:40 #1 store] 
Database 'C:\Users\Usuario\git\Market26\src\main\resources\products.temp' is opened by 1736@DESKTOP-C3ESJLV

[2026-05-06 13:06:40 #2 type] 
Type domain.Erabiltzailea is not enhanced.

[2026-05-06 13:06:40 #3 type] 
Type domain.User is not enhanced.

[2026-05-06 13:06:40 #4 type] 
Type domain.BalorazioProfila is not enhanced.

[2026-05-06 13:06:40 #5 type] 
Type domain.Saskia is not enhanced.

[2026-05-06 13:06:40 #6 type] 
Type domain.Eskaera is not enhanced.

[2026-05-06 13:06:40 #7 type] 
Type domain.Oferta is not enhanced.

[2026-05-06 13:06:40 #8 type] 
Type domain.Mugimendua is not enhanced.

[2026-05-06 13:06:40 #9 type] 
Type domain.Erreklamazioa is not enhanced.

[2026-05-06 13:06:40 #10 type] 
Type domain.DiruKontua is not enhanced.

[2026-05-06 13:06:40 #11 type] 
Type domain.Sale is not enhanced.

[2026-05-06 13:06:40 #12 type] 
Type domain.Admin is not enhanced.

[2026-05-06 13:06:40 #13 store] 
Database 'C:\Users\Usuario\git\Market26\src\main\resources\products.temp' is closed by 1736@DESKTOP-C3ESJLV

[2026-05-06 13:06:48 #14 store] 
Database 'C:\Users\Usuario\git\Market26\src\main\resources\products.temp' is opened by 1736@DESKTOP-C3ESJLV

[2026-05-06 13:06:48 #15 store] 
Database 'C:\Users\Usuario\git\Market26\src\main\resources\products.temp' is closed by 1736@DESKTOP-C3ESJLV

[2026-05-06 13:06:49 #16 store] 
Database 'C:\Users\Usuario\git\Market26\src\main\resources\products.temp' is opened by 1736@DESKTOP-C3ESJLV

[2026-05-06 13:06:49 #17 store] 
Database 'C:\Users\Usuario\git\Market26\src\main\resources\products.temp' is closed by 1736@DESKTOP-C3ESJLV

[2026-05-06 13:06:59 #18 store] 
Database 'C:\Users\Usuario\git\Market26\src\main\resources\products.temp' is opened by 1736@DESKTOP-C3ESJLV

------------------------------------------------------------------------------------------------------------------------

[2026-05-06 17:38:13 #1 store] 
Database 'C:\Users\Usuario\git\Market26\src\main\resources\products.temp' is opened by 15016@DESKTOP-C3ESJLV

[2026-05-06 17:38:13 #2 type] 
Type domain.Erabiltzailea is not enhanced.

[2026-05-06 17:38:13 #3 type] 
Type domain.User is not enhanced.

[2026-05-06 17:38:13 #4 type] 
Type domain.BalorazioProfila is not enhanced.

[2026-05-06 17:38:13 #5 type] 
Type domain.Saskia is not enhanced.

[2026-05-06 17:38:13 #6 type] 
Type domain.Eskaera is not enhanced.

[2026-05-06 17:38:13 #7 type] 
Type domain.Oferta is not enhanced.

[2026-05-06 17:38:13 #8 type] 
Type domain.Mugimendua is not enhanced.

[2026-05-06 17:38:13 #9 type] 
Type domain.Erreklamazioa is not enhanced.

[2026-05-06 17:38:13 #10 type] 
Type domain.DiruKontua is not enhanced.

[2026-05-06 17:38:13 #11 type] 
Type domain.Sale is not enhanced.

[2026-05-06 17:38:13 #12 type] 
Type domain.Admin is not enhanced.

[2026-05-06 17:38:13 #13 store] 
Database 'C:\Users\Usuario\git\Market26\src\main\resources\products.temp' is closed by 15016@DESKTOP-C3ESJLV

[2026-05-06 17:38:40 #14 store] 
Database 'C:\Users\Usuario\git\Market26\src\main\resources\products.temp' is opened by 15016@DESKTOP-C3ESJLV

[2026-05-06 17:38:40 #15 store] 
Database 'C:\Users\Usuario\git\Market26\src\main\resources\products.temp' is closed by 15016@DESKTOP-C3ESJLV

[2026-05-06 17:38:48 #16 store] 
Database 'C:\Users\Usuario\git\Market26\src\main\resources\products.temp' is opened by 15016@DESKTOP-C3ESJLV

[2026-05-06 17:38:48 #17 store] 
Database 'C:\Users\Usuario\git\Market26\src\main\resources\products.temp' is closed by 15016@DESKTOP-C3ESJLV

[2026-05-06 17:38:52 #18 store] 
Database 'C:\Users\Usuario\git\Market26\src\main\resources\products.temp' is opened by 15016@DESKTOP-C3ESJLV

[2026-05-06 17:38:52 #19 store] 
Database 'C:\Users\Usuario\git\Market26\src\main\resources\products.temp' is closed by 15016@DESKTOP-C3ESJLV

[2026-05-06 17:39:02 #20 store] 
Database 'C:\Users\Usuario\git\Market26\src\main\resources\products.temp' is opened by 15016@DESKTOP-C3ESJLV

[2026-05-06 17:39:02 #21 store] 
Database 'C:\Users\Usuario\git\Market26\src\main\resources\products.temp' is closed by 15016@DESKTOP-C3ESJLV

[2026-05-06 17:39:02 #22 store] 
Database 'C:\Users\Usuario\git\Market26\src\main\resources\products.temp' is opened by 15016@DESKTOP-C3ESJLV

[2026-05-06 17:39:02 #23 store] 
Database 'C:\Users\Usuario\git\Market26\src\main\resources\products.temp' is closed by 15016@DESKTOP-C3ESJLV

[2026-05-06 17:39:21 #24 store] 
Database 'C:\Users\Usuario\git\Market26\src\main\resources\products.temp' is opened by 15016@DESKTOP-C3ESJLV

[2026-05-06 17:39:21 #25 store] 
Database 'C:\Users\Usuario\git\Market26\src\main\resources\products.temp' is closed by 15016@DESKTOP-C3ESJLV

------------------------------------------------------------------------------------------------------------------------

[2026-05-06 17:49:18 #1 store] 
Database 'C:\Users\Usuario\git\Market26\src\main\resources\products.temp' is opened by 25384@DESKTOP-C3ESJLV

[2026-05-06 17:49:18 #2 type] 
Type domain.Erabiltzailea is not enhanced.

[2026-05-06 17:49:18 #3 type] 
Type domain.User is not enhanced.

[2026-05-06 17:49:18 #4 type] 
Type domain.BalorazioProfila is not enhanced.

[2026-05-06 17:49:18 #5 type] 
Type domain.Saskia is not enhanced.

[2026-05-06 17:49:18 #6 type] 
Type domain.Eskaera is not enhanced.

[2026-05-06 17:49:18 #7 type] 
Type domain.Oferta is not enhanced.

[2026-05-06 17:49:18 #8 type] 
Type domain.Mugimendua is not enhanced.

[2026-05-06 17:49:18 #9 type] 
Type domain.Erreklamazioa is not enhanced.

[2026-05-06 17:49:18 #10 type] 
Type domain.DiruKontua is not enhanced.

[2026-05-06 17:49:18 #11 type] 
Type domain.Sale is not enhanced.

[2026-05-06 17:49:18 #12 type] 
Type domain.Admin is not enhanced.

[2026-05-06 17:49:18 #13 store] 
Database 'C:\Users\Usuario\git\Market26\src\main\resources\products.temp' is closed by 25384@DESKTOP-C3ESJLV

[2026-05-06 17:49:29 #14 store] 
Database 'C:\Users\Usuario\git\Market26\src\main\resources\products.temp' is opened by 25384@DESKTOP-C3ESJLV

[2026-05-06 17:49:29 #15 store] 
Database 'C:\Users\Usuario\git\Market26\src\main\resources\products.temp' is closed by 25384@DESKTOP-C3ESJLV

[2026-05-06 17:49:40 #16 store] 
Database 'C:\Users\Usuario\git\Market26\src\main\resources\products.temp' is opened by 25384@DESKTOP-C3ESJLV

[2026-05-06 17:49:40 #17 store] 
Database 'C:\Users\Usuario\git\Market26\src\main\resources\products.temp' is closed by 25384@DESKTOP-C3ESJLV

[2026-05-06 17:49:45 #18 store] 
Database 'C:\Users\Usuario\git\Market26\src\main\resources\products.temp' is opened by 25384@DESKTOP-C3ESJLV

[2026-05-06 17:49:45 #19 store] 
Database 'C:\Users\Usuario\git\Market26\src\main\resources\products.temp' is closed by 25384@DESKTOP-C3ESJLV

[2026-05-06 17:49:45 #20 store] 
Database 'C:\Users\Usuario\git\Market26\src\main\resources\products.temp' is opened by 25384@DESKTOP-C3ESJLV

[2026-05-06 17:49:45 #21 store] 
Database 'C:\Users\Usuario\git\Market26\src\main\resources\products.temp' is closed by 25384@DESKTOP-C3ESJLV

[2026-05-06 17:49:51 #22 store] 
Database 'C:\Users\Usuario\git\Market26\src\main\resources\products.temp' is opened by 25384@DESKTOP-C3ESJLV

[2026-05-06 17:49:51 #23 store] 
Database 'C:\Users\Usuario\git\Market26\src\main\resources\products.temp' is closed by 25384@DESKTOP-C3ESJLV

[2026-05-06 17:49:58 #24 store] 
Database 'C:\Users\Usuario\git\Market26\src\main\resources\products.temp' is opened by 25384@DESKTOP-C3ESJLV

[2026-05-06 17:49:58 #25 store] 
Database 'C:\Users\Usuario\git\Market26\src\main\resources\products.temp' is closed by 25384@DESKTOP-C3ESJLV

[2026-05-06 17:50:33 #26 store] 
Database 'C:\Users\Usuario\git\Market26\src\main\resources\products.temp' is opened by 25384@DESKTOP-C3ESJLV

[2026-05-06 17:50:33 #27 store] 
Database 'C:\Users\Usuario\git\Market26\src\main\resources\products.temp' is closed by 25384@DESKTOP-C3ESJLV

------------------------------------------------------------------------------------------------------------------------

[2026-05-06 18:30:26 #1 store] 
Database 'C:\Users\Usuario\git\Market26\src\main\resources\products.temp' is opened by 23780@DESKTOP-C3ESJLV

[2026-05-06 18:30:27 #2 type] 
Type domain.Erabiltzailea is not enhanced.

[2026-05-06 18:30:27 #3 type] 
Type domain.User is not enhanced.

[2026-05-06 18:30:27 #4 type] 
Type domain.BalorazioProfila is not enhanced.

[2026-05-06 18:30:27 #5 type] 
Type domain.Saskia is not enhanced.

[2026-05-06 18:30:27 #6 type] 
Type domain.Eskaera is not enhanced.

[2026-05-06 18:30:27 #7 type] 
Type domain.Oferta is not enhanced.

[2026-05-06 18:30:27 #8 type] 
Type domain.Mugimendua is not enhanced.

[2026-05-06 18:30:27 #9 type] 
Type domain.Erreklamazioa is not enhanced.

[2026-05-06 18:30:27 #10 type] 
Type domain.DiruKontua is not enhanced.

[2026-05-06 18:30:27 #11 type] 
Type domain.Sale is not enhanced.

[2026-05-06 18:30:27 #12 type] 
Type domain.Admin is not enhanced.

[2026-05-06 18:30:27 #13 store] 
Database 'C:\Users\Usuario\git\Market26\src\main\resources\products.temp' is closed by 23780@DESKTOP-C3ESJLV

[2026-05-06 18:30:35 #14 store] 
Database 'C:\Users\Usuario\git\Market26\src\main\resources\products.temp' is opened by 23780@DESKTOP-C3ESJLV

[2026-05-06 18:30:35 #15 store] 
Database 'C:\Users\Usuario\git\Market26\src\main\resources\products.temp' is closed by 23780@DESKTOP-C3ESJLV

[2026-05-06 18:30:39 #16 store] 
Database 'C:\Users\Usuario\git\Market26\src\main\resources\products.temp' is opened by 23780@DESKTOP-C3ESJLV

[2026-05-06 18:30:39 #17 store] 
Database 'C:\Users\Usuario\git\Market26\src\main\resources\products.temp' is closed by 23780@DESKTOP-C3ESJLV

[2026-05-06 18:30:44 #18 store] 
Database 'C:\Users\Usuario\git\Market26\src\main\resources\products.temp' is opened by 23780@DESKTOP-C3ESJLV

[2026-05-06 18:30:44 #19 store] 
Database 'C:\Users\Usuario\git\Market26\src\main\resources\products.temp' is closed by 23780@DESKTOP-C3ESJLV

[2026-05-06 18:30:44 #20 store] 
Database 'C:\Users\Usuario\git\Market26\src\main\resources\products.temp' is opened by 23780@DESKTOP-C3ESJLV

[2026-05-06 18:30:44 #21 store] 
Database 'C:\Users\Usuario\git\Market26\src\main\resources\products.temp' is closed by 23780@DESKTOP-C3ESJLV

------------------------------------------------------------------------------------------------------------------------

[2026-05-06 18:34:09 #1 store] 
Database 'C:\Users\Usuario\git\Market26\src\main\resources\products.temp' is opened by 23764@DESKTOP-C3ESJLV

[2026-05-06 18:34:09 #2 type] 
Type domain.Erabiltzailea is not enhanced.

[2026-05-06 18:34:09 #3 type] 
Type domain.User is not enhanced.

[2026-05-06 18:34:09 #4 type] 
Type domain.BalorazioProfila is not enhanced.

[2026-05-06 18:34:09 #5 type] 
Type domain.Saskia is not enhanced.

[2026-05-06 18:34:09 #6 type] 
Type domain.Eskaera is not enhanced.

[2026-05-06 18:34:09 #7 type] 
Type domain.Oferta is not enhanced.

[2026-05-06 18:34:09 #8 type] 
Type domain.Mugimendua is not enhanced.

[2026-05-06 18:34:09 #9 type] 
Type domain.Erreklamazioa is not enhanced.

[2026-05-06 18:34:09 #10 type] 
Type domain.DiruKontua is not enhanced.

[2026-05-06 18:34:09 #11 type] 
Type domain.Sale is not enhanced.

[2026-05-06 18:34:09 #12 type] 
Type domain.Admin is not enhanced.

[2026-05-06 18:34:09 #13 store] 
Database 'C:\Users\Usuario\git\Market26\src\main\resources\products.temp' is closed by 23764@DESKTOP-C3ESJLV

[2026-05-06 18:34:19 #14 store] 
Database 'C:\Users\Usuario\git\Market26\src\main\resources\products.temp' is opened by 23764@DESKTOP-C3ESJLV

[2026-05-06 18:34:19 #15 store] 
Database 'C:\Users\Usuario\git\Market26\src\main\resources\products.temp' is closed by 23764@DESKTOP-C3ESJLV

[2026-05-06 18:34:24 #16 store] 
Database 'C:\Users\Usuario\git\Market26\src\main\resources\products.temp' is opened by 23764@DESKTOP-C3ESJLV

[2026-05-06 18:34:24 #17 store] 
Database 'C:\Users\Usuario\git\Market26\src\main\resources\products.temp' is closed by 23764@DESKTOP-C3ESJLV

[2026-05-06 18:34:28 #18 store] 
Database 'C:\Users\Usuario\git\Market26\src\main\resources\products.temp' is opened by 23764@DESKTOP-C3ESJLV

[2026-05-06 18:34:29 #19 store] 
Database 'C:\Users\Usuario\git\Market26\src\main\resources\products.temp' is closed by 23764@DESKTOP-C3ESJLV

[2026-05-06 18:34:29 #20 store] 
Database 'C:\Users\Usuario\git\Market26\src\main\resources\products.temp' is opened by 23764@DESKTOP-C3ESJLV

[2026-05-06 18:34:29 #21 store] 
Database 'C:\Users\Usuario\git\Market26\src\main\resources\products.temp' is closed by 23764@DESKTOP-C3ESJLV

[2026-05-06 18:34:29 #22 store] 
Database 'C:\Users\Usuario\git\Market26\src\main\resources\products.temp' is opened by 23764@DESKTOP-C3ESJLV

------------------------------------------------------------------------------------------------------------------------

[2026-05-06 18:38:46 #1 store] 
Database 'C:\Users\Usuario\git\Market26\src\main\resources\products.temp' is opened by 17956@DESKTOP-C3ESJLV

[2026-05-06 18:38:46 #2 type] 
Type domain.Erabiltzailea is not enhanced.

[2026-05-06 18:38:46 #3 type] 
Type domain.User is not enhanced.

[2026-05-06 18:38:46 #4 type] 
Type domain.BalorazioProfila is not enhanced.

[2026-05-06 18:38:46 #5 type] 
Type domain.Saskia is not enhanced.

[2026-05-06 18:38:46 #6 type] 
Type domain.Eskaera is not enhanced.

[2026-05-06 18:38:46 #7 type] 
Type domain.Oferta is not enhanced.

[2026-05-06 18:38:46 #8 type] 
Type domain.Mugimendua is not enhanced.

[2026-05-06 18:38:46 #9 type] 
Type domain.Erreklamazioa is not enhanced.

[2026-05-06 18:38:46 #10 type] 
Type domain.DiruKontua is not enhanced.

[2026-05-06 18:38:46 #11 type] 
Type domain.Sale is not enhanced.

[2026-05-06 18:38:46 #12 type] 
Type domain.Admin is not enhanced.

[2026-05-06 18:38:46 #13 store] 
Database 'C:\Users\Usuario\git\Market26\src\main\resources\products.temp' is closed by 17956@DESKTOP-C3ESJLV

[2026-05-06 18:39:19 #14 store] 
Database 'C:\Users\Usuario\git\Market26\src\main\resources\products.temp' is opened by 17956@DESKTOP-C3ESJLV

[2026-05-06 18:39:19 #15 store] 
Database 'C:\Users\Usuario\git\Market26\src\main\resources\products.temp' is closed by 17956@DESKTOP-C3ESJLV

[2026-05-06 18:39:40 #16 store] 
Database 'C:\Users\Usuario\git\Market26\src\main\resources\products.temp' is opened by 17956@DESKTOP-C3ESJLV

[2026-05-06 18:39:40 #17 store] 
Database 'C:\Users\Usuario\git\Market26\src\main\resources\products.temp' is closed by 17956@DESKTOP-C3ESJLV

[2026-05-06 18:39:40 #18 store] 
Database 'C:\Users\Usuario\git\Market26\src\main\resources\products.temp' is opened by 17956@DESKTOP-C3ESJLV

[2026-05-06 18:39:40 #19 store] 
Database 'C:\Users\Usuario\git\Market26\src\main\resources\products.temp' is closed by 17956@DESKTOP-C3ESJLV

[2026-05-06 18:40:00 #20 store] 
Database 'C:\Users\Usuario\git\Market26\src\main\resources\products.temp' is opened by 17956@DESKTOP-C3ESJLV

[2026-05-06 18:40:00 #21 store] 
Database 'C:\Users\Usuario\git\Market26\src\main\resources\products.temp' is closed by 17956@DESKTOP-C3ESJLV

[2026-05-06 18:40:04 #22 store] 
Database 'C:\Users\Usuario\git\Market26\src\main\resources\products.temp' is opened by 17956@DESKTOP-C3ESJLV

[2026-05-06 18:40:04 #23 store] 
Database 'C:\Users\Usuario\git\Market26\src\main\resources\products.temp' is closed by 17956@DESKTOP-C3ESJLV

[2026-05-06 18:40:04 #24 store] 
Database 'C:\Users\Usuario\git\Market26\src\main\resources\products.temp' is opened by 17956@DESKTOP-C3ESJLV

[2026-05-06 18:40:04 #25 store] 
Database 'C:\Users\Usuario\git\Market26\src\main\resources\products.temp' is closed by 17956@DESKTOP-C3ESJLV

[2026-05-06 18:40:04 #26 store] 
Database 'C:\Users\Usuario\git\Market26\src\main\resources\products.temp' is opened by 17956@DESKTOP-C3ESJLV

[2026-05-06 18:40:05 #27 store] 
Database 'C:\Users\Usuario\git\Market26\src\main\resources\products.temp' is closed by 17956@DESKTOP-C3ESJLV

[2026-05-06 18:40:23 #28 store] 
Database 'C:\Users\Usuario\git\Market26\src\main\resources\products.temp' is opened by 17956@DESKTOP-C3ESJLV

[2026-05-06 18:40:23 #29 store] 
Database 'C:\Users\Usuario\git\Market26\src\main\resources\products.temp' is closed by 17956@DESKTOP-C3ESJLV

[2026-05-06 18:40:23 #30 store] 
Database 'C:\Users\Usuario\git\Market26\src\main\resources\products.temp' is opened by 17956@DESKTOP-C3ESJLV

[2026-05-06 18:40:23 #31 store] 
Database 'C:\Users\Usuario\git\Market26\src\main\resources\products.temp' is closed by 17956@DESKTOP-C3ESJLV

[2026-05-06 18:40:57 #32 store] 
Database 'C:\Users\Usuario\git\Market26\src\main\resources\products.temp' is opened by 17956@DESKTOP-C3ESJLV

[2026-05-06 18:40:57 #33 store] 
Database 'C:\Users\Usuario\git\Market26\src\main\resources\products.temp' is closed by 17956@DESKTOP-C3ESJLV

[2026-05-06 18:40:57 #34 store] 
Database 'C:\Users\Usuario\git\Market26\src\main\resources\products.temp' is opened by 17956@DESKTOP-C3ESJLV

[2026-05-06 18:40:57 #35 store] 
Database 'C:\Users\Usuario\git\Market26\src\main\resources\products.temp' is closed by 17956@DESKTOP-C3ESJLV

[2026-05-06 18:44:15 #36 store] 
Database 'C:\Users\Usuario\git\Market26\src\main\resources\products.temp' is opened by 17956@DESKTOP-C3ESJLV

[2026-05-06 18:44:15 #37 store] 
Database 'C:\Users\Usuario\git\Market26\src\main\resources\products.temp' is closed by 17956@DESKTOP-C3ESJLV

------------------------------------------------------------------------------------------------------------------------

[2026-05-06 18:45:18 #1 store] 
Database 'C:\Users\Usuario\git\Market26\src\main\resources\products.temp' is opened by 23512@DESKTOP-C3ESJLV

[2026-05-06 18:45:18 #2 type.registry] 
New type domain.Erabiltzailea

[2026-05-06 18:45:18 #3 type.registry] 
New type domain.User

[2026-05-06 18:45:18 #4 type] 
Type domain.Erabiltzailea is not enhanced.

[2026-05-06 18:45:18 #5 type] 
Type domain.User is not enhanced.

[2026-05-06 18:45:18 #6 type.registry] 
New type domain.BalorazioProfila

[2026-05-06 18:45:18 #7 type.registry] 
New type domain.Saskia

[2026-05-06 18:45:18 #8 type.registry] 
New type domain.Eskaera

[2026-05-06 18:45:18 #9 type.registry] 
New type domain.Oferta

[2026-05-06 18:45:18 #10 type.registry] 
New type domain.Mugimendua

[2026-05-06 18:45:18 #11 type.registry] 
New type domain.Erreklamazioa

[2026-05-06 18:45:18 #12 type.registry] 
New type domain.DiruKontua

[2026-05-06 18:45:18 #13 type.registry] 
New type domain.Sale

[2026-05-06 18:45:18 #14 type] 
Type domain.BalorazioProfila is not enhanced.

[2026-05-06 18:45:18 #15 type] 
Type domain.Saskia is not enhanced.

[2026-05-06 18:45:18 #16 type] 
Type domain.Eskaera is not enhanced.

[2026-05-06 18:45:18 #17 type] 
Type domain.Oferta is not enhanced.

[2026-05-06 18:45:18 #18 type] 
Type domain.Mugimendua is not enhanced.

[2026-05-06 18:45:18 #19 type] 
Type domain.Erreklamazioa is not enhanced.

[2026-05-06 18:45:18 #20 type] 
Type domain.DiruKontua is not enhanced.

[2026-05-06 18:45:18 #21 type] 
Type domain.Sale is not enhanced.

[2026-05-06 18:45:18 #22 type.registry] 
New type domain.Admin

[2026-05-06 18:45:18 #23 type] 
Type domain.Admin is not enhanced.

[2026-05-06 18:45:19 #24 type.registry] 
New type java.util.ArrayList<java.lang.Object>

[2026-05-06 18:45:19 #25 type.registry] 
New type java.util.ArrayList<domain.Sale>

[2026-05-06 18:45:19 #26 type.registry] 
New type java.util.ArrayList<domain.DiruKontua>

[2026-05-06 18:45:19 #27 type.registry] 
New type java.util.ArrayList<domain.Erreklamazioa>

[2026-05-06 18:45:19 #28 type.registry] 
New type java.util.ArrayList<domain.Mugimendua>

[2026-05-06 18:45:19 #29 type.registry] 
New type java.util.ArrayList<domain.Oferta>

[2026-05-06 18:45:19 #30 type.registry] 
New type java.util.ArrayList<domain.Eskaera>

[2026-05-06 18:45:19 #31 type.registry] 
New type java.util.ArrayList<domain.Saskia>

[2026-05-06 18:45:19 #32 type.registry] 
New type java.util.ArrayList<domain.BalorazioProfila>

[2026-05-06 18:45:19 #33 store] 
Database 'C:\Users\Usuario\git\Market26\src\main\resources\products.temp' is closed by 23512@DESKTOP-C3ESJLV

[2026-05-06 18:45:26 #34 store] 
Database 'C:\Users\Usuario\git\Market26\src\main\resources\products.temp' is opened by 23512@DESKTOP-C3ESJLV

[2026-05-06 18:45:26 #35 store] 
Database 'C:\Users\Usuario\git\Market26\src\main\resources\products.temp' is closed by 23512@DESKTOP-C3ESJLV

[2026-05-06 18:45:30 #36 store] 
Database 'C:\Users\Usuario\git\Market26\src\main\resources\products.temp' is opened by 23512@DESKTOP-C3ESJLV

[2026-05-06 18:45:30 #37 store] 
Database 'C:\Users\Usuario\git\Market26\src\main\resources\products.temp' is closed by 23512@DESKTOP-C3ESJLV

[2026-05-06 18:45:33 #38 store] 
Database 'C:\Users\Usuario\git\Market26\src\main\resources\products.temp' is opened by 23512@DESKTOP-C3ESJLV

[2026-05-06 18:45:33 #39 store] 
Database 'C:\Users\Usuario\git\Market26\src\main\resources\products.temp' is closed by 23512@DESKTOP-C3ESJLV

[2026-05-06 18:45:33 #40 store] 
Database 'C:\Users\Usuario\git\Market26\src\main\resources\products.temp' is opened by 23512@DESKTOP-C3ESJLV

[2026-05-06 18:45:33 #41 store] 
Database 'C:\Users\Usuario\git\Market26\src\main\resources\products.temp' is closed by 23512@DESKTOP-C3ESJLV

[2026-05-06 18:45:33 #42 store] 
Database 'C:\Users\Usuario\git\Market26\src\main\resources\products.temp' is opened by 23512@DESKTOP-C3ESJLV

[2026-05-06 18:45:33 #43 store] 
Database 'C:\Users\Usuario\git\Market26\src\main\resources\products.temp' is closed by 23512@DESKTOP-C3ESJLV

[2026-05-06 18:45:37 #44 store] 
Database 'C:\Users\Usuario\git\Market26\src\main\resources\products.temp' is opened by 23512@DESKTOP-C3ESJLV

[2026-05-06 18:45:37 #45 store] 
Database 'C:\Users\Usuario\git\Market26\src\main\resources\products.temp' is closed by 23512@DESKTOP-C3ESJLV

[2026-05-06 18:45:43 #46 store] 
Database 'C:\Users\Usuario\git\Market26\src\main\resources\products.temp' is opened by 23512@DESKTOP-C3ESJLV

[2026-05-06 18:45:43 #47 store] 
Database 'C:\Users\Usuario\git\Market26\src\main\resources\products.temp' is closed by 23512@DESKTOP-C3ESJLV

[2026-05-06 18:45:54 #48 store] 
Database 'C:\Users\Usuario\git\Market26\src\main\resources\products.temp' is opened by 23512@DESKTOP-C3ESJLV

[2026-05-06 18:45:54 #49 store] 
Database 'C:\Users\Usuario\git\Market26\src\main\resources\products.temp' is closed by 23512@DESKTOP-C3ESJLV

[2026-05-06 18:45:54 #50 store] 
Database 'C:\Users\Usuario\git\Market26\src\main\resources\products.temp' is opened by 23512@DESKTOP-C3ESJLV

[2026-05-06 18:45:54 #51 store] 
Database 'C:\Users\Usuario\git\Market26\src\main\resources\products.temp' is closed by 23512@DESKTOP-C3ESJLV

[2026-05-06 18:46:04 #52 store] 
Database 'C:\Users\Usuario\git\Market26\src\main\resources\products.temp' is opened by 23512@DESKTOP-C3ESJLV

[2026-05-06 18:46:04 #53 store] 
Database 'C:\Users\Usuario\git\Market26\src\main\resources\products.temp' is closed by 23512@DESKTOP-C3ESJLV

------------------------------------------------------------------------------------------------------------------------

[2026-05-06 18:50:11 #1 store] 
Database 'C:\Users\Usuario\git\Market26\src\main\resources\products.temp' is opened by 3276@DESKTOP-C3ESJLV

[2026-05-06 18:50:11 #2 type.registry] 
New type domain.Erabiltzailea

[2026-05-06 18:50:11 #3 type.registry] 
New type domain.User

[2026-05-06 18:50:11 #4 type] 
Type domain.Erabiltzailea is not enhanced.

[2026-05-06 18:50:11 #5 type] 
Type domain.User is not enhanced.

[2026-05-06 18:50:11 #6 type.registry] 
New type domain.BalorazioProfila

[2026-05-06 18:50:11 #7 type.registry] 
New type domain.Saskia

[2026-05-06 18:50:11 #8 type.registry] 
New type domain.Eskaera

[2026-05-06 18:50:11 #9 type.registry] 
New type domain.Oferta

[2026-05-06 18:50:11 #10 type.registry] 
New type domain.Mugimendua

[2026-05-06 18:50:11 #11 type.registry] 
New type domain.Erreklamazioa

[2026-05-06 18:50:11 #12 type.registry] 
New type domain.DiruKontua

[2026-05-06 18:50:11 #13 type.registry] 
New type domain.Sale

[2026-05-06 18:50:11 #14 type] 
Type domain.BalorazioProfila is not enhanced.

[2026-05-06 18:50:11 #15 type] 
Type domain.Saskia is not enhanced.

[2026-05-06 18:50:11 #16 type] 
Type domain.Eskaera is not enhanced.

[2026-05-06 18:50:11 #17 type] 
Type domain.Oferta is not enhanced.

[2026-05-06 18:50:11 #18 type] 
Type domain.Mugimendua is not enhanced.

[2026-05-06 18:50:11 #19 type] 
Type domain.Erreklamazioa is not enhanced.

[2026-05-06 18:50:11 #20 type] 
Type domain.DiruKontua is not enhanced.

[2026-05-06 18:50:11 #21 type] 
Type domain.Sale is not enhanced.

[2026-05-06 18:50:11 #22 type.registry] 
New type domain.Admin

[2026-05-06 18:50:11 #23 type] 
Type domain.Admin is not enhanced.

[2026-05-06 18:50:11 #24 type.registry] 
New type java.util.ArrayList<java.lang.Object>

[2026-05-06 18:50:11 #25 type.registry] 
New type java.util.ArrayList<domain.Sale>

[2026-05-06 18:50:11 #26 type.registry] 
New type java.util.ArrayList<domain.DiruKontua>

[2026-05-06 18:50:11 #27 type.registry] 
New type java.util.ArrayList<domain.Erreklamazioa>

[2026-05-06 18:50:11 #28 type.registry] 
New type java.util.ArrayList<domain.Mugimendua>

[2026-05-06 18:50:11 #29 type.registry] 
New type java.util.ArrayList<domain.Oferta>

[2026-05-06 18:50:11 #30 type.registry] 
New type java.util.ArrayList<domain.Eskaera>

[2026-05-06 18:50:11 #31 type.registry] 
New type java.util.ArrayList<domain.Saskia>

[2026-05-06 18:50:11 #32 type.registry] 
New type java.util.ArrayList<domain.BalorazioProfila>

[2026-05-06 18:50:11 #33 store] 
Database 'C:\Users\Usuario\git\Market26\src\main\resources\products.temp' is closed by 3276@DESKTOP-C3ESJLV

[2026-05-06 18:50:19 #34 store] 
Database 'C:\Users\Usuario\git\Market26\src\main\resources\products.temp' is opened by 3276@DESKTOP-C3ESJLV

[2026-05-06 18:50:19 #35 store] 
Database 'C:\Users\Usuario\git\Market26\src\main\resources\products.temp' is closed by 3276@DESKTOP-C3ESJLV

[2026-05-06 18:50:25 #36 store] 
Database 'C:\Users\Usuario\git\Market26\src\main\resources\products.temp' is opened by 3276@DESKTOP-C3ESJLV

[2026-05-06 18:50:25 #37 store] 
Database 'C:\Users\Usuario\git\Market26\src\main\resources\products.temp' is closed by 3276@DESKTOP-C3ESJLV

[2026-05-06 18:50:28 #38 store] 
Database 'C:\Users\Usuario\git\Market26\src\main\resources\products.temp' is opened by 3276@DESKTOP-C3ESJLV

[2026-05-06 18:50:28 #39 store] 
Database 'C:\Users\Usuario\git\Market26\src\main\resources\products.temp' is closed by 3276@DESKTOP-C3ESJLV

[2026-05-06 18:50:28 #40 store] 
Database 'C:\Users\Usuario\git\Market26\src\main\resources\products.temp' is opened by 3276@DESKTOP-C3ESJLV

[2026-05-06 18:50:28 #41 store] 
Database 'C:\Users\Usuario\git\Market26\src\main\resources\products.temp' is closed by 3276@DESKTOP-C3ESJLV

[2026-05-06 18:50:34 #42 store] 
Database 'C:\Users\Usuario\git\Market26\src\main\resources\products.temp' is opened by 3276@DESKTOP-C3ESJLV

[2026-05-06 18:50:34 #43 store] 
Database 'C:\Users\Usuario\git\Market26\src\main\resources\products.temp' is closed by 3276@DESKTOP-C3ESJLV

[2026-05-06 18:50:34 #44 store] 
Database 'C:\Users\Usuario\git\Market26\src\main\resources\products.temp' is opened by 3276@DESKTOP-C3ESJLV

[2026-05-06 18:50:34 #45 store] 
Database 'C:\Users\Usuario\git\Market26\src\main\resources\products.temp' is closed by 3276@DESKTOP-C3ESJLV

[2026-05-06 18:50:42 #46 store] 
Database 'C:\Users\Usuario\git\Market26\src\main\resources\products.temp' is opened by 3276@DESKTOP-C3ESJLV

[2026-05-06 18:50:42 #47 store] 
Database 'C:\Users\Usuario\git\Market26\src\main\resources\products.temp' is closed by 3276@DESKTOP-C3ESJLV

[2026-05-06 18:50:42 #48 store] 
Database 'C:\Users\Usuario\git\Market26\src\main\resources\products.temp' is opened by 3276@DESKTOP-C3ESJLV

[2026-05-06 18:50:43 #49 store] 
Database 'C:\Users\Usuario\git\Market26\src\main\resources\products.temp' is closed by 3276@DESKTOP-C3ESJLV

[2026-05-06 18:50:56 #50 store] 
Database 'C:\Users\Usuario\git\Market26\src\main\resources\products.temp' is opened by 3276@DESKTOP-C3ESJLV

[2026-05-06 18:50:56 #51 store] 
Database 'C:\Users\Usuario\git\Market26\src\main\resources\products.temp' is closed by 3276@DESKTOP-C3ESJLV

------------------------------------------------------------------------------------------------------------------------

[2026-05-06 18:55:19 #1 store] 
Database 'C:\Users\Usuario\git\Market26\src\main\resources\products.temp' is opened by 1940@DESKTOP-C3ESJLV

[2026-05-06 18:55:19 #2 type.registry] 
New type domain.Erabiltzailea

[2026-05-06 18:55:19 #3 type.registry] 
New type domain.User

[2026-05-06 18:55:19 #4 type] 
Type domain.Erabiltzailea is not enhanced.

[2026-05-06 18:55:19 #5 type] 
Type domain.User is not enhanced.

[2026-05-06 18:55:19 #6 type.registry] 
New type domain.BalorazioProfila

[2026-05-06 18:55:19 #7 type.registry] 
New type domain.Saskia

[2026-05-06 18:55:19 #8 type.registry] 
New type domain.Eskaera

[2026-05-06 18:55:19 #9 type.registry] 
New type domain.Oferta

[2026-05-06 18:55:19 #10 type.registry] 
New type domain.Mugimendua

[2026-05-06 18:55:19 #11 type.registry] 
New type domain.Erreklamazioa

[2026-05-06 18:55:19 #12 type.registry] 
New type domain.DiruKontua

[2026-05-06 18:55:19 #13 type.registry] 
New type domain.Sale

[2026-05-06 18:55:19 #14 type] 
Type domain.BalorazioProfila is not enhanced.

[2026-05-06 18:55:19 #15 type] 
Type domain.Saskia is not enhanced.

[2026-05-06 18:55:19 #16 type] 
Type domain.Eskaera is not enhanced.

[2026-05-06 18:55:19 #17 type] 
Type domain.Oferta is not enhanced.

[2026-05-06 18:55:19 #18 type] 
Type domain.Mugimendua is not enhanced.

[2026-05-06 18:55:19 #19 type] 
Type domain.Erreklamazioa is not enhanced.

[2026-05-06 18:55:19 #20 type] 
Type domain.DiruKontua is not enhanced.

[2026-05-06 18:55:19 #21 type] 
Type domain.Sale is not enhanced.

[2026-05-06 18:55:19 #22 type.registry] 
New type domain.Admin

[2026-05-06 18:55:19 #23 type] 
Type domain.Admin is not enhanced.

[2026-05-06 18:55:19 #24 type.registry] 
New type java.util.ArrayList<java.lang.Object>

[2026-05-06 18:55:19 #25 type.registry] 
New type java.util.ArrayList<domain.Sale>

[2026-05-06 18:55:19 #26 type.registry] 
New type java.util.ArrayList<domain.DiruKontua>

[2026-05-06 18:55:19 #27 type.registry] 
New type java.util.ArrayList<domain.Erreklamazioa>

[2026-05-06 18:55:19 #28 type.registry] 
New type java.util.ArrayList<domain.Mugimendua>

[2026-05-06 18:55:19 #29 type.registry] 
New type java.util.ArrayList<domain.Oferta>

[2026-05-06 18:55:19 #30 type.registry] 
New type java.util.ArrayList<domain.Eskaera>

[2026-05-06 18:55:19 #31 type.registry] 
New type java.util.ArrayList<domain.Saskia>

[2026-05-06 18:55:19 #32 type.registry] 
New type java.util.ArrayList<domain.BalorazioProfila>

[2026-05-06 18:55:19 #33 store] 
Database 'C:\Users\Usuario\git\Market26\src\main\resources\products.temp' is closed by 1940@DESKTOP-C3ESJLV

[2026-05-06 18:55:30 #34 store] 
Database 'C:\Users\Usuario\git\Market26\src\main\resources\products.temp' is opened by 1940@DESKTOP-C3ESJLV

[2026-05-06 18:55:30 #35 store] 
Database 'C:\Users\Usuario\git\Market26\src\main\resources\products.temp' is closed by 1940@DESKTOP-C3ESJLV

[2026-05-06 18:55:34 #36 store] 
Database 'C:\Users\Usuario\git\Market26\src\main\resources\products.temp' is opened by 1940@DESKTOP-C3ESJLV

[2026-05-06 18:55:34 #37 store] 
Database 'C:\Users\Usuario\git\Market26\src\main\resources\products.temp' is closed by 1940@DESKTOP-C3ESJLV

[2026-05-06 18:55:38 #38 store] 
Database 'C:\Users\Usuario\git\Market26\src\main\resources\products.temp' is opened by 1940@DESKTOP-C3ESJLV

[2026-05-06 18:55:38 #39 store] 
Database 'C:\Users\Usuario\git\Market26\src\main\resources\products.temp' is closed by 1940@DESKTOP-C3ESJLV

[2026-05-06 18:55:38 #40 store] 
Database 'C:\Users\Usuario\git\Market26\src\main\resources\products.temp' is opened by 1940@DESKTOP-C3ESJLV

[2026-05-06 18:55:38 #41 store] 
Database 'C:\Users\Usuario\git\Market26\src\main\resources\products.temp' is closed by 1940@DESKTOP-C3ESJLV

[2026-05-06 18:55:43 #42 store] 
Database 'C:\Users\Usuario\git\Market26\src\main\resources\products.temp' is opened by 1940@DESKTOP-C3ESJLV

[2026-05-06 18:55:43 #43 store] 
Database 'C:\Users\Usuario\git\Market26\src\main\resources\products.temp' is closed by 1940@DESKTOP-C3ESJLV

[2026-05-06 18:55:43 #44 store] 
Database 'C:\Users\Usuario\git\Market26\src\main\resources\products.temp' is opened by 1940@DESKTOP-C3ESJLV

[2026-05-06 18:55:43 #45 store] 
Database 'C:\Users\Usuario\git\Market26\src\main\resources\products.temp' is closed by 1940@DESKTOP-C3ESJLV

[2026-05-06 18:55:47 #46 store] 
Database 'C:\Users\Usuario\git\Market26\src\main\resources\products.temp' is opened by 1940@DESKTOP-C3ESJLV

[2026-05-06 18:55:47 #47 store] 
Database 'C:\Users\Usuario\git\Market26\src\main\resources\products.temp' is closed by 1940@DESKTOP-C3ESJLV

[2026-05-06 18:55:47 #48 store] 
Database 'C:\Users\Usuario\git\Market26\src\main\resources\products.temp' is opened by 1940@DESKTOP-C3ESJLV

