------------------------------------------------------------------------------------------------------------------------

[2026-05-11 14:19:46 #1 store] 
Database 'C:\Users\Usuario\OneDrive\Escritorio\SI\Market26WebZerbitzuak\src\main\resources\products.temp' is opened by 9412@DESKTOP-C3ESJLV

[2026-05-11 14:19:46 #2 type] 
Type domain.Erabiltzailea is not enhanced.

[2026-05-11 14:19:46 #3 type] 
Type domain.User is not enhanced.

[2026-05-11 14:19:46 #4 type] 
Type domain.BalorazioProfila is not enhanced.

[2026-05-11 14:19:46 #5 type] 
Type domain.Saskia is not enhanced.

[2026-05-11 14:19:46 #6 type] 
Type domain.Eskaera is not enhanced.

[2026-05-11 14:19:46 #7 type] 
Type domain.Oferta is not enhanced.

[2026-05-11 14:19:46 #8 type] 
Type domain.Mugimendua is not enhanced.

[2026-05-11 14:19:46 #9 type] 
Type domain.Erreklamazioa is not enhanced.

[2026-05-11 14:19:46 #10 type] 
Type domain.DiruKontua is not enhanced.

[2026-05-11 14:19:46 #11 type] 
Type domain.Sale is not enhanced.

[2026-05-11 14:19:46 #12 type] 
Type domain.Admin is not enhanced.

[2026-05-11 14:19:46 #13 store] 
Database 'C:\Users\Usuario\OneDrive\Escritorio\SI\Market26WebZerbitzuak\src\main\resources\products.temp' is closed by 9412@DESKTOP-C3ESJLV

[2026-05-11 14:20:13 #14 store] 
Database 'C:\Users\Usuario\OneDrive\Escritorio\SI\Market26WebZerbitzuak\src\main\resources\products.temp' is opened by 9412@DESKTOP-C3ESJLV

[2026-05-11 14:20:13 #15 store] 
Database 'C:\Users\Usuario\OneDrive\Escritorio\SI\Market26WebZerbitzuak\src\main\resources\products.temp' is closed by 9412@DESKTOP-C3ESJLV

[2026-05-11 14:20:13 #16 store] 
Database 'C:\Users\Usuario\OneDrive\Escritorio\SI\Market26WebZerbitzuak\src\main\resources\products.temp' is opened by 9412@DESKTOP-C3ESJLV

[2026-05-11 14:20:13 #17 store] 
Database 'C:\Users\Usuario\OneDrive\Escritorio\SI\Market26WebZerbitzuak\src\main\resources\products.temp' is closed by 9412@DESKTOP-C3ESJLV

[2026-05-11 14:20:31 #18 store] 
Database 'C:\Users\Usuario\OneDrive\Escritorio\SI\Market26WebZerbitzuak\src\main\resources\products.temp' is opened by 9412@DESKTOP-C3ESJLV

[2026-05-11 14:20:31 #19 store] 
Database 'C:\Users\Usuario\OneDrive\Escritorio\SI\Market26WebZerbitzuak\src\main\resources\products.temp' is closed by 9412@DESKTOP-C3ESJLV

[2026-05-11 14:20:31 #20 store] 
Database 'C:\Users\Usuario\OneDrive\Escritorio\SI\Market26WebZerbitzuak\src\main\resources\products.temp' is opened by 9412@DESKTOP-C3ESJLV

[2026-05-11 14:20:31 #21 store] 
Database 'C:\Users\Usuario\OneDrive\Escritorio\SI\Market26WebZerbitzuak\src\main\resources\products.temp' is closed by 9412@DESKTOP-C3ESJLV

[2026-05-11 14:20:38 #22 store] 
Database 'C:\Users\Usuario\OneDrive\Escritorio\SI\Market26WebZerbitzuak\src\main\resources\products.temp' is opened by 9412@DESKTOP-C3ESJLV

[2026-05-11 14:20:38 #23 store] 
Database 'C:\Users\Usuario\OneDrive\Escritorio\SI\Market26WebZerbitzuak\src\main\resources\products.temp' is closed by 9412@DESKTOP-C3ESJLV

[2026-05-11 14:20:40 #24 store] 
Database 'C:\Users\Usuario\OneDrive\Escritorio\SI\Market26WebZerbitzuak\src\main\resources\products.temp' is opened by 9412@DESKTOP-C3ESJLV

[2026-05-11 14:20:40 #25 store] 
Database 'C:\Users\Usuario\OneDrive\Escritorio\SI\Market26WebZerbitzuak\src\main\resources\products.temp' is closed by 9412@DESKTOP-C3ESJLV

[2026-05-11 14:20:40 #26 store] 
Database 'C:\Users\Usuario\OneDrive\Escritorio\SI\Market26WebZerbitzuak\src\main\resources\products.temp' is opened by 9412@DESKTOP-C3ESJLV

[2026-05-11 14:20:41 #27 store] 
Database 'C:\Users\Usuario\OneDrive\Escritorio\SI\Market26WebZerbitzuak\src\main\resources\products.temp' is closed by 9412@DESKTOP-C3ESJLV

[2026-05-11 14:20:42 #28 store] 
Database 'C:\Users\Usuario\OneDrive\Escritorio\SI\Market26WebZerbitzuak\src\main\resources\products.temp' is opened by 9412@DESKTOP-C3ESJLV

[2026-05-11 14:20:42 #29 store] 
Database 'C:\Users\Usuario\OneDrive\Escritorio\SI\Market26WebZerbitzuak\src\main\resources\products.temp' is closed by 9412@DESKTOP-C3ESJLV

[2026-05-11 14:20:42 #30 store] 
Database 'C:\Users\Usuario\OneDrive\Escritorio\SI\Market26WebZerbitzuak\src\main\resources\products.temp' is opened by 9412@DESKTOP-C3ESJLV

[2026-05-11 14:20:42 #31 store] 
Database 'C:\Users\Usuario\OneDrive\Escritorio\SI\Market26WebZerbitzuak\src\main\resources\products.temp' is closed by 9412@DESKTOP-C3ESJLV

[2026-05-11 14:20:45 #32 store] 
Database 'C:\Users\Usuario\OneDrive\Escritorio\SI\Market26WebZerbitzuak\src\main\resources\products.temp' is opened by 9412@DESKTOP-C3ESJLV

[2026-05-11 14:20:45 #33 store] 
Database 'C:\Users\Usuario\OneDrive\Escritorio\SI\Market26WebZerbitzuak\src\main\resources\products.temp' is closed by 9412@DESKTOP-C3ESJLV

[2026-05-11 14:20:45 #34 store] 
Database 'C:\Users\Usuario\OneDrive\Escritorio\SI\Market26WebZerbitzuak\src\main\resources\products.temp' is opened by 9412@DESKTOP-C3ESJLV

[2026-05-11 14:20:45 #35 store] 
Database 'C:\Users\Usuario\OneDrive\Escritorio\SI\Market26WebZerbitzuak\src\main\resources\products.temp' is closed by 9412@DESKTOP-C3ESJLV

[2026-05-11 14:21:03 #36 store] 
Database 'C:\Users\Usuario\OneDrive\Escritorio\SI\Market26WebZerbitzuak\src\main\resources\products.temp' is opened by 9412@DESKTOP-C3ESJLV

[2026-05-11 14:21:03 #37 store] 
Database 'C:\Users\Usuario\OneDrive\Escritorio\SI\Market26WebZerbitzuak\src\main\resources\products.temp' is closed by 9412@DESKTOP-C3ESJLV

[2026-05-11 14:21:03 #38 store] 
Database 'C:\Users\Usuario\OneDrive\Escritorio\SI\Market26WebZerbitzuak\src\main\resources\products.temp' is opened by 9412@DESKTOP-C3ESJLV

[2026-05-11 14:21:03 #39 store] 
Database 'C:\Users\Usuario\OneDrive\Escritorio\SI\Market26WebZerbitzuak\src\main\resources\products.temp' is closed by 9412@DESKTOP-C3ESJLV

[2026-05-11 14:21:12 #40 store] 
Database 'C:\Users\Usuario\OneDrive\Escritorio\SI\Market26WebZerbitzuak\src\main\resources\products.temp' is opened by 9412@DESKTOP-C3ESJLV

[2026-05-11 14:21:12 #41 store] 
Database 'C:\Users\Usuario\OneDrive\Escritorio\SI\Market26WebZerbitzuak\src\main\resources\products.temp' is closed by 9412@DESKTOP-C3ESJLV

[2026-05-11 14:21:15 #42 store] 
Database 'C:\Users\Usuario\OneDrive\Escritorio\SI\Market26WebZerbitzuak\src\main\resources\products.temp' is opened by 9412@DESKTOP-C3ESJLV

[2026-05-11 14:21:15 #43 store] 
Database 'C:\Users\Usuario\OneDrive\Escritorio\SI\Market26WebZerbitzuak\src\main\resources\products.temp' is closed by 9412@DESKTOP-C3ESJLV

[2026-05-11 14:21:15 #44 store] 
Database 'C:\Users\Usuario\OneDrive\Escritorio\SI\Market26WebZerbitzuak\src\main\resources\products.temp' is opened by 9412@DESKTOP-C3ESJLV

[2026-05-11 14:21:15 #45 store] 
Database 'C:\Users\Usuario\OneDrive\Escritorio\SI\Market26WebZerbitzuak\src\main\resources\products.temp' is closed by 9412@DESKTOP-C3ESJLV

[2026-05-11 14:21:24 #46 store] 
Database 'C:\Users\Usuario\OneDrive\Escritorio\SI\Market26WebZerbitzuak\src\main\resources\products.temp' is opened by 9412@DESKTOP-C3ESJLV

[2026-05-11 14:21:24 #47 store] 
Database 'C:\Users\Usuario\OneDrive\Escritorio\SI\Market26WebZerbitzuak\src\main\resources\products.temp' is closed by 9412@DESKTOP-C3ESJLV

[2026-05-11 14:21:36 #48 store] 
Database 'C:\Users\Usuario\OneDrive\Escritorio\SI\Market26WebZerbitzuak\src\main\resources\products.temp' is opened by 9412@DESKTOP-C3ESJLV

[2026-05-11 14:21:36 #49 store] 
Database 'C:\Users\Usuario\OneDrive\Escritorio\SI\Market26WebZerbitzuak\src\main\resources\products.temp' is closed by 9412@DESKTOP-C3ESJLV

[2026-05-11 14:21:41 #50 store] 
Database 'C:\Users\Usuario\OneDrive\Escritorio\SI\Market26WebZerbitzuak\src\main\resources\products.temp' is opened by 9412@DESKTOP-C3ESJLV

[2026-05-11 14:21:41 #51 store] 
Database 'C:\Users\Usuario\OneDrive\Escritorio\SI\Market26WebZerbitzuak\src\main\resources\products.temp' is closed by 9412@DESKTOP-C3ESJLV

[2026-05-11 14:21:51 #52 store] 
Database 'C:\Users\Usuario\OneDrive\Escritorio\SI\Market26WebZerbitzuak\src\main\resources\products.temp' is opened by 9412@DESKTOP-C3ESJLV

[2026-05-11 14:21:51 #53 store] 
Database 'C:\Users\Usuario\OneDrive\Escritorio\SI\Market26WebZerbitzuak\src\main\resources\products.temp' is closed by 9412@DESKTOP-C3ESJLV

[2026-05-11 14:21:58 #54 store] 
Database 'C:\Users\Usuario\OneDrive\Escritorio\SI\Market26WebZerbitzuak\src\main\resources\products.temp' is opened by 9412@DESKTOP-C3ESJLV

[2026-05-11 14:21:58 #55 store] 
Database 'C:\Users\Usuario\OneDrive\Escritorio\SI\Market26WebZerbitzuak\src\main\resources\products.temp' is closed by 9412@DESKTOP-C3ESJLV

[2026-05-11 14:22:04 #56 store] 
Database 'C:\Users\Usuario\OneDrive\Escritorio\SI\Market26WebZerbitzuak\src\main\resources\products.temp' is opened by 9412@DESKTOP-C3ESJLV

[2026-05-11 14:22:04 #57 store] 
Database 'C:\Users\Usuario\OneDrive\Escritorio\SI\Market26WebZerbitzuak\src\main\resources\products.temp' is closed by 9412@DESKTOP-C3ESJLV

[2026-05-11 14:22:10 #58 store] 
Database 'C:\Users\Usuario\OneDrive\Escritorio\SI\Market26WebZerbitzuak\src\main\resources\products.temp' is opened by 9412@DESKTOP-C3ESJLV

[2026-05-11 14:22:10 #59 store] 
Database 'C:\Users\Usuario\OneDrive\Escritorio\SI\Market26WebZerbitzuak\src\main\resources\products.temp' is closed by 9412@DESKTOP-C3ESJLV

[2026-05-11 14:22:15 #60 store] 
Database 'C:\Users\Usuario\OneDrive\Escritorio\SI\Market26WebZerbitzuak\src\main\resources\products.temp' is opened by 9412@DESKTOP-C3ESJLV

[2026-05-11 14:22:15 #61 store] 
Database 'C:\Users\Usuario\OneDrive\Escritorio\SI\Market26WebZerbitzuak\src\main\resources\products.temp' is closed by 9412@DESKTOP-C3ESJLV

[2026-05-11 14:22:17 #62 store] 
Database 'C:\Users\Usuario\OneDrive\Escritorio\SI\Market26WebZerbitzuak\src\main\resources\products.temp' is opened by 9412@DESKTOP-C3ESJLV

[2026-05-11 14:22:17 #63 store] 
Database 'C:\Users\Usuario\OneDrive\Escritorio\SI\Market26WebZerbitzuak\src\main\resources\products.temp' is closed by 9412@DESKTOP-C3ESJLV

[2026-05-11 14:22:17 #64 store] 
Database 'C:\Users\Usuario\OneDrive\Escritorio\SI\Market26WebZerbitzuak\src\main\resources\products.temp' is opened by 9412@DESKTOP-C3ESJLV

[2026-05-11 14:22:17 #65 store] 
Database 'C:\Users\Usuario\OneDrive\Escritorio\SI\Market26WebZerbitzuak\src\main\resources\products.temp' is closed by 9412@DESKTOP-C3ESJLV

[2026-05-11 14:22:25 #66 store] 
Database 'C:\Users\Usuario\OneDrive\Escritorio\SI\Market26WebZerbitzuak\src\main\resources\products.temp' is opened by 9412@DESKTOP-C3ESJLV

[2026-05-11 14:22:25 #67 store] 
Database 'C:\Users\Usuario\OneDrive\Escritorio\SI\Market26WebZerbitzuak\src\main\resources\products.temp' is closed by 9412@DESKTOP-C3ESJLV

[2026-05-11 14:22:26 #68 store] 
Database 'C:\Users\Usuario\OneDrive\Escritorio\SI\Market26WebZerbitzuak\src\main\resources\products.temp' is opened by 9412@DESKTOP-C3ESJLV

[2026-05-11 14:22:26 #69 store] 
Database 'C:\Users\Usuario\OneDrive\Escritorio\SI\Market26WebZerbitzuak\src\main\resources\products.temp' is closed by 9412@DESKTOP-C3ESJLV

